Archive member included because of file (symbol)

C:\Users\Salva\SimplicityStudio\v4_workspace\ARTIK-020-BLE\platform\radio\rail_lib\autogen\librail_release\librail_efr32xg1_gcc_release.a(rail_pti.o)
                              ./pti.o (RAIL_ConfigPti)
C:\Users\Salva\SimplicityStudio\v4_workspace\ARTIK-020-BLE\platform\radio\rail_lib\autogen\librail_release\librail_efr32xg1_gcc_release.a(rail_rf_hal.o)
                              C:\Users\Salva\SimplicityStudio\v4_workspace\ARTIK-020-BLE\platform\radio\rail_lib\autogen\librail_release\librail_efr32xg1_gcc_release.a(rail_pti.o) (RFHAL_ConfigPti)
C:\Users\Salva\SimplicityStudio\v4_workspace\ARTIK-020-BLE\platform\radio\rail_lib\autogen\librail_release\librail_efr32xg1_gcc_release.a(rail_singleprotocol.o)
                              C:\Users\Salva\SimplicityStudio\v4_workspace\ARTIK-020-BLE\platform\radio\rail_lib\autogen\librail_release\librail_efr32xg1_gcc_release.a(rail_rf_hal.o) (RAIL_ActiveHandle)
C:\Users\Salva\SimplicityStudio\v4_workspace\ARTIK-020-BLE\platform\radio\rail_lib\autogen\librail_release\librail_efr32xg1_gcc_release.a(rail_rf.o)
                              C:\Users\Salva\SimplicityStudio\v4_workspace\ARTIK-020-BLE\platform\radio\rail_lib\autogen\librail_release\librail_efr32xg1_gcc_release.a(rail_singleprotocol.o) (RAILCore_Init)
C:\Users\Salva\SimplicityStudio\v4_workspace\ARTIK-020-BLE\platform\radio\rail_lib\autogen\librail_release\librail_efr32xg1_gcc_release.a(rail_rx.o)
                              C:\Users\Salva\SimplicityStudio\v4_workspace\ARTIK-020-BLE\platform\radio\rail_lib\autogen\librail_release\librail_efr32xg1_gcc_release.a(rail_rf_hal.o) (RAILCore_StartRx)
C:\Users\Salva\SimplicityStudio\v4_workspace\ARTIK-020-BLE\platform\radio\rail_lib\autogen\librail_release\librail_efr32xg1_gcc_release.a(rail_tx.o)
                              C:\Users\Salva\SimplicityStudio\v4_workspace\ARTIK-020-BLE\platform\radio\rail_lib\autogen\librail_release\librail_efr32xg1_gcc_release.a(rail_singleprotocol.o) (RAILCore_StartTx)
C:\Users\Salva\SimplicityStudio\v4_workspace\ARTIK-020-BLE\platform\radio\rail_lib\autogen\librail_release\librail_efr32xg1_gcc_release.a(rail_calibration.o)
                              C:\Users\Salva\SimplicityStudio\v4_workspace\ARTIK-020-BLE\platform\radio\rail_lib\autogen\librail_release\librail_efr32xg1_gcc_release.a(rail_rf_hal.o) (RAILInt_PendCal)
C:\Users\Salva\SimplicityStudio\v4_workspace\ARTIK-020-BLE\platform\radio\rail_lib\autogen\librail_release\librail_efr32xg1_gcc_release.a(rail_assert.o)
                              C:\Users\Salva\SimplicityStudio\v4_workspace\ARTIK-020-BLE\platform\radio\rail_lib\autogen\librail_release\librail_efr32xg1_gcc_release.a(rail_rf.o) (RAILInt_Assert)
C:\Users\Salva\SimplicityStudio\v4_workspace\ARTIK-020-BLE\platform\radio\rail_lib\autogen\librail_release\librail_efr32xg1_gcc_release.a(rail_rssi.o)
                              C:\Users\Salva\SimplicityStudio\v4_workspace\ARTIK-020-BLE\platform\radio\rail_lib\autogen\librail_release\librail_efr32xg1_gcc_release.a(rail_singleprotocol.o) (RAILCore_GetRssi)
C:\Users\Salva\SimplicityStudio\v4_workspace\ARTIK-020-BLE\platform\radio\rail_lib\autogen\librail_release\librail_efr32xg1_gcc_release.a(bufc.o)
                              C:\Users\Salva\SimplicityStudio\v4_workspace\ARTIK-020-BLE\platform\radio\rail_lib\autogen\librail_release\librail_efr32xg1_gcc_release.a(rail_rf_hal.o) (BUFC_SetTxBuffer)
C:\Users\Salva\SimplicityStudio\v4_workspace\ARTIK-020-BLE\platform\radio\rail_lib\autogen\librail_release\librail_efr32xg1_gcc_release.a(ir_cal.o)
                              C:\Users\Salva\SimplicityStudio\v4_workspace\ARTIK-020-BLE\platform\radio\rail_lib\autogen\librail_release\librail_efr32xg1_gcc_release.a(rail_rf_hal.o) (IRCAL_Set)
C:\Users\Salva\SimplicityStudio\v4_workspace\ARTIK-020-BLE\platform\radio\rail_lib\autogen\librail_release\librail_efr32xg1_gcc_release.a(pa.o)
                              C:\Users\Salva\SimplicityStudio\v4_workspace\ARTIK-020-BLE\platform\radio\rail_lib\autogen\librail_release\librail_efr32xg1_gcc_release.a(rail_rf_hal.o) (PA_GetTxPowerConfig)
C:\Users\Salva\SimplicityStudio\v4_workspace\ARTIK-020-BLE\platform\radio\rail_lib\autogen\librail_release\librail_efr32xg1_gcc_release.a(protimer.o)
                              C:\Users\Salva\SimplicityStudio\v4_workspace\ARTIK-020-BLE\platform\radio\rail_lib\autogen\librail_release\librail_efr32xg1_gcc_release.a(rail_rf_hal.o) (PROTIMER_Start)
C:\Users\Salva\SimplicityStudio\v4_workspace\ARTIK-020-BLE\platform\radio\rail_lib\autogen\librail_release\librail_efr32xg1_gcc_release.a(pti.o)
                              C:\Users\Salva\SimplicityStudio\v4_workspace\ARTIK-020-BLE\platform\radio\rail_lib\autogen\librail_release\librail_efr32xg1_gcc_release.a(rail_rf_hal.o) (PTI_Config)
C:\Users\Salva\SimplicityStudio\v4_workspace\ARTIK-020-BLE\platform\radio\rail_lib\autogen\librail_release\librail_efr32xg1_gcc_release.a(antenna.o)
[...]
Memory Configuration

Name             Origin             Length             Attributes
FLASH_BOOTLOADER 0x00000000         0x00004000         xr
FLASH            0x00004000         0x0003b000         xr
RAM              0x20000000         0x00007bfc         xrw
*default*        0x00000000         0xffffffff

Linker script and memory map

LOAD c:/siliconlabs/simplicitystudio/v4/developer/toolchains/gnu_arm/4.9_2015q3/bin/../lib/gcc/arm-none-eabi/4.9.3/armv7e-m/softfp/crti.o
LOAD c:/siliconlabs/simplicitystudio/v4/developer/toolchains/gnu_arm/4.9_2015q3/bin/../lib/gcc/arm-none-eabi/4.9.3/armv7e-m/softfp/crtbegin.o
LOAD c:/siliconlabs/simplicitystudio/v4/developer/toolchains/gnu_arm/4.9_2015q3/bin/../lib/gcc/arm-none-eabi/4.9.3/../../../../arm-none-eabi/lib/armv7e-m/softfp/crt0.o
START GROUP
LOAD ./Images/Image_iTC_287_01.o
LOAD ./Images/Image_iTC_287_02.o
LOAD ./Images/Image_iTC_287_03.o
LOAD ./advertisement.o
LOAD ./app.o
LOAD ./application_properties.o
LOAD ./debug_printf.o
LOAD ./gatt_db.o
LOAD ./init_app.o
LOAD ./init_board.o
LOAD ./init_mcu.o
LOAD ./main.o
LOAD ./pti.o
LOAD ./retargetio.o
LOAD ./retargetserial.o
LOAD ./spp.o
LOAD ./hardware/kit/common/bsp/bsp_stk.o
LOAD ./hardware/kit/common/drivers/mx25flash_spi.o
LOAD ./pervasive/EPD_Temperature_IIC.o
LOAD ./pervasive/EPD_interface.o
LOAD ./pervasive/FPL_drivers/Board_HW_Driver.o
LOAD ./pervasive/FPL_drivers/eTC_G1_Size_Aurora_Mb.o
LOAD ./pervasive/FPL_drivers/eTC_G2_Size_Aurora_Ma.o
LOAD ./pervasive/FPL_drivers/eTC_G2_Size_Aurora_Mb.o
LOAD ./pervasive/FPL_drivers/iTC_215_Aurora_Mb.o
LOAD ./pervasive/FPL_drivers/iTC_287_Aurora_Mb.o
LOAD ./pervasive/FPL_drivers/iTC_287_Spectra.o
LOAD ./pervasive/FPL_drivers/iTC_420_Aurora_Mb.o
LOAD ./pervasive/FPL_drivers/iTC_420_Spectra.o
LOAD ./pervasive/FPL_drivers/iTC_Engine.o
LOAD ./platform/Device/SiliconLabs/EFR32BG1B/Source/GCC/startup_efr32bg1b.o
LOAD ./platform/Device/SiliconLabs/EFR32BG1B/Source/system_efr32bg1b.o
LOAD ./platform/emdrv/sleep/src/sleep.o
LOAD ./platform/emdrv/tempdrv/src/tempdrv.o
LOAD ./platform/emlib/src/em_cmu.o
LOAD ./platform/emlib/src/em_core.o
LOAD ./platform/emlib/src/em_cryotimer.o
LOAD ./platform/emlib/src/em_crypto.o
LOAD ./platform/emlib/src/em_emu.o
LOAD ./platform/emlib/src/em_gpio.o
LOAD ./platform/emlib/src/em_i2c.o
LOAD ./platform/emlib/src/em_msc.o
LOAD ./platform/emlib/src/em_rmu.o
LOAD ./platform/emlib/src/em_rtcc.o
LOAD ./platform/emlib/src/em_system.o
LOAD ./platform/emlib/src/em_usart.o
LOAD C:\Users\Salva\SimplicityStudio\v4_workspace\ARTIK-020-BLE\protocol\bluetooth_2.7\lib\EFR32BG1B\GCC\libmbedtls.a
LOAD C:\Users\Salva\SimplicityStudio\v4_workspace\ARTIK-020-BLE\protocol\bluetooth_2.7\lib\EFR32BG1B\GCC\libpsstore.a
LOAD C:\Users\Salva\SimplicityStudio\v4_workspace\ARTIK-020-BLE\platform\radio\rail_lib\autogen\librail_release\librail_efr32xg1_gcc_release.a
LOAD C:\Users\Salva\SimplicityStudio\v4_workspace\ARTIK-020-BLE\protocol\bluetooth_2.7\lib\EFR32BG1B\GCC\binapploader.o
LOAD C:\Users\Salva\SimplicityStudio\v4_workspace\ARTIK-020-BLE\protocol\bluetooth_2.7\lib\EFR32BG1B\GCC\libbluetooth.a
LOAD c:/siliconlabs/simplicitystudio/v4/developer/toolchains/gnu_arm/4.9_2015q3/bin/../lib/gcc/arm-none-eabi/4.9.3/../../../../arm-none-eabi/lib/armv7e-m/softfp\libm.a
END GROUP
START GROUP
LOAD c:/siliconlabs/simplicitystudio/v4/developer/toolchains/gnu_arm/4.9_2015q3/bin/../lib/gcc/arm-none-eabi/4.9.3/armv7e-m/softfp\libgcc.a
LOAD c:/siliconlabs/simplicitystudio/v4/developer/toolchains/gnu_arm/4.9_2015q3/bin/../lib/gcc/arm-none-eabi/4.9.3/../../../../arm-none-eabi/lib/armv7e-m/softfp\libc_nano.a
LOAD c:/siliconlabs/simplicitystudio/v4/developer/toolchains/gnu_arm/4.9_2015q3/bin/../lib/gcc/arm-none-eabi/4.9.3/../../../../arm-none-eabi/lib/armv7e-m/softfp\libnosys.a
END GROUP
START GROUP
LOAD c:/siliconlabs/simplicitystudio/v4/developer/toolchains/gnu_arm/4.9_2015q3/bin/../lib/gcc/arm-none-eabi/4.9.3/armv7e-m/softfp\libgcc.a
LOAD c:/siliconlabs/simplicitystudio/v4/developer/toolchains/gnu_arm/4.9_2015q3/bin/../lib/gcc/arm-none-eabi/4.9.3/../../../../arm-none-eabi/lib/armv7e-m/softfp\libg_nano.a
LOAD c:/siliconlabs/simplicitystudio/v4/developer/toolchains/gnu_arm/4.9_2015q3/bin/../lib/gcc/arm-none-eabi/4.9.3/../../../../arm-none-eabi/lib/armv7e-m/softfp\libc_nano.a
END GROUP
START GROUP
LOAD c:/siliconlabs/simplicitystudio/v4/developer/toolchains/gnu_arm/4.9_2015q3/bin/../lib/gcc/arm-none-eabi/4.9.3/armv7e-m/softfp\libgcc.a
LOAD c:/siliconlabs/simplicitystudio/v4/developer/toolchains/gnu_arm/4.9_2015q3/bin/../lib/gcc/arm-none-eabi/4.9.3/../../../../arm-none-eabi/lib/armv7e-m/softfp\libc_nano.a
END GROUP
LOAD c:/siliconlabs/simplicitystudio/v4/developer/toolchains/gnu_arm/4.9_2015q3/bin/../lib/gcc/arm-none-eabi/4.9.3/armv7e-m/softfp/crtend.o
LOAD c:/siliconlabs/simplicitystudio/v4/developer/toolchains/gnu_arm/4.9_2015q3/bin/../lib/gcc/arm-none-eabi/4.9.3/armv7e-m/softfp/crtn.o

.text_bootloader
                0x00000000        0x0
 *(.binbootloader*)
                0x00000000                . = ALIGN (0x4000)

.text_apploader
                0x00004000     0x8fc0
 *(.binapploader*)
 .binapploader  0x00004000     0x8fc0 C:\Users\Salva\SimplicityStudio\v4_workspace\ARTIK-020-BLE\protocol\bluetooth_2.7\lib\EFR32BG1B\GCC\binapploader.o

.text_signature
                0x0000cfc0       0x40
                0x0000d000                . = ALIGN (0x800)
 *fill*         0x0000cfc0       0x40 
                0x0000d000                __text_start__ = .

.text_application
                0x0000d000    0x22350
 *(.vectors)
 .vectors       0x0000d000       0xc8 ./platform/Device/SiliconLabs/EFR32BG1B/Source/GCC/startup_efr32bg1b.o
                0x0000d000                __Vectors
                0x0000d0c8                __Vectors_End = .
                0x000000c8                __Vectors_Size = (__Vectors_End - __Vectors)
                0x0000d0c8                __end__ = .
 *(.application_properties)
 .application_properties
                0x0000d0c8       0x38 ./application_properties.o
                0x0000d0c8                applicationProperties
 *(.gecko_configuration)
 *(.xo_configuration)
 *(.gatt_header)
 .gatt_header   0x0000d100       0x34 ./gatt_db.o
                0x0000d100                bg_gattdb_data
 *(.gatt_data)
 .gatt_data     0x0000d134      0x1e2 ./gatt_db.o
                0x0000d134                bg_gattdb_data_adv_uuid128_map
                0x0000d138                bg_gattdb_data_adv_uuid16_map
                0x0000d13c                bg_gattdb_data_attributes_dynamic_mapping_map
                0x0000d144                bg_gattdb_data_attributes_map
                0x0000d234                bg_gattdb_data_attribute_field_0
                0x0000d238                bg_gattdb_data_attribute_field_1
                0x0000d240                bg_gattdb_data_attribute_field_2
                0x0000d248                bg_gattdb_data_attribute_field_4
                0x0000d24c                bg_gattdb_data_attribute_field_5
                0x0000d254                bg_gattdb_data_attribute_field_6
                0x0000d25c                bg_gattdb_data_attribute_field_7
                0x0000d264                bg_gattdb_data_attribute_field_8
                0x0000d268                bg_gattdb_data_attribute_field_9
                0x0000d26c                bg_gattdb_data_attribute_field_10
                0x0000d274                bg_gattdb_data_attribute_field_11
                0x0000d284                bg_gattdb_data_attribute_field_12
                0x0000d28c                bg_gattdb_data_attribute_field_13
                0x0000d298                bg_gattdb_data_attribute_field_14
                0x0000d2a0                bg_gattdb_data_attribute_field_15
                0x0000d2a8                bg_gattdb_data_attribute_field_16
                0x0000d2bc                bg_gattdb_data_attribute_field_17
                0x0000d2d4                bg_gattdb_data_attribute_field_18
                0x0000d2dc                bg_gattdb_data_uuidtable_128_map
                0x0000d2fc                bg_gattdb_data_uuidtable_16_map
 *(.text*)
 *fill*         0x0000d316        0x2 
 .text          0x0000d318       0x5c c:/siliconlabs/simplicitystudio/v4/developer/toolchains/gnu_arm/4.9_2015q3/bin/../lib/gcc/arm-none-eabi/4.9.3/armv7e-m/softfp/crtbegin.o
 .text          0x0000d374       0x74 c:/siliconlabs/simplicitystudio/v4/developer/toolchains/gnu_arm/4.9_2015q3/bin/../lib/gcc/arm-none-eabi/4.9.3/../../../../arm-none-eabi/lib/armv7e-m/softfp/crt0.o
                0x0000d374                _start
                0x0000d374                _mainCRTStartup
 .text.advParameters
                0x0000d3e8       0x58 ./advertisement.o
                0x0000d3e8                advParameters
 .text.setDiscoverableMode
                0x0000d440       0x34 ./advertisement.o
                0x0000d440                setDiscoverableMode
 .text.setUnDiscoverableMode
                0x0000d474       0x34 ./advertisement.o
                0x0000d474                setUnDiscoverableMode
 .text.appInit  0x0000d4a8       0xb0 ./app.o
                0x0000d4a8                appInit
 .text.pintaPantalla
                0x0000d558       0x6c ./app.o
                0x0000d558                pintaPantalla
 .text.appHandleEvents
                0x0000d5c4      0x1f4 ./app.o
                0x0000d5c4                appHandleEvents
 .text.initApp  0x0000d7b8       0x24 ./init_app.o
                0x0000d7b8                initApp
 .text.initBoard
                0x0000d7dc       0x48 ./init_board.o
                0x0000d7dc                initBoard
 .text.initMcu  0x0000d824      0x15c ./init_mcu.o
                0x0000d824                initMcu
 .text.startup.main
                0x0000d980       0x84 ./main.o
                0x0000d980                main
 .text.configEnablePti
                0x0000da04       0x30 ./pti.o
                0x0000da04                configEnablePti
 .text._close   0x0000da34        0x4 ./retargetio.o
                0x0000da34                _close
 .text._exit    0x0000da38        0x4 ./retargetio.o
                0x0000da38                _exit
 .text._fstat   0x0000da3c        0xc ./retargetio.o
                0x0000da3c                _fstat
 .text._isatty  0x0000da48        0x4 ./retargetio.o
                0x0000da48                _isatty
 .text._lseek   0x0000da4c        0x4 ./retargetio.o
                0x0000da4c                _lseek
 .text._read    0x0000da50       0x30 ./retargetio.o
                0x0000da50                _read
 .text._sbrk    0x0000da80       0x1c ./retargetio.o
                0x0000da80                _sbrk
 .text._write   0x0000da9c       0x1c ./retargetio.o
                0x0000da9c                _write
 .text.USART0_RX_IRQHandler
                0x0000dab8       0x58 ./retargetserial.o
                0x0000dab8                USART0_RX_IRQHandler
 .text.RETARGET_SerialInit
                0x0000db10       0xc8 ./retargetserial.o
                0x0000db10                RETARGET_SerialInit
 .text.RETARGET_ReadChar
                0x0000dbd8       0x58 ./retargetserial.o
                0x0000dbd8                RETARGET_ReadChar
 .text.RETARGET_WriteChar
                0x0000dc30       0x58 ./retargetserial.o
                0x0000dc30                RETARGET_WriteChar
 .text.spp_init
                0x0000dc88        0xc ./spp.o
                0x0000dc88                spp_init
 .text.reset_variables
                0x0000dc94       0x1c ./spp.o
                0x0000dc94                reset_variables
 .text.copy_Image
                0x0000dcb0       0x4c ./spp.o
                0x0000dcb0                copy_Image
 .text.MX25_init
                0x0000dcfc       0xa4 ./hardware/kit/common/drivers/mx25flash_spi.o
                0x0000dcfc                MX25_init
 .text.MX25_DP  0x0000dda0       0x5c ./hardware/kit/common/drivers/mx25flash_spi.o
                0x0000dda0                MX25_DP
 .text.EPD_display_init
                0x0000ddfc       0x1c ./pervasive/EPD_interface.o
                0x0000ddfc                EPD_display_init
 .text.Set_AssignEPD_Drive
                0x0000de18       0x74 ./pervasive/EPD_interface.o
                0x0000de18                Set_AssignEPD_Drive
 .text.EPD_display_GU_from_pointer
                0x0000de8c       0xc0 ./pervasive/EPD_interface.o
                0x0000de8c                EPD_display_GU_from_pointer
 .text.Config_Busy_Pin
                0x0000df4c        0xc ./pervasive/FPL_drivers/Board_HW_Driver.o
                0x0000df4c                Config_Busy_Pin
 .text.EPD_IsBusy
                0x0000df58       0x10 ./pervasive/FPL_drivers/Board_HW_Driver.o
                0x0000df58                EPD_IsBusy
 .text.Config_EPD_cs_Pin
                0x0000df68        0xc ./pervasive/FPL_drivers/Board_HW_Driver.o
                0x0000df68                Config_EPD_cs_Pin
 .text.EPD_cs_high
                0x0000df74       0x10 ./pervasive/FPL_drivers/Board_HW_Driver.o
                0x0000df74                EPD_cs_high
 .text.EPD_cs_low
                0x0000df84       0x10 ./pervasive/FPL_drivers/Board_HW_Driver.o
                0x0000df84                EPD_cs_low
 .text.Config_EPD_flash_cs_Pin
                0x0000df94        0xc ./pervasive/FPL_drivers/Board_HW_Driver.o
                0x0000df94                Config_EPD_flash_cs_Pin
 .text.EPD_flash_cs_high
                0x0000dfa0        0xc ./pervasive/FPL_drivers/Board_HW_Driver.o
                0x0000dfa0                EPD_flash_cs_high
 .text.Config_EPD_rst_Pin
                0x0000dfac        0xc ./pervasive/FPL_drivers/Board_HW_Driver.o
                0x0000dfac                Config_EPD_rst_Pin
 .text.EPD_rst_high
                0x0000dfb8        0xc ./pervasive/FPL_drivers/Board_HW_Driver.o
                0x0000dfb8                EPD_rst_high
 .text.EPD_rst_low
                0x0000dfc4        0xc ./pervasive/FPL_drivers/Board_HW_Driver.o
                0x0000dfc4                EPD_rst_low
 .text.Config_EPD_discharge_Pin
                0x0000dfd0        0xc ./pervasive/FPL_drivers/Board_HW_Driver.o
                0x0000dfd0                Config_EPD_discharge_Pin
 .text.EPD_discharge_high
                0x0000dfdc        0xc ./pervasive/FPL_drivers/Board_HW_Driver.o
                0x0000dfdc                EPD_discharge_high
 .text.EPD_discharge_low
                0x0000dfe8        0xc ./pervasive/FPL_drivers/Board_HW_Driver.o
                0x0000dfe8                EPD_discharge_low
 .text.Config_EPD_panelon_Pin
                0x0000dff4        0xc ./pervasive/FPL_drivers/Board_HW_Driver.o
                0x0000dff4                Config_EPD_panelon_Pin
 .text.EPD_Vcc_turn_on
                0x0000e000       0x10 ./pervasive/FPL_drivers/Board_HW_Driver.o
                0x0000e000                EPD_Vcc_turn_on
 .text.EPD_Vcc_turn_off
                0x0000e010       0x10 ./pervasive/FPL_drivers/Board_HW_Driver.o
                0x0000e010                EPD_Vcc_turn_off
 .text.Config_EPD_DC_Pin
                0x0000e020        0xc ./pervasive/FPL_drivers/Board_HW_Driver.o
                0x0000e020                Config_EPD_DC_Pin
 .text.EPD_DC_high
                0x0000e02c        0xc ./pervasive/FPL_drivers/Board_HW_Driver.o
                0x0000e02c                EPD_DC_high
 .text.EPD_DC_low
                0x0000e038        0xc ./pervasive/FPL_drivers/Board_HW_Driver.o
                0x0000e038                EPD_DC_low
 .text.Config_EPD_DB1_Pin
                0x0000e044        0xc ./pervasive/FPL_drivers/Board_HW_Driver.o
                0x0000e044                Config_EPD_DB1_Pin
 .text.Config_EPD_DB2_Pin
                0x0000e050        0x4 ./pervasive/FPL_drivers/Board_HW_Driver.o
                0x0000e050                Config_EPD_DB2_Pin
 .text.Systick_Configuration
                0x0000e054       0x54 ./pervasive/FPL_drivers/Board_HW_Driver.o
                0x0000e054                Systick_Configuration
 .text.SysTick_Handler
                0x0000e0a8       0x10 ./pervasive/FPL_drivers/Board_HW_Driver.o
                0x0000e0a8                SysTick_Handler
 .text.systick_Stop
                0x0000e0b8       0x10 ./pervasive/FPL_drivers/Board_HW_Driver.o
                0x0000e0b8                systick_Stop
 .text.systick_Start
                0x0000e0c8        0x4 ./pervasive/FPL_drivers/Board_HW_Driver.o
                0x0000e0c8                systick_Start
 .text.start_EPD_timer
                0x0000e0cc       0x14 ./pervasive/FPL_drivers/Board_HW_Driver.o
                0x0000e0cc                start_EPD_timer
 .text.stop_EPD_timer
                0x0000e0e0        0x4 ./pervasive/FPL_drivers/Board_HW_Driver.o
                0x0000e0e0                stop_EPD_timer
 .text.get_EPD_time_tick
                0x0000e0e4       0x14 ./pervasive/FPL_drivers/Board_HW_Driver.o
                0x0000e0e4                get_EPD_time_tick
 .text.EPD_delay_ms
                0x0000e0f8       0x24 ./pervasive/FPL_drivers/Board_HW_Driver.o
                0x0000e0f8                EPD_delay_ms
 .text.epd_spi_init
                0x0000e11c       0x94 ./pervasive/FPL_drivers/Board_HW_Driver.o
                0x0000e11c                epd_spi_init
 .text.EPD_spi_attach
                0x0000e1b0       0x34 ./pervasive/FPL_drivers/Board_HW_Driver.o
                0x0000e1b0                EPD_spi_attach
 .text.EPD_spi_detach
                0x0000e1e4       0x54 ./pervasive/FPL_drivers/Board_HW_Driver.o
                0x0000e1e4                EPD_spi_detach
 .text.iTC_spi_sendReg
                0x0000e238       0x38 ./pervasive/FPL_drivers/Board_HW_Driver.o
                0x0000e238                iTC_spi_sendReg
 .text.iTC_spi_sendRegData
                0x0000e270       0x18 ./pervasive/FPL_drivers/Board_HW_Driver.o
                0x0000e270                iTC_spi_sendRegData
 .text.iTC_spi_send
                0x0000e288       0x64 ./pervasive/FPL_drivers/Board_HW_Driver.o
                0x0000e288                iTC_spi_send
 .text.EPD_initialize_gpio
                0x0000e2ec       0x84 ./pervasive/FPL_drivers/Board_HW_Driver.o
                0x0000e2ec                EPD_initialize_gpio
 .text.EPD_display_hardware_init
                0x0000e370       0x28 ./pervasive/FPL_drivers/Board_HW_Driver.o
                0x0000e370                EPD_display_hardware_init
 .text.iTC_287Mb_IO_Config
                0x0000e398        0x4 ./pervasive/FPL_drivers/iTC_287_Aurora_Mb.o
                0x0000e398                iTC_287Mb_IO_Config
 .text.iTC_287Mb_power_on
                0x0000e39c       0x18 ./pervasive/FPL_drivers/iTC_287_Aurora_Mb.o
                0x0000e39c                iTC_287Mb_power_on
 .text.iTC_287Mb_initialize_driver
                0x0000e3b4        0x4 ./pervasive/FPL_drivers/iTC_287_Aurora_Mb.o
                0x0000e3b4                iTC_287Mb_initialize_driver
 .text.iTC_287Mb_Display_from_Ram
                0x0000e3b8        0x4 ./pervasive/FPL_drivers/iTC_287_Aurora_Mb.o
                0x0000e3b8                iTC_287Mb_Display_from_Ram
 .text.iTC_287Mb_Display_from_flash
                0x0000e3bc        0x4 ./pervasive/FPL_drivers/iTC_287_Aurora_Mb.o
                0x0000e3bc                iTC_287Mb_Display_from_flash
 .text.iTC_287Mb_Display_PU_from_Ram
                0x0000e3c0        0x4 ./pervasive/FPL_drivers/iTC_287_Aurora_Mb.o
                0x0000e3c0                iTC_287Mb_Display_PU_from_Ram
 .text.iTC_287Mb_Display_PU_From_Flash
                0x0000e3c4        0x4 ./pervasive/FPL_drivers/iTC_287_Aurora_Mb.o
                0x0000e3c4                iTC_287Mb_Display_PU_From_Flash
 .text.iTC_287Mb_power_off
                0x0000e3c8        0x4 ./pervasive/FPL_drivers/iTC_287_Aurora_Mb.o
                0x0000e3c8                iTC_287Mb_power_off
 .text.iTC_ReadLineData_PU_Handle
                0x0000e3cc      0x12c ./pervasive/FPL_drivers/iTC_Engine.o
                0x0000e3cc                iTC_ReadLineData_PU_Handle
 .text.iTC_ReadLineData_Handle
                0x0000e4f8       0xd0 ./pervasive/FPL_drivers/iTC_Engine.o
                0x0000e4f8                iTC_ReadLineData_Handle
 .text.readLUTData
                0x0000e5c8       0x40 ./pervasive/FPL_drivers/iTC_Engine.o
                0x0000e5c8                readLUTData
 .text.decod_cmd
                0x0000e608      0x594 ./pervasive/FPL_drivers/iTC_Engine.o
                0x0000e608                decod_cmd
 .text.RunEngine.part.2
                0x0000eb9c       0x18 ./pervasive/FPL_drivers/iTC_Engine.o
 .text.iTC_Display_PU_from_Ram
                0x0000ebb4       0x60 ./pervasive/FPL_drivers/iTC_Engine.o
                0x0000ebb4                iTC_Display_PU_from_Ram
 .text.iTC_Display_PU_From_Flash
                0x0000ec14       0x74 ./pervasive/FPL_drivers/iTC_Engine.o
                0x0000ec14                iTC_Display_PU_From_Flash
 .text.iTC_IO_Config
                0x0000ec88       0x44 ./pervasive/FPL_drivers/iTC_Engine.o
                0x0000ec88                iTC_IO_Config
 .text.iTC_power_on
                0x0000eccc       0x8c ./pervasive/FPL_drivers/iTC_Engine.o
                0x0000eccc                iTC_power_on
 .text.iTC_initialize_driver
                0x0000ed58       0x78 ./pervasive/FPL_drivers/iTC_Engine.o
                0x0000ed58                iTC_initialize_driver
 .text.iTC_Display_from_Ram
                0x0000edd0       0x68 ./pervasive/FPL_drivers/iTC_Engine.o
                0x0000edd0                iTC_Display_from_Ram
 .text.iTC_Display_from_flash
                0x0000ee38       0x78 ./pervasive/FPL_drivers/iTC_Engine.o
                0x0000ee38                iTC_Display_from_flash
 .text.iTC_power_off
                0x0000eeb0       0x44 ./pervasive/FPL_drivers/iTC_Engine.o
                0x0000eeb0                iTC_power_off
 .text.Default_Handler
                0x0000eef4        0x4 ./platform/Device/SiliconLabs/EFR32BG1B/Source/GCC/startup_efr32bg1b.o
                0x0000eef4                DebugMon_Handler
                0x0000eef4                USART0_TX_IRQHandler
                0x0000eef4                I2C0_IRQHandler
                0x0000eef4                HardFault_Handler
                0x0000eef4                USART1_RX_IRQHandler
                0x0000eef4                PendSV_Handler
                0x0000eef4                NMI_Handler
                0x0000eef4                WDOG0_IRQHandler
                0x0000eef4                USART1_TX_IRQHandler
                0x0000eef4                MSC_IRQHandler
                0x0000eef4                ADC0_IRQHandler
                0x0000eef4                UsageFault_Handler
                0x0000eef4                LEUART0_IRQHandler
                0x0000eef4                FPUEH_IRQHandler
                0x0000eef4                GPIO_EVEN_IRQHandler
                0x0000eef4                LDMA_IRQHandler
                0x0000eef4                TIMER0_IRQHandler
                0x0000eef4                LETIMER0_IRQHandler
                0x0000eef4                TIMER1_IRQHandler
                0x0000eef4                Default_Handler
                0x0000eef4                CRYOTIMER_IRQHandler
                0x0000eef4                PCNT0_IRQHandler
                0x0000eef4                ACMP0_IRQHandler
                0x0000eef4                MemManage_Handler
                0x0000eef4                SVC_Handler
                0x0000eef4                RTCC_IRQHandler
                0x0000eef4                CRYPTO_IRQHandler
                0x0000eef4                CMU_IRQHandler
                0x0000eef4                GPIO_ODD_IRQHandler
                0x0000eef4                BusFault_Handler
                0x0000eef4                IDAC0_IRQHandler
 .text.Reset_Handler
                0x0000eef8       0x38 ./platform/Device/SiliconLabs/EFR32BG1B/Source/GCC/startup_efr32bg1b.o
                0x0000eef8                Reset_Handler
 .text.SystemMaxCoreClockGet
                0x0000ef30        0x8 ./platform/Device/SiliconLabs/EFR32BG1B/Source/system_efr32bg1b.o
                0x0000ef30                SystemMaxCoreClockGet
 .text.SystemHFClockGet
                0x0000ef38       0x50 ./platform/Device/SiliconLabs/EFR32BG1B/Source/system_efr32bg1b.o
                0x0000ef38                SystemHFClockGet
 .text.SystemCoreClockGet
                0x0000ef88       0x24 ./platform/Device/SiliconLabs/EFR32BG1B/Source/system_efr32bg1b.o
                0x0000ef88                SystemCoreClockGet
 .text.SystemHFXOClockGet
                0x0000efac        0xc ./platform/Device/SiliconLabs/EFR32BG1B/Source/system_efr32bg1b.o
                0x0000efac                SystemHFXOClockGet
 .text.SystemHFXOClockSet
                0x0000efb8       0x20 ./platform/Device/SiliconLabs/EFR32BG1B/Source/system_efr32bg1b.o
                0x0000efb8                SystemHFXOClockSet
 .text.SystemInit
                0x0000efd8       0x4c ./platform/Device/SiliconLabs/EFR32BG1B/Source/system_efr32bg1b.o
                0x0000efd8                SystemInit
 .text.SystemLFRCOClockGet
                0x0000f024        0x8 ./platform/Device/SiliconLabs/EFR32BG1B/Source/system_efr32bg1b.o
                0x0000f024                SystemLFRCOClockGet
 .text.SystemULFRCOClockGet
                0x0000f02c        0x8 ./platform/Device/SiliconLabs/EFR32BG1B/Source/system_efr32bg1b.o
                0x0000f02c                SystemULFRCOClockGet
 .text.SystemLFXOClockGet
                0x0000f034        0xc ./platform/Device/SiliconLabs/EFR32BG1B/Source/system_efr32bg1b.o
                0x0000f034                SystemLFXOClockGet
 .text.SystemLFXOClockSet
                0x0000f040       0x20 ./platform/Device/SiliconLabs/EFR32BG1B/Source/system_efr32bg1b.o
                0x0000f040                SystemLFXOClockSet
 .text.sleepCallbackWrapper
                0x0000f060       0x14 ./platform/emdrv/sleep/src/sleep.o
 .text.enterEMx
                0x0000f074       0x70 ./platform/emdrv/sleep/src/sleep.o
 .text.SLEEP_Init
                0x0000f0e4       0x44 ./platform/emdrv/sleep/src/sleep.o
                0x0000f0e4                SLEEP_Init
 .text.SLEEP_Sleep
                0x0000f128       0x70 ./platform/emdrv/sleep/src/sleep.o
                0x0000f128                SLEEP_Sleep
 .text.SLEEP_SleepBlockBegin
                0x0000f198       0x28 ./platform/emdrv/sleep/src/sleep.o
                0x0000f198                SLEEP_SleepBlockBegin
 .text.SLEEP_SleepBlockEnd
                0x0000f1c0       0x2c ./platform/emdrv/sleep/src/sleep.o
                0x0000f1c0                SLEEP_SleepBlockEnd
 .text.SLEEP_LowestEnergyModeGet
                0x0000f1ec       0x1c ./platform/emdrv/sleep/src/sleep.o
                0x0000f1ec                SLEEP_LowestEnergyModeGet
 .text.updateInterrupts
                0x0000f208       0xe0 ./platform/emdrv/tempdrv/src/tempdrv.o
 .text.errataStateUpdate
                0x0000f2e8       0xbc ./platform/emdrv/tempdrv/src/tempdrv.o
 .text.errataCallback
                0x0000f3a4        0x4 ./platform/emdrv/tempdrv/src/tempdrv.o
 .text.TEMPDRV_IRQHandler
                0x0000f3a8       0xd4 ./platform/emdrv/tempdrv/src/tempdrv.o
                0x0000f3a8                TEMPDRV_IRQHandler
 .text.EMU_IRQHandler
                0x0000f47c        0x4 ./platform/emdrv/tempdrv/src/tempdrv.o
                0x0000f47c                EMU_IRQHandler
 .text.TEMPDRV_Init
                0x0000f480      0x14c ./platform/emdrv/tempdrv/src/tempdrv.o
                0x0000f480                TEMPDRV_Init
 .text.flashWaitStateControl.isra.0
                0x0000f5cc       0x48 ./platform/emlib/src/em_cmu.o
 .text.CMU_OscillatorTuningSet.part.3
                0x0000f614       0x3c ./platform/emlib/src/em_cmu.o
 .text.CMU_ClockEnable
                0x0000f650       0x8c ./platform/emlib/src/em_cmu.o
                0x0000f650                CMU_ClockEnable
 .text.CMU_ClockPrescGet
                0x0000f6dc       0x94 ./platform/emlib/src/em_cmu.o
                0x0000f6dc                CMU_ClockPrescGet
 .text.CMU_ClockSelectGet
                0x0000f770       0xc4 ./platform/emlib/src/em_cmu.o
                0x0000f770                CMU_ClockSelectGet
 .text.lfClkGet
                0x0000f834       0x94 ./platform/emlib/src/em_cmu.o
 .text.CMU_ClockFreqGet
                0x0000f8c8      0x160 ./platform/emlib/src/em_cmu.o
                0x0000f8c8                CMU_ClockFreqGet
 .text.CMU_HFXOAutostartEnable
                0x0000fa28       0x74 ./platform/emlib/src/em_cmu.o
                0x0000fa28                CMU_HFXOAutostartEnable
 .text.CMU_OscillatorTuningWait
                0x0000fa9c       0x5c ./platform/emlib/src/em_cmu.o
                0x0000fa9c                CMU_OscillatorTuningWait
 .text.CMU_OscillatorEnable
                0x0000faf8      0x110 ./platform/emlib/src/em_cmu.o
                0x0000faf8                CMU_OscillatorEnable
 .text.CMU_ClockSelectSet
                0x0000fc08      0x200 ./platform/emlib/src/em_cmu.o
                0x0000fc08                CMU_ClockSelectSet
 .text.CMU_HFXOInit
                0x0000fe08       0x88 ./platform/emlib/src/em_cmu.o
                0x0000fe08                CMU_HFXOInit
 .text.CMU_LFXOInit
                0x0000fe90       0x40 ./platform/emlib/src/em_cmu.o
                0x0000fe90                CMU_LFXOInit
 .text.CORE_EnterCritical
                0x0000fed0        0x8 ./platform/emlib/src/em_core.o
                0x0000fed0                CORE_EnterCritical
 .text.CORE_ExitCritical
                0x0000fed8        0x8 ./platform/emlib/src/em_core.o
                0x0000fed8                CORE_ExitCritical
 .text.CORE_EnterAtomic
                0x0000fee0        0x8 ./platform/emlib/src/em_core.o
                0x0000fee0                CORE_EnterAtomic
 .text.CORE_ExitAtomic
                0x0000fee8        0x8 ./platform/emlib/src/em_core.o
                0x0000fee8                CORE_ExitAtomic
 .text.CORE_SetNvicRamTableHandler
                0x0000fef0       0x10 ./platform/emlib/src/em_core.o
                0x0000fef0                CORE_SetNvicRamTableHandler
 .text.CORE_InitNvicVectorTable
                0x0000ff00       0x48 ./platform/emlib/src/em_core.o
                0x0000ff00                CORE_InitNvicVectorTable
 .text.CRYPTO_ModulusSet
                0x0000ff48       0x38 ./platform/emlib/src/em_crypto.o
                0x0000ff48                CRYPTO_ModulusSet
 .text.CRYPTO_KeyRead
                0x0000ff80       0x2c ./platform/emlib/src/em_crypto.o
                0x0000ff80                CRYPTO_KeyRead
 .text.currentLimitersUpdate
                0x0000ffac       0x74 ./platform/emlib/src/em_emu.o
 .text.dcdcHsFixLnBlock.part.0
                0x00010020       0x30 ./platform/emlib/src/em_emu.o
 .text.dcdcFetCntSet.part.1
                0x00010050       0x20 ./platform/emlib/src/em_emu.o
 .text.emState.part.2
                0x00010070       0x24 ./platform/emlib/src/em_emu.o
 .text.emState  0x00010094       0x60 ./platform/emlib/src/em_emu.o
 .text.EMU_EnterEM2
                0x000100f4       0x5c ./platform/emlib/src/em_emu.o
                0x000100f4                EMU_EnterEM2
 .text.EMU_EnterEM3
                0x00010150       0x80 ./platform/emlib/src/em_emu.o
                0x00010150                EMU_EnterEM3
 .text.EMU_Save
                0x000101d0        0x4 ./platform/emlib/src/em_emu.o
                0x000101d0                EMU_Save
 .text.EMU_Restore
                0x000101d4        0x8 ./platform/emlib/src/em_emu.o
                0x000101d4                EMU_Restore
 .text.EMU_DCDCModeSet
                0x000101dc       0x64 ./platform/emlib/src/em_emu.o
                0x000101dc                EMU_DCDCModeSet
 .text.EMU_EnterEM4
                0x00010240       0x98 ./platform/emlib/src/em_emu.o
                0x00010240                EMU_EnterEM4
 .text.EMU_DCDCOutputVoltageSet
                0x000102d8      0x1d0 ./platform/emlib/src/em_emu.o
                0x000102d8                EMU_DCDCOutputVoltageSet
 .text.EMU_DCDCOptimizeSlice
                0x000104a8       0x94 ./platform/emlib/src/em_emu.o
                0x000104a8                EMU_DCDCOptimizeSlice
 .text.EMU_DCDCLnRcoBandSet
                0x0001053c       0x24 ./platform/emlib/src/em_emu.o
                0x0001053c                EMU_DCDCLnRcoBandSet
 .text.EMU_DCDCInit
                0x00010560      0x18c ./platform/emlib/src/em_emu.o
                0x00010560                EMU_DCDCInit
 .text.EMU_SetBiasMode
                0x000106ec       0x84 ./platform/emlib/src/em_emu.o
                0x000106ec                EMU_SetBiasMode
 .text.GPIO_PinModeSet
                0x00010770       0x84 ./platform/emlib/src/em_gpio.o
                0x00010770                GPIO_PinModeSet
 .text.MSC_Init
                0x000107f4       0x18 ./platform/emlib/src/em_msc.o
                0x000107f4                MSC_Init
 .text.MSC_Deinit
                0x0001080c       0x14 ./platform/emlib/src/em_msc.o
                0x0001080c                MSC_Deinit
 .text.RMU_ResetCauseClear
                0x00010820        0xc ./platform/emlib/src/em_rmu.o
                0x00010820                RMU_ResetCauseClear
 .text.RMU_ResetCauseGet
                0x0001082c       0x7c ./platform/emlib/src/em_rmu.o
                0x0001082c                RMU_ResetCauseGet
 .text.RTCC_ChannelInit
                0x000108a8       0x3c ./platform/emlib/src/em_rtcc.o
                0x000108a8                RTCC_ChannelInit
 .text.RTCC_Init
                0x000108e4       0x6c ./platform/emlib/src/em_rtcc.o
                0x000108e4                RTCC_Init
 .text.SYSTEM_ChipRevisionGet
                0x00010950       0x34 ./platform/emlib/src/em_system.o
                0x00010950                SYSTEM_ChipRevisionGet
 .text.USART_BaudrateAsyncSet
                0x00010984       0x68 ./platform/emlib/src/em_usart.o
                0x00010984                USART_BaudrateAsyncSet
 .text.USART_BaudrateSyncSet
                0x000109ec       0x24 ./platform/emlib/src/em_usart.o
                0x000109ec                USART_BaudrateSyncSet
 .text.USART_Enable
                0x00010a10       0x10 ./platform/emlib/src/em_usart.o
                0x00010a10                USART_Enable
 .text.USART_InitAsync
                0x00010a20       0xb0 ./platform/emlib/src/em_usart.o
                0x00010a20                USART_InitAsync
 .text.USART_InitSync
                0x00010ad0       0xc8 ./platform/emlib/src/em_usart.o
                0x00010ad0                USART_InitSync
 .text.USART_Reset
                0x00010b98       0x4c ./platform/emlib/src/em_usart.o
                0x00010b98                USART_Reset
 .text.USART_Rx
                0x00010be4        0xc ./platform/emlib/src/em_usart.o
                0x00010be4                USART_Rx
 .text.USART_SpiTransfer
                0x00010bf0       0x14 ./platform/emlib/src/em_usart.o
                0x00010bf0                USART_SpiTransfer
 .text.USART_Tx
                0x00010c04        0xc ./platform/emlib/src/em_usart.o
                0x00010c04                USART_Tx
 .text.RAIL_ConfigPti
                0x00010c10        0x6 C:\Users\Salva\SimplicityStudio\v4_workspace\ARTIK-020-BLE\platform\radio\rail_lib\autogen\librail_release\librail_efr32xg1_gcc_release.a(rail_pti.o)
                0x00010c10                RAIL_ConfigPti
 .text.RAIL_EnablePti
                0x00010c16        0x6 C:\Users\Salva\SimplicityStudio\v4_workspace\ARTIK-020-BLE\platform\radio\rail_lib\autogen\librail_release\librail_efr32xg1_gcc_release.a(rail_pti.o)
                0x00010c16                RAIL_EnablePti
 .text.eventDefault
                0x00010c1c        0x2 C:\Users\Salva\SimplicityStudio\v4_workspace\ARTIK-020-BLE\platform\radio\rail_lib\autogen\librail_release\librail_efr32xg1_gcc_release.a(rail_rf_hal.o)
 *fill*         0x00010c1e        0x2 
 .text.setRssiPeriod
                0x00010c20       0x18 C:\Users\Salva\SimplicityStudio\v4_workspace\ARTIK-020-BLE\platform\radio\rail_lib\autogen\librail_release\librail_efr32xg1_gcc_release.a(rail_rf_hal.o)
 .text.RFHAL_NotifyUserOfIrCal
                0x00010c38       0x80 C:\Users\Salva\SimplicityStudio\v4_workspace\ARTIK-020-BLE\platform\radio\rail_lib\autogen\librail_release\librail_efr32xg1_gcc_release.a(rail_rf_hal.o)
 .text.GENERIC_PHY_EventCallback
                0x00010cb8      0x19c C:\Users\Salva\SimplicityStudio\v4_workspace\ARTIK-020-BLE\platform\radio\rail_lib\autogen\librail_release\librail_efr32xg1_gcc_release.a(rail_rf_hal.o)
                0x00010cb8                GENERIC_PHY_EventCallback
 .text.RFHAL_IntEnable
                0x00010e54       0x56 C:\Users\Salva\SimplicityStudio\v4_workspace\ARTIK-020-BLE\platform\radio\rail_lib\autogen\librail_release\librail_efr32xg1_gcc_release.a(rail_rf_hal.o)
                0x00010e54                RFHAL_IntEnable
 *fill*         0x00010eaa        0x2 
 .text.RFHAL_SetEventCallback
                0x00010eac       0x18 C:\Users\Salva\SimplicityStudio\v4_workspace\ARTIK-020-BLE\platform\radio\rail_lib\autogen\librail_release\librail_efr32xg1_gcc_release.a(rail_rf_hal.o)
                0x00010eac                RFHAL_SetEventCallback
 .text.RFHAL_SetPtiProtocol
                0x00010ec4       0x20 C:\Users\Salva\SimplicityStudio\v4_workspace\ARTIK-020-BLE\platform\radio\rail_lib\autogen\librail_release\librail_efr32xg1_gcc_release.a(rail_rf_hal.o)
                0x00010ec4                RFHAL_SetPtiProtocol
 .text.RFHAL_Idle
                0x00010ee4       0x40 C:\Users\Salva\SimplicityStudio\v4_workspace\ARTIK-020-BLE\platform\radio\rail_lib\autogen\librail_release\librail_efr32xg1_gcc_release.a(rail_rf_hal.o)
                0x00010ee4                RFHAL_Idle
 .text.RFHAL_GetRadioState
                0x00010f24       0x7c C:\Users\Salva\SimplicityStudio\v4_workspace\ARTIK-020-BLE\platform\radio\rail_lib\autogen\librail_release\librail_efr32xg1_gcc_release.a(rail_rf_hal.o)
                0x00010f24                RFHAL_GetRadioState
 .text.RFHAL_OkToTransmit
                0x00010fa0       0x14 C:\Users\Salva\SimplicityStudio\v4_workspace\ARTIK-020-BLE\platform\radio\rail_lib\autogen\librail_release\librail_efr32xg1_gcc_release.a(rail_rf_hal.o)
                0x00010fa0                RFHAL_OkToTransmit
 .text.RFHAL_ScheduleRx
                0x00010fb4       0x74 C:\Users\Salva\SimplicityStudio\v4_workspace\ARTIK-020-BLE\platform\radio\rail_lib\autogen\librail_release\librail_efr32xg1_gcc_release.a(rail_rf_hal.o)
                0x00010fb4                RFHAL_ScheduleRx
 .text.RFHAL_EnableRxRawCapture
                0x00011028       0x5c C:\Users\Salva\SimplicityStudio\v4_workspace\ARTIK-020-BLE\platform\radio\rail_lib\autogen\librail_release\librail_efr32xg1_gcc_release.a(rail_rf_hal.o)
                0x00011028                RFHAL_EnableRxRawCapture
 .text.RFHAL_DisableRxRawCapture
                0x00011084       0x38 C:\Users\Salva\SimplicityStudio\v4_workspace\ARTIK-020-BLE\platform\radio\rail_lib\autogen\librail_release\librail_efr32xg1_gcc_release.a(rail_rf_hal.o)
                0x00011084                RFHAL_DisableRxRawCapture
 .text.RFHAL_AcceptCrcErrors
                0x000110bc       0x18 C:\Users\Salva\SimplicityStudio\v4_workspace\ARTIK-020-BLE\platform\radio\rail_lib\autogen\librail_release\librail_efr32xg1_gcc_release.a(rail_rf_hal.o)
                0x000110bc                RFHAL_AcceptCrcErrors
 .text.RFHAL_ConfigRxOptions
                0x000110d4       0x74 C:\Users\Salva\SimplicityStudio\v4_workspace\ARTIK-020-BLE\platform\radio\rail_lib\autogen\librail_release\librail_efr32xg1_gcc_release.a(rail_rf_hal.o)
                0x000110d4                RFHAL_ConfigRxOptions
 .text.RFHAL_CancelTimer
                0x00011148       0x28 C:\Users\Salva\SimplicityStudio\v4_workspace\ARTIK-020-BLE\platform\radio\rail_lib\autogen\librail_release\librail_efr32xg1_gcc_release.a(rail_rf_hal.o)
                0x00011148                RFHAL_CancelTimer
 .text.RFHAL_SetTimer
                0x00011170       0x80 C:\Users\Salva\SimplicityStudio\v4_workspace\ARTIK-020-BLE\platform\radio\rail_lib\autogen\librail_release\librail_efr32xg1_gcc_release.a(rail_rf_hal.o)
                0x00011170                RFHAL_SetTimer
 .text.RFHAL_SetTxTransitions
                0x000111f0       0x1c C:\Users\Salva\SimplicityStudio\v4_workspace\ARTIK-020-BLE\platform\radio\rail_lib\autogen\librail_release\librail_efr32xg1_gcc_release.a(rail_rf_hal.o)
                0x000111f0                RFHAL_SetTxTransitions
 .text.RFHAL_SetRxTransitions
                0x0001120c       0x1c C:\Users\Salva\SimplicityStudio\v4_workspace\ARTIK-020-BLE\platform\radio\rail_lib\autogen\librail_release\librail_efr32xg1_gcc_release.a(rail_rf_hal.o)
                0x0001120c                RFHAL_SetRxTransitions
 .text.RFHAL_SetCRCInitVal
                0x00011228        0x4 C:\Users\Salva\SimplicityStudio\v4_workspace\ARTIK-020-BLE\platform\radio\rail_lib\autogen\librail_release\librail_efr32xg1_gcc_release.a(rail_rf_hal.o)
                0x00011228                RFHAL_SetCRCInitVal
 .text.RFHAL_ConfigTxPower
                0x0001122c        0xc C:\Users\Salva\SimplicityStudio\v4_workspace\ARTIK-020-BLE\platform\radio\rail_lib\autogen\librail_release\librail_efr32xg1_gcc_release.a(rail_rf_hal.o)
                0x0001122c                RFHAL_ConfigTxPower
 .text.RFHAL_SetTxPowerUnchecked
                0x00011238       0x18 C:\Users\Salva\SimplicityStudio\v4_workspace\ARTIK-020-BLE\platform\radio\rail_lib\autogen\librail_release\librail_efr32xg1_gcc_release.a(rail_rf_hal.o)
                0x00011238                RFHAL_SetTxPowerUnchecked
 .text.RFHAL_SetTxPower
                0x00011250       0x3c C:\Users\Salva\SimplicityStudio\v4_workspace\ARTIK-020-BLE\platform\radio\rail_lib\autogen\librail_release\librail_efr32xg1_gcc_release.a(rail_rf_hal.o)
                0x00011250                RFHAL_SetTxPower
 .text.RFHAL_GetTxPowerConfig
                0x0001128c        0xc C:\Users\Salva\SimplicityStudio\v4_workspace\ARTIK-020-BLE\platform\radio\rail_lib\autogen\librail_release\librail_efr32xg1_gcc_release.a(rail_rf_hal.o)
                0x0001128c                RFHAL_GetTxPowerConfig
 .text.RFHAL_GetTxPower
                0x00011298        0x4 C:\Users\Salva\SimplicityStudio\v4_workspace\ARTIK-020-BLE\platform\radio\rail_lib\autogen\librail_release\librail_efr32xg1_gcc_release.a(rail_rf_hal.o)
                0x00011298                RFHAL_GetTxPower
 .text.RFHAL_SetChannel
                0x0001129c       0x98 C:\Users\Salva\SimplicityStudio\v4_workspace\ARTIK-020-BLE\platform\radio\rail_lib\autogen\librail_release\librail_efr32xg1_gcc_release.a(rail_rf_hal.o)
                0x0001129c                RFHAL_SetChannel
 .text.RFHAL_IsAutoAckEnabled
                0x00011334        0x6 C:\Users\Salva\SimplicityStudio\v4_workspace\ARTIK-020-BLE\platform\radio\rail_lib\autogen\librail_release\librail_efr32xg1_gcc_release.a(rail_rf_hal.o)
                0x00011334                RFHAL_IsAutoAckEnabled
 *fill*         0x0001133a        0x2 
 .text.RFHAL_AutoAckWaitForAck
                0x0001133c       0x18 C:\Users\Salva\SimplicityStudio\v4_workspace\ARTIK-020-BLE\platform\radio\rail_lib\autogen\librail_release\librail_efr32xg1_gcc_release.a(rail_rf_hal.o)
                0x0001133c                RFHAL_AutoAckWaitForAck
 .text.preTxOps
                0x00011354       0xc4 C:\Users\Salva\SimplicityStudio\v4_workspace\ARTIK-020-BLE\platform\radio\rail_lib\autogen\librail_release\librail_efr32xg1_gcc_release.a(rail_rf_hal.o)
 .text.RFHAL_StartTx
                0x00011418       0x12 C:\Users\Salva\SimplicityStudio\v4_workspace\ARTIK-020-BLE\platform\radio\rail_lib\autogen\librail_release\librail_efr32xg1_gcc_release.a(rail_rf_hal.o)
                0x00011418                RFHAL_StartTx
 .text.RFHAL_StartScheduledTx
                0x0001142a       0x3a C:\Users\Salva\SimplicityStudio\v4_workspace\ARTIK-020-BLE\platform\radio\rail_lib\autogen\librail_release\librail_efr32xg1_gcc_release.a(rail_rf_hal.o)
                0x0001142a                RFHAL_StartScheduledTx
 .text.RFHAL_GetRxPacketInfo
                0x00011464       0x48 C:\Users\Salva\SimplicityStudio\v4_workspace\ARTIK-020-BLE\platform\radio\rail_lib\autogen\librail_release\librail_efr32xg1_gcc_release.a(rail_rf_hal.o)
                0x00011464                RFHAL_GetRxPacketInfo
 .text.RFHAL_GetRxPacketDetails
                0x000114ac       0xcc C:\Users\Salva\SimplicityStudio\v4_workspace\ARTIK-020-BLE\platform\radio\rail_lib\autogen\librail_release\librail_efr32xg1_gcc_release.a(rail_rf_hal.o)
                0x000114ac                RFHAL_GetRxPacketDetails
 .text.RFHAL_SetTxBuffer
                0x00011578       0x3a C:\Users\Salva\SimplicityStudio\v4_workspace\ARTIK-020-BLE\platform\radio\rail_lib\autogen\librail_release\librail_efr32xg1_gcc_release.a(rail_rf_hal.o)
                0x00011578                RFHAL_SetTxBuffer
 *fill*         0x000115b2        0x2 
 .text.RFHAL_ResetTxFifo
                0x000115b4       0x2c C:\Users\Salva\SimplicityStudio\v4_workspace\ARTIK-020-BLE\platform\radio\rail_lib\autogen\librail_release\librail_efr32xg1_gcc_release.a(rail_rf_hal.o)
                0x000115b4                RFHAL_ResetTxFifo
 .text.RFHAL_WriteTxFifo
                0x000115e0       0x28 C:\Users\Salva\SimplicityStudio\v4_workspace\ARTIK-020-BLE\platform\radio\rail_lib\autogen\librail_release\librail_efr32xg1_gcc_release.a(rail_rf_hal.o)
                0x000115e0                RFHAL_WriteTxFifo
 .text.RFHAL_ResetRxFifo
                0x00011608       0x40 C:\Users\Salva\SimplicityStudio\v4_workspace\ARTIK-020-BLE\platform\radio\rail_lib\autogen\librail_release\librail_efr32xg1_gcc_release.a(rail_rf_hal.o)
                0x00011608                RFHAL_ResetRxFifo
 .text.RFHAL_ConfigData
                0x00011648       0x7c C:\Users\Salva\SimplicityStudio\v4_workspace\ARTIK-020-BLE\platform\radio\rail_lib\autogen\librail_release\librail_efr32xg1_gcc_release.a(rail_rf_hal.o)
                0x00011648                RFHAL_ConfigData
 .text.RFHAL_Init
                0x000116c4       0xa0 C:\Users\Salva\SimplicityStudio\v4_workspace\ARTIK-020-BLE\platform\radio\rail_lib\autogen\librail_release\librail_efr32xg1_gcc_release.a(rail_rf_hal.o)
                0x000116c4                RFHAL_Init
 .text.RFHAL_SetFixedLength
                0x00011764       0x8c C:\Users\Salva\SimplicityStudio\v4_workspace\ARTIK-020-BLE\platform\radio\rail_lib\autogen\librail_release\librail_efr32xg1_gcc_release.a(rail_rf_hal.o)
                0x00011764                RFHAL_SetFixedLength
 .text.RFHAL_SetAbortScheduledTxDuringRx
                0x000117f0       0x18 C:\Users\Salva\SimplicityStudio\v4_workspace\ARTIK-020-BLE\platform\radio\rail_lib\autogen\librail_release\librail_efr32xg1_gcc_release.a(rail_rf_hal.o)
                0x000117f0                RFHAL_SetAbortScheduledTxDuringRx
 .text.RFHAL_ConfigRadio
                0x00011808       0xe0 C:\Users\Salva\SimplicityStudio\v4_workspace\ARTIK-020-BLE\platform\radio\rail_lib\autogen\librail_release\librail_efr32xg1_gcc_release.a(rail_rf_hal.o)
                0x00011808                RFHAL_ConfigRadio
 .text.RFHAL_GetTime
                0x000118e8        0xe C:\Users\Salva\SimplicityStudio\v4_workspace\ARTIK-020-BLE\platform\radio\rail_lib\autogen\librail_release\librail_efr32xg1_gcc_release.a(rail_rf_hal.o)
                0x000118e8                RFHAL_GetTime
 .text.RFHAL_GetRadioEntropy
                0x000118f6        0x4 C:\Users\Salva\SimplicityStudio\v4_workspace\ARTIK-020-BLE\platform\radio\rail_lib\autogen\librail_release\librail_efr32xg1_gcc_release.a(rail_rf_hal.o)
                0x000118f6                RFHAL_GetRadioEntropy
 .text.RFHAL_SetStateTiming
                0x000118fa       0x4e C:\Users\Salva\SimplicityStudio\v4_workspace\ARTIK-020-BLE\platform\radio\rail_lib\autogen\librail_release\librail_efr32xg1_gcc_release.a(rail_rf_hal.o)
                0x000118fa                RFHAL_SetStateTiming
 .text.RFHAL_ConfigPti
                0x00011948        0x4 C:\Users\Salva\SimplicityStudio\v4_workspace\ARTIK-020-BLE\platform\radio\rail_lib\autogen\librail_release\librail_efr32xg1_gcc_release.a(rail_rf_hal.o)
                0x00011948                RFHAL_ConfigPti
 .text.RFHAL_EnablePti
                0x0001194c        0x4 C:\Users\Salva\SimplicityStudio\v4_workspace\ARTIK-020-BLE\platform\radio\rail_lib\autogen\librail_release\librail_efr32xg1_gcc_release.a(rail_rf_hal.o)
                0x0001194c                RFHAL_EnablePti
 .text.RAIL_Init
                0x00011950       0x20 C:\Users\Salva\SimplicityStudio\v4_workspace\ARTIK-020-BLE\platform\radio\rail_lib\autogen\librail_release\librail_efr32xg1_gcc_release.a(rail_singleprotocol.o)
                0x00011950                RAIL_Init
 .text.RAIL_GetSchedulerStatus
                0x00011970        0x4 C:\Users\Salva\SimplicityStudio\v4_workspace\ARTIK-020-BLE\platform\radio\rail_lib\autogen\librail_release\librail_efr32xg1_gcc_release.a(rail_singleprotocol.o)
                0x00011970                RAIL_GetSchedulerStatus
 .text.RAIL_Idle
                0x00011974        0x8 C:\Users\Salva\SimplicityStudio\v4_workspace\ARTIK-020-BLE\platform\radio\rail_lib\autogen\librail_release\librail_efr32xg1_gcc_release.a(rail_singleprotocol.o)
                0x00011974                RAIL_Idle
 .text.RAIL_YieldRadio
                0x0001197c        0x2 C:\Users\Salva\SimplicityStudio\v4_workspace\ARTIK-020-BLE\platform\radio\rail_lib\autogen\librail_release\librail_efr32xg1_gcc_release.a(rail_singleprotocol.o)
                0x0001197c                RAIL_YieldRadio
 .text.RAIL_GetRadioEntropy
                0x0001197e        0x8 C:\Users\Salva\SimplicityStudio\v4_workspace\ARTIK-020-BLE\platform\radio\rail_lib\autogen\librail_release\librail_efr32xg1_gcc_release.a(rail_singleprotocol.o)
                0x0001197e                RAIL_GetRadioEntropy
 .text.RAIL_SetTimer
                0x00011986       0x14 C:\Users\Salva\SimplicityStudio\v4_workspace\ARTIK-020-BLE\platform\radio\rail_lib\autogen\librail_release\librail_efr32xg1_gcc_release.a(rail_singleprotocol.o)
                0x00011986                RAIL_SetTimer
 .text.RAIL_CancelTimer
                0x0001199a        0x4 C:\Users\Salva\SimplicityStudio\v4_workspace\ARTIK-020-BLE\platform\radio\rail_lib\autogen\librail_release\librail_efr32xg1_gcc_release.a(rail_singleprotocol.o)
                0x0001199a                RAIL_CancelTimer
 .text.RAIL_StartTx
                0x0001199e        0xa C:\Users\Salva\SimplicityStudio\v4_workspace\ARTIK-020-BLE\platform\radio\rail_lib\autogen\librail_release\librail_efr32xg1_gcc_release.a(rail_singleprotocol.o)
                0x0001199e                RAIL_StartTx
 .text.RAIL_StartScheduledTx
                0x000119a8        0xa C:\Users\Salva\SimplicityStudio\v4_workspace\ARTIK-020-BLE\platform\radio\rail_lib\autogen\librail_release\librail_efr32xg1_gcc_release.a(rail_singleprotocol.o)
                0x000119a8                RAIL_StartScheduledTx
 .text.RAIL_ScheduleRx
                0x000119b2        0xa C:\Users\Salva\SimplicityStudio\v4_workspace\ARTIK-020-BLE\platform\radio\rail_lib\autogen\librail_release\librail_efr32xg1_gcc_release.a(rail_singleprotocol.o)
                0x000119b2                RAIL_ScheduleRx
 .text.radioConfigChangedDefault
                0x000119bc        0x2 C:\Users\Salva\SimplicityStudio\v4_workspace\ARTIK-020-BLE\platform\radio\rail_lib\autogen\librail_release\librail_efr32xg1_gcc_release.a(rail_rf.o)
 .text.isTransitionState
                0x000119be       0x12 C:\Users\Salva\SimplicityStudio\v4_workspace\ARTIK-020-BLE\platform\radio\rail_lib\autogen\librail_release\librail_efr32xg1_gcc_release.a(rail_rf.o)
 .text.RAILCore_Init
                0x000119d0       0x12 C:\Users\Salva\SimplicityStudio\v4_workspace\ARTIK-020-BLE\platform\radio\rail_lib\autogen\librail_release\librail_efr32xg1_gcc_release.a(rail_rf.o)
                0x000119d0                RAILCore_Init
 *fill*         0x000119e2        0x2 
 .text.RAILInt_SetCallbackConfig
                0x000119e4       0x20 C:\Users\Salva\SimplicityStudio\v4_workspace\ARTIK-020-BLE\platform\radio\rail_lib\autogen\librail_release\librail_efr32xg1_gcc_release.a(rail_rf.o)
                0x000119e4                RAILInt_SetCallbackConfig
 .text.RAILCore_Idle
                0x00011a04       0x14 C:\Users\Salva\SimplicityStudio\v4_workspace\ARTIK-020-BLE\platform\radio\rail_lib\autogen\librail_release\librail_efr32xg1_gcc_release.a(rail_rf.o)
                0x00011a04                RAILCore_Idle
 .text.RAILCore_GetRadioState
                0x00011a18        0x4 C:\Users\Salva\SimplicityStudio\v4_workspace\ARTIK-020-BLE\platform\radio\rail_lib\autogen\librail_release\librail_efr32xg1_gcc_release.a(rail_rf.o)
                0x00011a18                RAILCore_GetRadioState
 .text.RAIL_SetStateTiming
                0x00011a1c        0xa C:\Users\Salva\SimplicityStudio\v4_workspace\ARTIK-020-BLE\platform\radio\rail_lib\autogen\librail_release\librail_efr32xg1_gcc_release.a(rail_rf.o)
                0x00011a1c                RAIL_SetStateTiming
 *fill*         0x00011a26        0x2 
 .text.RAILInt_IsPowerInRange
                0x00011a28       0x3c C:\Users\Salva\SimplicityStudio\v4_workspace\ARTIK-020-BLE\platform\radio\rail_lib\autogen\librail_release\librail_efr32xg1_gcc_release.a(rail_rf.o)
                0x00011a28                RAILInt_IsPowerInRange
 .text.RAILInt_SetChannel
                0x00011a64      0x1d8 C:\Users\Salva\SimplicityStudio\v4_workspace\ARTIK-020-BLE\platform\radio\rail_lib\autogen\librail_release\librail_efr32xg1_gcc_release.a(rail_rf.o)
                0x00011a64                RAILInt_SetChannel
 .text.RAILCore_ConfigChannels
                0x00011c3c       0x58 C:\Users\Salva\SimplicityStudio\v4_workspace\ARTIK-020-BLE\platform\radio\rail_lib\autogen\librail_release\librail_efr32xg1_gcc_release.a(rail_rf.o)
                0x00011c3c                RAILCore_ConfigChannels
 .text.RAILInt_GetChannel
                0x00011c94        0x4 C:\Users\Salva\SimplicityStudio\v4_workspace\ARTIK-020-BLE\platform\radio\rail_lib\autogen\librail_release\librail_efr32xg1_gcc_release.a(rail_rf.o)
                0x00011c94                RAILInt_GetChannel
 .text.RAILCore_SetTxTransitions
                0x00011c98       0x3c C:\Users\Salva\SimplicityStudio\v4_workspace\ARTIK-020-BLE\platform\radio\rail_lib\autogen\librail_release\librail_efr32xg1_gcc_release.a(rail_rf.o)
                0x00011c98                RAILCore_SetTxTransitions
 .text.RAIL_SetTxTransitions
                0x00011cd4        0xa C:\Users\Salva\SimplicityStudio\v4_workspace\ARTIK-020-BLE\platform\radio\rail_lib\autogen\librail_release\librail_efr32xg1_gcc_release.a(rail_rf.o)
                0x00011cd4                RAIL_SetTxTransitions
 .text.RAILCore_SetRxTransitions
                0x00011cde       0x38 C:\Users\Salva\SimplicityStudio\v4_workspace\ARTIK-020-BLE\platform\radio\rail_lib\autogen\librail_release\librail_efr32xg1_gcc_release.a(rail_rf.o)
                0x00011cde                RAILCore_SetRxTransitions
 .text.RAIL_SetRxTransitions
                0x00011d16        0xa C:\Users\Salva\SimplicityStudio\v4_workspace\ARTIK-020-BLE\platform\radio\rail_lib\autogen\librail_release\librail_efr32xg1_gcc_release.a(rail_rf.o)
                0x00011d16                RAIL_SetRxTransitions
 .text.RAIL_ConfigEvents
                0x00011d20       0x14 C:\Users\Salva\SimplicityStudio\v4_workspace\ARTIK-020-BLE\platform\radio\rail_lib\autogen\librail_release\librail_efr32xg1_gcc_release.a(rail_rf.o)
                0x00011d20                RAIL_ConfigEvents
 .text.RAIL_ConfigRxOptions
                0x00011d34        0xa C:\Users\Salva\SimplicityStudio\v4_workspace\ARTIK-020-BLE\platform\radio\rail_lib\autogen\librail_release\librail_efr32xg1_gcc_release.a(rail_rx.o)
                0x00011d34                RAIL_ConfigRxOptions
 .text.RAILCore_ScheduleRx
                0x00011d3e       0x2c C:\Users\Salva\SimplicityStudio\v4_workspace\ARTIK-020-BLE\platform\radio\rail_lib\autogen\librail_release\librail_efr32xg1_gcc_release.a(rail_rx.o)
                0x00011d3e                RAILCore_ScheduleRx
 .text.RAILInt_PreTxOps
                0x00011d6a       0x1c C:\Users\Salva\SimplicityStudio\v4_workspace\ARTIK-020-BLE\platform\radio\rail_lib\autogen\librail_release\librail_efr32xg1_gcc_release.a(rail_tx.o)
                0x00011d6a                RAILInt_PreTxOps
 .text.RAILCore_StartTx
                0x00011d86       0x1a C:\Users\Salva\SimplicityStudio\v4_workspace\ARTIK-020-BLE\platform\radio\rail_lib\autogen\librail_release\librail_efr32xg1_gcc_release.a(rail_tx.o)
                0x00011d86                RAILCore_StartTx
 .text.RAILCore_StartScheduledTx
                0x00011da0       0x1e C:\Users\Salva\SimplicityStudio\v4_workspace\ARTIK-020-BLE\platform\radio\rail_lib\autogen\librail_release\librail_efr32xg1_gcc_release.a(rail_tx.o)
                0x00011da0                RAILCore_StartScheduledTx
 .text.RAIL_SetTxPower
                0x00011dbe        0xa C:\Users\Salva\SimplicityStudio\v4_workspace\ARTIK-020-BLE\platform\radio\rail_lib\autogen\librail_release\librail_efr32xg1_gcc_release.a(rail_tx.o)
                0x00011dbe                RAIL_SetTxPower
 .text.RAIL_GetTxPower
                0x00011dc8        0xa C:\Users\Salva\SimplicityStudio\v4_workspace\ARTIK-020-BLE\platform\radio\rail_lib\autogen\librail_release\librail_efr32xg1_gcc_release.a(rail_tx.o)
                0x00011dc8                RAIL_GetTxPower
 .text.RAIL_ConfigTxPower
                0x00011dd2       0x1a C:\Users\Salva\SimplicityStudio\v4_workspace\ARTIK-020-BLE\platform\radio\rail_lib\autogen\librail_release\librail_efr32xg1_gcc_release.a(rail_tx.o)
                0x00011dd2                RAIL_ConfigTxPower
 .text.RAILInt_PendCal
                0x00011dec       0x24 C:\Users\Salva\SimplicityStudio\v4_workspace\ARTIK-020-BLE\platform\radio\rail_lib\autogen\librail_release\librail_efr32xg1_gcc_release.a(rail_calibration.o)
                0x00011dec                RAILInt_PendCal
 .text.RAILCb_AssertFailed
                0x00011e10       0x14 C:\Users\Salva\SimplicityStudio\v4_workspace\ARTIK-020-BLE\platform\radio\rail_lib\autogen\librail_release\librail_efr32xg1_gcc_release.a(rail_assert.o)
                0x00011e10                RAILCb_AssertFailed
 .text.RAILInt_Assert
                0x00011e24       0x1c C:\Users\Salva\SimplicityStudio\v4_workspace\ARTIK-020-BLE\platform\radio\rail_lib\autogen\librail_release\librail_efr32xg1_gcc_release.a(rail_assert.o)
                0x00011e24                RAILInt_Assert
 .text.RAILCore_GetRadioEntropy
                0x00011e40        0x4 C:\Users\Salva\SimplicityStudio\v4_workspace\ARTIK-020-BLE\platform\radio\rail_lib\autogen\librail_release\librail_efr32xg1_gcc_release.a(rail_rssi.o)
                0x00011e40                RAILCore_GetRadioEntropy
 .text.BUFC_ReadHelper
                0x00011e44       0x7c C:\Users\Salva\SimplicityStudio\v4_workspace\ARTIK-020-BLE\platform\radio\rail_lib\autogen\librail_release\librail_efr32xg1_gcc_release.a(bufc.o)
 .text.checkAndAddRxLenOverflowEntry
                0x00011ec0       0x3c C:\Users\Salva\SimplicityStudio\v4_workspace\ARTIK-020-BLE\platform\radio\rail_lib\autogen\librail_release\librail_efr32xg1_gcc_release.a(bufc.o)
 .text.BUFC_SetTxBuffer
                0x00011efc       0x38 C:\Users\Salva\SimplicityStudio\v4_workspace\ARTIK-020-BLE\platform\radio\rail_lib\autogen\librail_release\librail_efr32xg1_gcc_release.a(bufc.o)
                0x00011efc                BUFC_SetTxBuffer
 .text.BUFC_WriteBuffer
                0x00011f34       0xa8 C:\Users\Salva\SimplicityStudio\v4_workspace\ARTIK-020-BLE\platform\radio\rail_lib\autogen\librail_release\librail_efr32xg1_gcc_release.a(bufc.o)
                0x00011f34                BUFC_WriteBuffer
 .text.BUFC_Peek
                0x00011fdc       0x12 C:\Users\Salva\SimplicityStudio\v4_workspace\ARTIK-020-BLE\platform\radio\rail_lib\autogen\librail_release\librail_efr32xg1_gcc_release.a(bufc.o)
                0x00011fdc                BUFC_Peek
 .text.BUFC_PeekByte
                0x00011fee       0x34 C:\Users\Salva\SimplicityStudio\v4_workspace\ARTIK-020-BLE\platform\radio\rail_lib\autogen\librail_release\librail_efr32xg1_gcc_release.a(bufc.o)
                0x00011fee                BUFC_PeekByte
 *fill*         0x00012022        0x2 
 .text.BUFC_GetSpaceAvailable
                0x00012024       0x28 C:\Users\Salva\SimplicityStudio\v4_workspace\ARTIK-020-BLE\platform\radio\rail_lib\autogen\librail_release\librail_efr32xg1_gcc_release.a(bufc.o)
                0x00012024                BUFC_GetSpaceAvailable
 .text.BUFC_GetBytesAvailable
                0x0001204c       0x14 C:\Users\Salva\SimplicityStudio\v4_workspace\ARTIK-020-BLE\platform\radio\rail_lib\autogen\librail_release\librail_efr32xg1_gcc_release.a(bufc.o)
                0x0001204c                BUFC_GetBytesAvailable
 .text.BUFC_TxAckBufferSet
                0x00012060       0x38 C:\Users\Salva\SimplicityStudio\v4_workspace\ARTIK-020-BLE\platform\radio\rail_lib\autogen\librail_release\librail_efr32xg1_gcc_release.a(bufc.o)
                0x00012060                BUFC_TxAckBufferSet
 .text.BUFC_TxAckBufferReset
                0x00012098        0x8 C:\Users\Salva\SimplicityStudio\v4_workspace\ARTIK-020-BLE\platform\radio\rail_lib\autogen\librail_release\librail_efr32xg1_gcc_release.a(bufc.o)
                0x00012098                BUFC_TxAckBufferReset
 .text.BUFC_RxBufferReset
                0x000120a0       0x5c C:\Users\Salva\SimplicityStudio\v4_workspace\ARTIK-020-BLE\platform\radio\rail_lib\autogen\librail_release\librail_efr32xg1_gcc_release.a(bufc.o)
                0x000120a0                BUFC_RxBufferReset
 .text.BUFC_Init
                0x000120fc       0x98 C:\Users\Salva\SimplicityStudio\v4_workspace\ARTIK-020-BLE\platform\radio\rail_lib\autogen\librail_release\librail_efr32xg1_gcc_release.a(bufc.o)
                0x000120fc                BUFC_Init
 .text.BUFC_RxBufferBytesAvailable
                0x00012194       0x10 C:\Users\Salva\SimplicityStudio\v4_workspace\ARTIK-020-BLE\platform\radio\rail_lib\autogen\librail_release\librail_efr32xg1_gcc_release.a(bufc.o)
                0x00012194                BUFC_RxBufferBytesAvailable
 .text.BUFC_ReleaseRxPacket
                0x000121a4      0x10c C:\Users\Salva\SimplicityStudio\v4_workspace\ARTIK-020-BLE\platform\radio\rail_lib\autogen\librail_release\librail_efr32xg1_gcc_release.a(bufc.o)
                0x000121a4                BUFC_ReleaseRxPacket
 .text.BUFC_StartRxLenThrEvent
                0x000122b0       0x8c C:\Users\Salva\SimplicityStudio\v4_workspace\ARTIK-020-BLE\platform\radio\rail_lib\autogen\librail_release\librail_efr32xg1_gcc_release.a(bufc.o)
                0x000122b0                BUFC_StartRxLenThrEvent
 .text.BUFC_EndRxLenThrEvent
                0x0001233c       0x1c C:\Users\Salva\SimplicityStudio\v4_workspace\ARTIK-020-BLE\platform\radio\rail_lib\autogen\librail_release\librail_efr32xg1_gcc_release.a(bufc.o)
                0x0001233c                BUFC_EndRxLenThrEvent
 .text.BUFC_HandleRxLenOvfEvent
                0x00012358       0x28 C:\Users\Salva\SimplicityStudio\v4_workspace\ARTIK-020-BLE\platform\radio\rail_lib\autogen\librail_release\librail_efr32xg1_gcc_release.a(bufc.o)
                0x00012358                BUFC_HandleRxLenOvfEvent
 .text.BUFC_GetRxPacketInfo
                0x00012380      0x138 C:\Users\Salva\SimplicityStudio\v4_workspace\ARTIK-020-BLE\platform\radio\rail_lib\autogen\librail_release\librail_efr32xg1_gcc_release.a(bufc.o)
                0x00012380                BUFC_GetRxPacketInfo
 .text.IRCAL_Set
                0x000124b8       0x1c C:\Users\Salva\SimplicityStudio\v4_workspace\ARTIK-020-BLE\platform\radio\rail_lib\autogen\librail_release\librail_efr32xg1_gcc_release.a(ir_cal.o)
                0x000124b8                IRCAL_Set
 .text.IRCAL_Init
                0x000124d4       0xa8 C:\Users\Salva\SimplicityStudio\v4_workspace\ARTIK-020-BLE\platform\radio\rail_lib\autogen\librail_release\librail_efr32xg1_gcc_release.a(ir_cal.o)
                0x000124d4                IRCAL_Init
 .text.PA_ProtectPa
                0x0001257c       0xbc C:\Users\Salva\SimplicityStudio\v4_workspace\ARTIK-020-BLE\platform\radio\rail_lib\autogen\librail_release\librail_efr32xg1_gcc_release.a(pa.o)
 .text.getRampTimeFromLevelAndRate
                0x00012638       0x20 C:\Users\Salva\SimplicityStudio\v4_workspace\ARTIK-020-BLE\platform\radio\rail_lib\autogen\librail_release\librail_efr32xg1_gcc_release.a(pa.o)
 .text.PA_GetTxPowerConfig
                0x00012658       0x14 C:\Users\Salva\SimplicityStudio\v4_workspace\ARTIK-020-BLE\platform\radio\rail_lib\autogen\librail_release\librail_efr32xg1_gcc_release.a(pa.o)
                0x00012658                PA_GetTxPowerConfig
 .text.PA_GetPowerLevel
                0x0001266c        0xc C:\Users\Salva\SimplicityStudio\v4_workspace\ARTIK-020-BLE\platform\radio\rail_lib\autogen\librail_release\librail_efr32xg1_gcc_release.a(pa.o)
                0x0001266c                PA_GetPowerLevel
 .text.PA_SetPowerLevel
                0x00012678      0x194 C:\Users\Salva\SimplicityStudio\v4_workspace\ARTIK-020-BLE\platform\radio\rail_lib\autogen\librail_release\librail_efr32xg1_gcc_release.a(pa.o)
                0x00012678                PA_SetPowerLevel
 .text.PA_RunPeakDetectorHigh
                0x0001280c       0x4c C:\Users\Salva\SimplicityStudio\v4_workspace\ARTIK-020-BLE\platform\radio\rail_lib\autogen\librail_release\librail_efr32xg1_gcc_release.a(pa.o)
                0x0001280c                PA_RunPeakDetectorHigh
 .text.PA_RunPeakDetectorLow
                0x00012858        0x2 C:\Users\Salva\SimplicityStudio\v4_workspace\ARTIK-020-BLE\platform\radio\rail_lib\autogen\librail_release\librail_efr32xg1_gcc_release.a(pa.o)
                0x00012858                PA_RunPeakDetectorLow
 *fill*         0x0001285a        0x2 
 .text.PA_RunBatHigh
                0x0001285c       0x2c C:\Users\Salva\SimplicityStudio\v4_workspace\ARTIK-020-BLE\platform\radio\rail_lib\autogen\librail_release\librail_efr32xg1_gcc_release.a(pa.o)
                0x0001285c                PA_RunBatHigh
 .text.PA_GetRampTime
                0x00012888        0xc C:\Users\Salva\SimplicityStudio\v4_workspace\ARTIK-020-BLE\platform\radio\rail_lib\autogen\librail_release\librail_efr32xg1_gcc_release.a(pa.o)
                0x00012888                PA_GetRampTime
 .text.PA_ConfigRamp
                0x00012894       0x20 C:\Users\Salva\SimplicityStudio\v4_workspace\ARTIK-020-BLE\platform\radio\rail_lib\autogen\librail_release\librail_efr32xg1_gcc_release.a(pa.o)
                0x00012894                PA_ConfigRamp
 .text.PA_CalcRampTime
                0x000128b4       0x44 C:\Users\Salva\SimplicityStudio\v4_workspace\ARTIK-020-BLE\platform\radio\rail_lib\autogen\librail_release\librail_efr32xg1_gcc_release.a(pa.o)
                0x000128b4                PA_CalcRampTime
 .text.PA_SetRampTime
                0x000128f8       0xac C:\Users\Salva\SimplicityStudio\v4_workspace\ARTIK-020-BLE\platform\radio\rail_lib\autogen\librail_release\librail_efr32xg1_gcc_release.a(pa.o)
                0x000128f8                PA_SetRampTime
 .text.PA_SelectBand
                0x000129a4       0x50 C:\Users\Salva\SimplicityStudio\v4_workspace\ARTIK-020-BLE\platform\radio\rail_lib\autogen\librail_release\librail_efr32xg1_gcc_release.a(pa.o)
                0x000129a4                PA_SelectBand
 .text.PA_Config
                0x000129f4      0x15c C:\Users\Salva\SimplicityStudio\v4_workspace\ARTIK-020-BLE\platform\radio\rail_lib\autogen\librail_release\librail_efr32xg1_gcc_release.a(pa.o)
                0x000129f4                PA_Config
 .text.PA_UpdateConfig
                0x00012b50       0x38 C:\Users\Salva\SimplicityStudio\v4_workspace\ARTIK-020-BLE\platform\radio\rail_lib\autogen\librail_release\librail_efr32xg1_gcc_release.a(pa.o)
                0x00012b50                PA_UpdateConfig
 .text.PROTIMER_Init
                0x00012b88      0x108 C:\Users\Salva\SimplicityStudio\v4_workspace\ARTIK-020-BLE\platform\radio\rail_lib\autogen\librail_release\librail_efr32xg1_gcc_release.a(protimer.o)
                0x00012b88                PROTIMER_Init
 .text.PROTIMER_Start
                0x00012c90       0x1c C:\Users\Salva\SimplicityStudio\v4_workspace\ARTIK-020-BLE\platform\radio\rail_lib\autogen\librail_release\librail_efr32xg1_gcc_release.a(protimer.o)
                0x00012c90                PROTIMER_Start
 .text.PROTIMER_IsRunning
                0x00012cac       0x10 C:\Users\Salva\SimplicityStudio\v4_workspace\ARTIK-020-BLE\platform\radio\rail_lib\autogen\librail_release\librail_efr32xg1_gcc_release.a(protimer.o)
                0x00012cac                PROTIMER_IsRunning
 .text.PROTIMER_ElapsedTime
                0x00012cbc       0x18 C:\Users\Salva\SimplicityStudio\v4_workspace\ARTIK-020-BLE\platform\radio\rail_lib\autogen\librail_release\librail_efr32xg1_gcc_release.a(protimer.o)
                0x00012cbc                PROTIMER_ElapsedTime
 .text.PROTIMER_CCTimerStop
                0x00012cd4       0x20 C:\Users\Salva\SimplicityStudio\v4_workspace\ARTIK-020-BLE\platform\radio\rail_lib\autogen\librail_release\librail_efr32xg1_gcc_release.a(protimer.o)
                0x00012cd4                PROTIMER_CCTimerStop
 .text.PROTIMER_CCTimerStart
                0x00012cf4      0x164 C:\Users\Salva\SimplicityStudio\v4_workspace\ARTIK-020-BLE\platform\radio\rail_lib\autogen\librail_release\librail_efr32xg1_gcc_release.a(protimer.o)
                0x00012cf4                PROTIMER_CCTimerStart
 .text.PROTIMER_WrapMultiple
                0x00012e58       0x12 C:\Users\Salva\SimplicityStudio\v4_workspace\ARTIK-020-BLE\platform\radio\rail_lib\autogen\librail_release\librail_efr32xg1_gcc_release.a(protimer.o)
                0x00012e58                PROTIMER_WrapMultiple
 *fill*         0x00012e6a        0x2 
 .text.PROTIMER_CCTimerIsEnabled
                0x00012e6c       0x10 C:\Users\Salva\SimplicityStudio\v4_workspace\ARTIK-020-BLE\platform\radio\rail_lib\autogen\librail_release\librail_efr32xg1_gcc_release.a(protimer.o)
                0x00012e6c                PROTIMER_CCTimerIsEnabled
 .text.PROTIMER_CCTimerCapture
                0x00012e7c       0x14 C:\Users\Salva\SimplicityStudio\v4_workspace\ARTIK-020-BLE\platform\radio\rail_lib\autogen\librail_release\librail_efr32xg1_gcc_release.a(protimer.o)
                0x00012e7c                PROTIMER_CCTimerCapture
 .text.PROTIMER_ScheduleTxEnable
                0x00012e90       0x2c C:\Users\Salva\SimplicityStudio\v4_workspace\ARTIK-020-BLE\platform\radio\rail_lib\autogen\librail_release\librail_efr32xg1_gcc_release.a(protimer.o)
                0x00012e90                PROTIMER_ScheduleTxEnable
 .text.PROTIMER_ClearTxEnable
                0x00012ebc        0xc C:\Users\Salva\SimplicityStudio\v4_workspace\ARTIK-020-BLE\platform\radio\rail_lib\autogen\librail_release\librail_efr32xg1_gcc_release.a(protimer.o)
                0x00012ebc                PROTIMER_ClearTxEnable
 .text.PROTIMER_ScheduleRxEnable
                0x00012ec8       0x2c C:\Users\Salva\SimplicityStudio\v4_workspace\ARTIK-020-BLE\platform\radio\rail_lib\autogen\librail_release\librail_efr32xg1_gcc_release.a(protimer.o)
                0x00012ec8                PROTIMER_ScheduleRxEnable
 .text.PROTIMER_ScheduleRxDisable
                0x00012ef4       0x38 C:\Users\Salva\SimplicityStudio\v4_workspace\ARTIK-020-BLE\platform\radio\rail_lib\autogen\librail_release\librail_efr32xg1_gcc_release.a(protimer.o)
                0x00012ef4                PROTIMER_ScheduleRxDisable
 .text.PROTIMER_ClearRxEnable
                0x00012f2c       0x10 C:\Users\Salva\SimplicityStudio\v4_workspace\ARTIK-020-BLE\platform\radio\rail_lib\autogen\librail_release\librail_efr32xg1_gcc_release.a(protimer.o)
                0x00012f2c                PROTIMER_ClearRxEnable
 .text.PROTIMER_GetTime
                0x00012f3c        0xc C:\Users\Salva\SimplicityStudio\v4_workspace\ARTIK-020-BLE\platform\radio\rail_lib\autogen\librail_release\librail_efr32xg1_gcc_release.a(protimer.o)
                0x00012f3c                PROTIMER_GetTime
 .text.PROTIMER_GetCCTime
                0x00012f48        0xc C:\Users\Salva\SimplicityStudio\v4_workspace\ARTIK-020-BLE\platform\radio\rail_lib\autogen\librail_release\librail_efr32xg1_gcc_release.a(protimer.o)
                0x00012f48                PROTIMER_GetCCTime
 .text.PROTIMER_LBTStop
                0x00012f54       0x18 C:\Users\Salva\SimplicityStudio\v4_workspace\ARTIK-020-BLE\platform\radio\rail_lib\autogen\librail_release\librail_efr32xg1_gcc_release.a(protimer.o)
                0x00012f54                PROTIMER_LBTStop
 .text.PROTIMER_PrecntOverflowToUs
                0x00012f6c       0x38 C:\Users\Salva\SimplicityStudio\v4_workspace\ARTIK-020-BLE\platform\radio\rail_lib\autogen\librail_release\librail_efr32xg1_gcc_release.a(protimer.o)
                0x00012f6c                PROTIMER_PrecntOverflowToUs
 .text.PROTIMER_UsToPrecntOverflow
                0x00012fa4       0x2c C:\Users\Salva\SimplicityStudio\v4_workspace\ARTIK-020-BLE\platform\radio\rail_lib\autogen\librail_release\librail_efr32xg1_gcc_release.a(protimer.o)
                0x00012fa4                PROTIMER_UsToPrecntOverflow
 .text.PROTIMER_DelayUs
                0x00012fd0       0x44 C:\Users\Salva\SimplicityStudio\v4_workspace\ARTIK-020-BLE\platform\radio\rail_lib\autogen\librail_release\librail_efr32xg1_gcc_release.a(protimer.o)
                0x00012fd0                PROTIMER_DelayUs
 .text.PROTIMER_CheckCcaReallyFailed
                0x00013014       0xbc C:\Users\Salva\SimplicityStudio\v4_workspace\ARTIK-020-BLE\platform\radio\rail_lib\autogen\librail_release\librail_efr32xg1_gcc_release.a(protimer.o)
                0x00013014                PROTIMER_CheckCcaReallyFailed
 .text.PTI_Config
                0x000130d0       0xc8 C:\Users\Salva\SimplicityStudio\v4_workspace\ARTIK-020-BLE\platform\radio\rail_lib\autogen\librail_release\librail_efr32xg1_gcc_release.a(pti.o)
                0x000130d0                PTI_Config
 .text.PTI_EnableAppendedInfo
                0x00013198       0x18 C:\Users\Salva\SimplicityStudio\v4_workspace\ARTIK-020-BLE\platform\radio\rail_lib\autogen\librail_release\librail_efr32xg1_gcc_release.a(pti.o)
                0x00013198                PTI_EnableAppendedInfo
 .text.PTI_Enable
                0x000131b0       0x58 C:\Users\Salva\SimplicityStudio\v4_workspace\ARTIK-020-BLE\platform\radio\rail_lib\autogen\librail_release\librail_efr32xg1_gcc_release.a(pti.o)
                0x000131b0                PTI_Enable
 .text.PTI_AuxdataOutput
                0x00013208       0x1c C:\Users\Salva\SimplicityStudio\v4_workspace\ARTIK-020-BLE\platform\radio\rail_lib\autogen\librail_release\librail_efr32xg1_gcc_release.a(pti.o)
                0x00013208                PTI_AuxdataOutput
 .text.PTI_EnableSyncword
                0x00013224       0x18 C:\Users\Salva\SimplicityStudio\v4_workspace\ARTIK-020-BLE\platform\radio\rail_lib\autogen\librail_release\librail_efr32xg1_gcc_release.a(pti.o)
                0x00013224                PTI_EnableSyncword
 .text.RADIO_SetAndForgetWrite
                0x0001323c       0x8c C:\Users\Salva\SimplicityStudio\v4_workspace\ARTIK-020-BLE\platform\radio\rail_lib\autogen\librail_release\librail_efr32xg1_gcc_release.a(radio.o)
                0x0001323c                RADIO_SetAndForgetWrite
 .text.RADIO_SeqInit
                0x000132c8       0x68 C:\Users\Salva\SimplicityStudio\v4_workspace\ARTIK-020-BLE\platform\radio\rail_lib\autogen\librail_release\librail_efr32xg1_gcc_release.a(radio.o)
                0x000132c8                RADIO_SeqInit
 .text.RADIO_CLKEnable
                0x00013330       0x68 C:\Users\Salva\SimplicityStudio\v4_workspace\ARTIK-020-BLE\platform\radio\rail_lib\autogen\librail_release\librail_efr32xg1_gcc_release.a(radio.o)
                0x00013330                RADIO_CLKEnable
 .text.RADIO_Init
                0x00013398       0x40 C:\Users\Salva\SimplicityStudio\v4_workspace\ARTIK-020-BLE\platform\radio\rail_lib\autogen\librail_release\librail_efr32xg1_gcc_release.a(radio.o)
                0x00013398                RADIO_Init
 .text.RADIO_Config
                0x000133d8       0xa8 C:\Users\Salva\SimplicityStudio\v4_workspace\ARTIK-020-BLE\platform\radio\rail_lib\autogen\librail_release\librail_efr32xg1_gcc_release.a(radio.o)
                0x000133d8                RADIO_Config
 .text.RADIO_IsRxOnForRssi
                0x00013480       0x18 C:\Users\Salva\SimplicityStudio\v4_workspace\ARTIK-020-BLE\platform\radio\rail_lib\autogen\librail_release\librail_efr32xg1_gcc_release.a(radio.o)
                0x00013480                RADIO_IsRxOnForRssi
 .text.RADIO_RxTrailDataLength
                0x00013498       0x3c C:\Users\Salva\SimplicityStudio\v4_workspace\ARTIK-020-BLE\platform\radio\rail_lib\autogen\librail_release\librail_efr32xg1_gcc_release.a(radio.o)
                0x00013498                RADIO_RxTrailDataLength
 .text.RADIO_FrameControlDescrBufferIdSet
                0x000134d4       0x20 C:\Users\Salva\SimplicityStudio\v4_workspace\ARTIK-020-BLE\platform\radio\rail_lib\autogen\librail_release\librail_efr32xg1_gcc_release.a(radio.o)
                0x000134d4                RADIO_FrameControlDescrBufferIdSet
 .text.RADIO_ComputeTxBaudrate
                0x000134f4       0x28 C:\Users\Salva\SimplicityStudio\v4_workspace\ARTIK-020-BLE\platform\radio\rail_lib\autogen\librail_release\librail_efr32xg1_gcc_release.a(radio.o)
                0x000134f4                RADIO_ComputeTxBaudrate
 .text.RADIO_ComputeTxSymbolRate
                0x0001351c       0x2c C:\Users\Salva\SimplicityStudio\v4_workspace\ARTIK-020-BLE\platform\radio\rail_lib\autogen\librail_release\librail_efr32xg1_gcc_release.a(radio.o)
                0x0001351c                RADIO_ComputeTxSymbolRate
 .text.RADIO_ComputeTxBitRate
                0x00013548       0x50 C:\Users\Salva\SimplicityStudio\v4_workspace\ARTIK-020-BLE\platform\radio\rail_lib\autogen\librail_release\librail_efr32xg1_gcc_release.a(radio.o)
                0x00013548                RADIO_ComputeTxBitRate
 .text.RADIO_GetRssi
                0x00013598       0x54 C:\Users\Salva\SimplicityStudio\v4_workspace\ARTIK-020-BLE\platform\radio\rail_lib\autogen\librail_release\librail_efr32xg1_gcc_release.a(radio.o)
                0x00013598                RADIO_GetRssi
 .text.RADIO_SetCRCInitVal
                0x000135ec       0x10 C:\Users\Salva\SimplicityStudio\v4_workspace\ARTIK-020-BLE\platform\radio\rail_lib\autogen\librail_release\librail_efr32xg1_gcc_release.a(radio.o)
                0x000135ec                RADIO_SetCRCInitVal
 .text.RADIO_RACClearRxOverflow
                0x000135fc       0x20 C:\Users\Salva\SimplicityStudio\v4_workspace\ARTIK-020-BLE\platform\radio\rail_lib\autogen\librail_release\librail_efr32xg1_gcc_release.a(radio.o)
                0x000135fc                RADIO_RACClearRxOverflow
 .text.RFSENSE_Disable
                0x0001361c       0x44 C:\Users\Salva\SimplicityStudio\v4_workspace\ARTIK-020-BLE\platform\radio\rail_lib\autogen\librail_release\librail_efr32xg1_gcc_release.a(rfsense.o)
 .text.RFSENSE_Sensed
                0x00013660       0x50 C:\Users\Salva\SimplicityStudio\v4_workspace\ARTIK-020-BLE\platform\radio\rail_lib\autogen\librail_release\librail_efr32xg1_gcc_release.a(rfsense.o)
                0x00013660                RFSENSE_Sensed
 .text.RFSENSE_IRQHandler
                0x000136b0        0x4 C:\Users\Salva\SimplicityStudio\v4_workspace\ARTIK-020-BLE\platform\radio\rail_lib\autogen\librail_release\librail_efr32xg1_gcc_release.a(rfsense.o)
                0x000136b0                RFSENSE_IRQHandler
 .text.RTCCSYNC_RTCCClockFreqGet
                0x000136b4       0x30 C:\Users\Salva\SimplicityStudio\v4_workspace\ARTIK-020-BLE\platform\radio\rail_lib\autogen\librail_release\librail_efr32xg1_gcc_release.a(rtccsync.o)
 .text.RTCCSYNC_Init
                0x000136e4       0x10 C:\Users\Salva\SimplicityStudio\v4_workspace\ARTIK-020-BLE\platform\radio\rail_lib\autogen\librail_release\librail_efr32xg1_gcc_release.a(rtccsync.o)
                0x000136e4                RTCCSYNC_Init
 .text.RTCCSYNC_PreSleep
                0x000136f4      0x260 C:\Users\Salva\SimplicityStudio\v4_workspace\ARTIK-020-BLE\platform\radio\rail_lib\autogen\librail_release\librail_efr32xg1_gcc_release.a(rtccsync.o)
                0x000136f4                RTCCSYNC_PreSleep
 .text.RTCCSYNC_PostWakeUp
                0x00013954      0x1c4 C:\Users\Salva\SimplicityStudio\v4_workspace\ARTIK-020-BLE\platform\radio\rail_lib\autogen\librail_release\librail_efr32xg1_gcc_release.a(rtccsync.o)
                0x00013954                RTCCSYNC_PostWakeUp
 .text.SYNTH_RfFreqGet
                0x00013b18        0xc C:\Users\Salva\SimplicityStudio\v4_workspace\ARTIK-020-BLE\platform\radio\rail_lib\autogen\librail_release\librail_efr32xg1_gcc_release.a(synth.o)
                0x00013b18                SYNTH_RfFreqGet
 .text.SYNTH_ChSpacingGet
                0x00013b24        0xc C:\Users\Salva\SimplicityStudio\v4_workspace\ARTIK-020-BLE\platform\radio\rail_lib\autogen\librail_release\librail_efr32xg1_gcc_release.a(synth.o)
                0x00013b24                SYNTH_ChSpacingGet
 .text.SYNTH_LoDivGet
                0x00013b30       0x20 C:\Users\Salva\SimplicityStudio\v4_workspace\ARTIK-020-BLE\platform\radio\rail_lib\autogen\librail_release\librail_efr32xg1_gcc_release.a(synth.o)
                0x00013b30                SYNTH_LoDivGet
 .text.SYNTH_Is2p4GHz
                0x00013b50       0x14 C:\Users\Salva\SimplicityStudio\v4_workspace\ARTIK-020-BLE\platform\radio\rail_lib\autogen\librail_release\librail_efr32xg1_gcc_release.a(synth.o)
                0x00013b50                SYNTH_Is2p4GHz
 .text.SYNTH_VcoRangeIsValid
                0x00013b64       0x30 C:\Users\Salva\SimplicityStudio\v4_workspace\ARTIK-020-BLE\platform\radio\rail_lib\autogen\librail_release\librail_efr32xg1_gcc_release.a(synth.o)
                0x00013b64                SYNTH_VcoRangeIsValid
 .text.SYNTH_RetimeLimitsConfig
                0x00013b94       0x64 C:\Users\Salva\SimplicityStudio\v4_workspace\ARTIK-020-BLE\platform\radio\rail_lib\autogen\librail_release\librail_efr32xg1_gcc_release.a(synth.o)
                0x00013b94                SYNTH_RetimeLimitsConfig
 .text.SYNTH_RetimeClkConfig
                0x00013bf8       0xb4 C:\Users\Salva\SimplicityStudio\v4_workspace\ARTIK-020-BLE\platform\radio\rail_lib\autogen\librail_release\librail_efr32xg1_gcc_release.a(synth.o)
                0x00013bf8                SYNTH_RetimeClkConfig
 .text.SYNTH_Config
                0x00013cac      0x108 C:\Users\Salva\SimplicityStudio\v4_workspace\ARTIK-020-BLE\platform\radio\rail_lib\autogen\librail_release\librail_efr32xg1_gcc_release.a(synth.o)
                0x00013cac                SYNTH_Config
 .text.SYNTH_ChannelSet
                0x00013db4       0x40 C:\Users\Salva\SimplicityStudio\v4_workspace\ARTIK-020-BLE\platform\radio\rail_lib\autogen\librail_release\librail_efr32xg1_gcc_release.a(synth.o)
                0x00013db4                SYNTH_ChannelSet
 .text.SYNTH_DCDCRetimeClkSet
                0x00013df4       0x6c C:\Users\Salva\SimplicityStudio\v4_workspace\ARTIK-020-BLE\platform\radio\rail_lib\autogen\librail_release\librail_efr32xg1_gcc_release.a(synth.o)
                0x00013df4                SYNTH_DCDCRetimeClkSet
 .text.SYNTH_DCDCRetimeEnable
                0x00013e60       0x18 C:\Users\Salva\SimplicityStudio\v4_workspace\ARTIK-020-BLE\platform\radio\rail_lib\autogen\librail_release\librail_efr32xg1_gcc_release.a(synth.o)
                0x00013e60                SYNTH_DCDCRetimeEnable
 .text.SYNTH_DCDCRetimeDisable
                0x00013e78       0x18 C:\Users\Salva\SimplicityStudio\v4_workspace\ARTIK-020-BLE\platform\radio\rail_lib\autogen\librail_release\librail_efr32xg1_gcc_release.a(synth.o)
                0x00013e78                SYNTH_DCDCRetimeDisable
 .text.SYNTH_KvnFreqCompensationEnable
                0x00013e90        0xc C:\Users\Salva\SimplicityStudio\v4_workspace\ARTIK-020-BLE\platform\radio\rail_lib\autogen\librail_release\librail_efr32xg1_gcc_release.a(synth.o)
                0x00013e90                SYNTH_KvnFreqCompensationEnable
 .text.RADIOCMU_ClockEnable
                0x00013e9c       0x40 C:\Users\Salva\SimplicityStudio\v4_workspace\ARTIK-020-BLE\platform\radio\rail_lib\autogen\librail_release\librail_efr32xg1_gcc_release.a(radio_cmu.o)
                0x00013e9c                RADIOCMU_ClockEnable
 .text.RADIOCMU_ClockFreqGet
                0x00013edc       0x88 C:\Users\Salva\SimplicityStudio\v4_workspace\ARTIK-020-BLE\platform\radio\rail_lib\autogen\librail_release\librail_efr32xg1_gcc_release.a(radio_cmu.o)
                0x00013edc                RADIOCMU_ClockFreqGet
 .text.RADIOCMU_ClockPrescGet
                0x00013f64       0x1c C:\Users\Salva\SimplicityStudio\v4_workspace\ARTIK-020-BLE\platform\radio\rail_lib\autogen\librail_release\librail_efr32xg1_gcc_release.a(radio_cmu.o)
                0x00013f64                RADIOCMU_ClockPrescGet
 .text.TEMPCAL_Init
                0x00013f80       0x40 C:\Users\Salva\SimplicityStudio\v4_workspace\ARTIK-020-BLE\platform\radio\rail_lib\autogen\librail_release\librail_efr32xg1_gcc_release.a(tempcal.o)
                0x00013f80                TEMPCAL_Init
 .text.TIMING_PreambleSyncBits
                0x00013fc0       0x2c C:\Users\Salva\SimplicityStudio\v4_workspace\ARTIK-020-BLE\platform\radio\rail_lib\autogen\librail_release\librail_efr32xg1_gcc_release.a(timings.o)
 .text.TIMING_CalcAdjustUs
                0x00013fec       0x28 C:\Users\Salva\SimplicityStudio\v4_workspace\ARTIK-020-BLE\platform\radio\rail_lib\autogen\librail_release\librail_efr32xg1_gcc_release.a(timings.o)
 .text.TIMING_SeqTimingInit
                0x00014014        0x2 C:\Users\Salva\SimplicityStudio\v4_workspace\ARTIK-020-BLE\platform\radio\rail_lib\autogen\librail_release\librail_efr32xg1_gcc_release.a(timings.o)
                0x00014014                TIMING_SeqTimingInit
 *fill*         0x00014016        0x2 
 .text.TIMING_NsToStimerTickCalcSigned
                0x00014018       0x28 C:\Users\Salva\SimplicityStudio\v4_workspace\ARTIK-020-BLE\platform\radio\rail_lib\autogen\librail_release\librail_efr32xg1_gcc_release.a(timings.o)
                0x00014018                TIMING_NsToStimerTickCalcSigned
 .text.TIMING_NsToStimerTickCalc
                0x00014040        0xc C:\Users\Salva\SimplicityStudio\v4_workspace\ARTIK-020-BLE\platform\radio\rail_lib\autogen\librail_release\librail_efr32xg1_gcc_release.a(timings.o)
                0x00014040                TIMING_NsToStimerTickCalc
 .text.TIMING_InitStimer
                0x0001404c       0x58 C:\Users\Salva\SimplicityStudio\v4_workspace\ARTIK-020-BLE\platform\radio\rail_lib\autogen\librail_release\librail_efr32xg1_gcc_release.a(timings.o)
                0x0001404c                TIMING_InitStimer
 .text.TIMING_TxWarmTimeRecalculate
                0x000140a4       0x34 C:\Users\Salva\SimplicityStudio\v4_workspace\ARTIK-020-BLE\platform\radio\rail_lib\autogen\librail_release\librail_efr32xg1_gcc_release.a(timings.o)
                0x000140a4                TIMING_TxWarmTimeRecalculate
 .text.TIMING_TxWarmTimeSet
                0x000140d8       0x18 C:\Users\Salva\SimplicityStudio\v4_workspace\ARTIK-020-BLE\platform\radio\rail_lib\autogen\librail_release\librail_efr32xg1_gcc_release.a(timings.o)
                0x000140d8                TIMING_TxWarmTimeSet
 .text.TIMING_RxToTxTimeRecalculate
                0x000140f0       0x34 C:\Users\Salva\SimplicityStudio\v4_workspace\ARTIK-020-BLE\platform\radio\rail_lib\autogen\librail_release\librail_efr32xg1_gcc_release.a(timings.o)
                0x000140f0                TIMING_RxToTxTimeRecalculate
 .text.TIMING_RxFrameToTxTimeRecalculate
                0x00014124       0x38 C:\Users\Salva\SimplicityStudio\v4_workspace\ARTIK-020-BLE\platform\radio\rail_lib\autogen\librail_release\librail_efr32xg1_gcc_release.a(timings.o)
                0x00014124                TIMING_RxFrameToTxTimeRecalculate
 .text.TIMING_RxFrameToTxTimeSet
                0x0001415c       0x18 C:\Users\Salva\SimplicityStudio\v4_workspace\ARTIK-020-BLE\platform\radio\rail_lib\autogen\librail_release\librail_efr32xg1_gcc_release.a(timings.o)
                0x0001415c                TIMING_RxFrameToTxTimeSet
 .text.TIMING_TxToTxTimeRecalculate
                0x00014174       0x24 C:\Users\Salva\SimplicityStudio\v4_workspace\ARTIK-020-BLE\platform\radio\rail_lib\autogen\librail_release\librail_efr32xg1_gcc_release.a(timings.o)
                0x00014174                TIMING_TxToTxTimeRecalculate
 .text.TIMING_TxToRxTimeRecalculate
                0x00014198       0x24 C:\Users\Salva\SimplicityStudio\v4_workspace\ARTIK-020-BLE\platform\radio\rail_lib\autogen\librail_release\librail_efr32xg1_gcc_release.a(timings.o)
                0x00014198                TIMING_TxToRxTimeRecalculate
 .text.TIMING_TxToRxTimeSet
                0x000141bc       0x18 C:\Users\Salva\SimplicityStudio\v4_workspace\ARTIK-020-BLE\platform\radio\rail_lib\autogen\librail_release\librail_efr32xg1_gcc_release.a(timings.o)
                0x000141bc                TIMING_TxToRxTimeSet
 .text.TIMING_RxWarmTimeRecalculate
                0x000141d4       0x20 C:\Users\Salva\SimplicityStudio\v4_workspace\ARTIK-020-BLE\platform\radio\rail_lib\autogen\librail_release\librail_efr32xg1_gcc_release.a(timings.o)
                0x000141d4                TIMING_RxWarmTimeRecalculate
 .text.TIMING_RxWarmTimeSet
                0x000141f4       0x18 C:\Users\Salva\SimplicityStudio\v4_workspace\ARTIK-020-BLE\platform\radio\rail_lib\autogen\librail_release\librail_efr32xg1_gcc_release.a(timings.o)
                0x000141f4                TIMING_RxWarmTimeSet
 .text.TIMING_RxSearchTimeRecalculate
                0x0001420c       0x28 C:\Users\Salva\SimplicityStudio\v4_workspace\ARTIK-020-BLE\platform\radio\rail_lib\autogen\librail_release\librail_efr32xg1_gcc_release.a(timings.o)
                0x0001420c                TIMING_RxSearchTimeRecalculate
 .text.TIMING_RxSearchTimeSet
                0x00014234       0x10 C:\Users\Salva\SimplicityStudio\v4_workspace\ARTIK-020-BLE\platform\radio\rail_lib\autogen\librail_release\librail_efr32xg1_gcc_release.a(timings.o)
                0x00014234                TIMING_RxSearchTimeSet
 .text.TIMING_TxToRxSearchTimeRecalculate
                0x00014244       0x28 C:\Users\Salva\SimplicityStudio\v4_workspace\ARTIK-020-BLE\platform\radio\rail_lib\autogen\librail_release\librail_efr32xg1_gcc_release.a(timings.o)
                0x00014244                TIMING_TxToRxSearchTimeRecalculate
 .text.TIMING_TxToRxSearchTimeSet
                0x0001426c       0x10 C:\Users\Salva\SimplicityStudio\v4_workspace\ARTIK-020-BLE\platform\radio\rail_lib\autogen\librail_release\librail_efr32xg1_gcc_release.a(timings.o)
                0x0001426c                TIMING_TxToRxSearchTimeSet
 .text.TIMING_RecalculateAll
                0x0001427c       0x3a C:\Users\Salva\SimplicityStudio\v4_workspace\ARTIK-020-BLE\platform\radio\rail_lib\autogen\librail_release\librail_efr32xg1_gcc_release.a(timings.o)
                0x0001427c                TIMING_RecalculateAll
 .text.TIMING_RecalculatePaRampChanged
                0x000142b6       0x22 C:\Users\Salva\SimplicityStudio\v4_workspace\ARTIK-020-BLE\platform\radio\rail_lib\autogen\librail_release\librail_efr32xg1_gcc_release.a(timings.o)
                0x000142b6                TIMING_RecalculatePaRampChanged
 .text.TIMING_SetChainDelays
                0x000142d8        0x8 C:\Users\Salva\SimplicityStudio\v4_workspace\ARTIK-020-BLE\platform\radio\rail_lib\autogen\librail_release\librail_efr32xg1_gcc_release.a(timings.o)
                0x000142d8                TIMING_SetChainDelays
 .text.TIMING_SetRxDoneDelay
                0x000142e0        0x6 C:\Users\Salva\SimplicityStudio\v4_workspace\ARTIK-020-BLE\platform\radio\rail_lib\autogen\librail_release\librail_efr32xg1_gcc_release.a(timings.o)
                0x000142e0                TIMING_SetRxDoneDelay
 .text.TIMING_CalcRxTimeStampUs
                0x000142e6       0x7a C:\Users\Salva\SimplicityStudio\v4_workspace\ARTIK-020-BLE\platform\radio\rail_lib\autogen\librail_release\librail_efr32xg1_gcc_release.a(timings.o)
                0x000142e6                TIMING_CalcRxTimeStampUs
 .text.RFRAND_GetRadioEntropy
                0x00014360       0xf0 C:\Users\Salva\SimplicityStudio\v4_workspace\ARTIK-020-BLE\platform\radio\rail_lib\autogen\librail_release\librail_efr32xg1_gcc_release.a(rf_rand.o)
                0x00014360                RFRAND_GetRadioEntropy
 .text.RFRAND_SeedProtimerRandom
                0x00014450       0x3c C:\Users\Salva\SimplicityStudio\v4_workspace\ARTIK-020-BLE\platform\radio\rail_lib\autogen\librail_release\librail_efr32xg1_gcc_release.a(rf_rand.o)
                0x00014450                RFRAND_SeedProtimerRandom
 .text.RAIL_GetTxPowerCurve
                0x0001448c       0x14 C:\Users\Salva\SimplicityStudio\v4_workspace\ARTIK-020-BLE\platform\radio\rail_lib\autogen\librail_release\librail_efr32xg1_gcc_release.a(pa_conversions_efr32.o)
                0x0001448c                RAIL_GetTxPowerCurve
 .text.RAIL_InitTxPowerCurves
                0x000144a0       0x2c C:\Users\Salva\SimplicityStudio\v4_workspace\ARTIK-020-BLE\platform\radio\rail_lib\autogen\librail_release\librail_efr32xg1_gcc_release.a(pa_conversions_efr32.o)
                0x000144a0                RAIL_InitTxPowerCurves
 .text.RAIL_ConvertDbmToRaw
                0x000144cc       0xe4 C:\Users\Salva\SimplicityStudio\v4_workspace\ARTIK-020-BLE\platform\radio\rail_lib\autogen\librail_release\librail_efr32xg1_gcc_release.a(pa_conversions_efr32.o)