Archive member included because of file (symbol)

C:\Users\Salva\SimplicityStudio\v4_workspace\ARTIK-020-BLE\platform\radio\rail_lib\autogen\librail_release\librail_efr32xg1_gcc_release.a(rail_pti.o)
                              ./pti.o (RAIL_ConfigPti)
C:\Users\Salva\SimplicityStudio\v4_workspace\ARTIK-020-BLE\platform\radio\rail_lib\autogen\librail_release\librail_efr32xg1_gcc_release.a(rail_rf_hal.o)
                              C:\Users\Salva\SimplicityStudio\v4_workspace\ARTIK-020-BLE\platform\radio\rail_lib\autogen\librail_release\librail_efr32xg1_gcc_release.a(rail_pti.o) (RFHAL_ConfigPti)
C:\Users\Salva\SimplicityStudio\v4_workspace\ARTIK-020-BLE\platform\radio\rail_lib\autogen\librail_release\librail_efr32xg1_gcc_release.a(rail_singleprotocol.o)
                              C:\Users\Salva\SimplicityStudio\v4_workspace\ARTIK-020-BLE\platform\radio\rail_lib\autogen\librail_release\librail_efr32xg1_gcc_release.a(rail_rf_hal.o) (RAIL_ActiveHandle)
C:\Users\Salva\SimplicityStudio\v4_workspace\ARTIK-020-BLE\platform\radio\rail_lib\autogen\librail_release\librail_efr32xg1_gcc_release.a(rail_rf.o)
                              C:\Users\Salva\SimplicityStudio\v4_workspace\ARTIK-020-BLE\platform\radio\rail_lib\autogen\librail_release\librail_efr32xg1_gcc_release.a(rail_singleprotocol.o) (RAILCore_Init)
C:\Users\Salva\SimplicityStudio\v4_workspace\ARTIK-020-BLE\platform\radio\rail_lib\autogen\librail_release\librail_efr32xg1_gcc_release.a(rail_rx.o)
                              C:\Users\Salva\SimplicityStudio\v4_workspace\ARTIK-020-BLE\platform\radio\rail_lib\autogen\librail_release\librail_efr32xg1_gcc_release.a(rail_rf_hal.o) (RAILCore_StartRx)
C:\Users\Salva\SimplicityStudio\v4_workspace\ARTIK-020-BLE\platform\radio\rail_lib\autogen\librail_release\librail_efr32xg1_gcc_release.a(rail_tx.o)
                              C:\Users\Salva\SimplicityStudio\v4_workspace\ARTIK-020-BLE\platform\radio\rail_lib\autogen\librail_release\librail_efr32xg1_gcc_release.a(rail_singleprotocol.o) (RAILCore_StartTx)
C:\Users\Salva\SimplicityStudio\v4_workspace\ARTIK-020-BLE\platform\radio\rail_lib\autogen\librail_release\librail_efr32xg1_gcc_release.a(rail_calibration.o)
                              C:\Users\Salva\SimplicityStudio\v4_workspace\ARTIK-020-BLE\platform\radio\rail_lib\autogen\librail_release\librail_efr32xg1_gcc_release.a(rail_rf_hal.o) (RAILInt_PendCal)
C:\Users\Salva\SimplicityStudio\v4_workspace\ARTIK-020-BLE\platform\radio\rail_lib\autogen\librail_release\librail_efr32xg1_gcc_release.a(rail_assert.o)
                              C:\Users\Salva\SimplicityStudio\v4_workspace\ARTIK-020-BLE\platform\radio\rail_lib\autogen\librail_release\librail_efr32xg1_gcc_release.a(rail_rf.o) (RAILInt_Assert)
C:\Users\Salva\SimplicityStudio\v4_workspace\ARTIK-020-BLE\platform\radio\rail_lib\autogen\librail_release\librail_efr32xg1_gcc_release.a(rail_rssi.o)
                              C:\Users\Salva\SimplicityStudio\v4_workspace\ARTIK-020-BLE\platform\radio\rail_lib\autogen\librail_release\librail_efr32xg1_gcc_release.a(rail_singleprotocol.o) (RAILCore_GetRssi)
C:\Users\Salva\SimplicityStudio\v4_workspace\ARTIK-020-BLE\platform\radio\rail_lib\autogen\librail_release\librail_efr32xg1_gcc_release.a(bufc.o)
                              C:\Users\Salva\SimplicityStudio\v4_workspace\ARTIK-020-BLE\platform\radio\rail_lib\autogen\librail_release\librail_efr32xg1_gcc_release.a(rail_rf_hal.o) (BUFC_SetTxBuffer)
C:\Users\Salva\SimplicityStudio\v4_workspace\ARTIK-020-BLE\platform\radio\rail_lib\autogen\librail_release\librail_efr32xg1_gcc_release.a(ir_cal.o)
                              C:\Users\Salva\SimplicityStudio\v4_workspace\ARTIK-020-BLE\platform\radio\rail_lib\autogen\librail_release\librail_efr32xg1_gcc_release.a(rail_rf_hal.o) (IRCAL_Set)
C:\Users\Salva\SimplicityStudio\v4_workspace\ARTIK-020-BLE\platform\radio\rail_lib\autogen\librail_release\librail_efr32xg1_gcc_release.a(pa.o)
                              C:\Users\Salva\SimplicityStudio\v4_workspace\ARTIK-020-BLE\platform\radio\rail_lib\autogen\librail_release\librail_efr32xg1_gcc_release.a(rail_rf_hal.o) (PA_GetTxPowerConfig)
C:\Users\Salva\SimplicityStudio\v4_workspace\ARTIK-020-BLE\platform\radio\rail_lib\autogen\librail_release\librail_efr32xg1_gcc_release.a(protimer.o)
                              C:\Users\Salva\SimplicityStudio\v4_workspace\ARTIK-020-BLE\platform\radio\rail_lib\autogen\librail_release\librail_efr32xg1_gcc_release.a(rail_rf_hal.o) (PROTIMER_Start)
C:\Users\Salva\SimplicityStudio\v4_workspace\ARTIK-020-BLE\platform\radio\rail_lib\autogen\librail_release\librail_efr32xg1_gcc_release.a(pti.o)
                              C:\Users\Salva\SimplicityStudio\v4_workspace\ARTIK-020-BLE\platform\radio\rail_lib\autogen\librail_release\librail_efr32xg1_gcc_release.a(rail_rf_hal.o) (PTI_Config)
C:\Users\Salva\SimplicityStudio\v4_workspace\ARTIK-020-BLE\platform\radio\rail_lib\autogen\librail_release\librail_efr32xg1_gcc_release.a(antenna.o)
[...]
Memory Configuration

Name             Origin             Length             Attributes
FLASH_BOOTLOADER 0x00000000         0x00004000         xr
FLASH            0x00004000         0x0003b000         xr
RAM              0x20000000         0x00007bfc         xrw
*default*        0x00000000         0xffffffff

Linker script and memory map

LOAD c:/siliconlabs/simplicitystudio/v4/developer/toolchains/gnu_arm/4.9_2015q3/bin/../lib/gcc/arm-none-eabi/4.9.3/armv7e-m/softfp/crti.o
LOAD c:/siliconlabs/simplicitystudio/v4/developer/toolchains/gnu_arm/4.9_2015q3/bin/../lib/gcc/arm-none-eabi/4.9.3/armv7e-m/softfp/crtbegin.o
LOAD c:/siliconlabs/simplicitystudio/v4/developer/toolchains/gnu_arm/4.9_2015q3/bin/../lib/gcc/arm-none-eabi/4.9.3/../../../../arm-none-eabi/lib/armv7e-m/softfp/crt0.o
START GROUP
LOAD ./Images/Image_iTC_287_01.o
LOAD ./Images/Image_iTC_287_02.o
LOAD ./Images/Image_iTC_287_03.o
LOAD ./advertisement.o
LOAD ./app.o
LOAD ./application_properties.o
LOAD ./debug_printf.o
LOAD ./gatt_db.o
LOAD ./init_app.o
LOAD ./init_board.o
LOAD ./init_mcu.o
LOAD ./main.o
LOAD ./pti.o
LOAD ./retargetio.o
LOAD ./retargetserial.o
LOAD ./spp.o
LOAD ./hardware/kit/common/bsp/bsp_stk.o
LOAD ./hardware/kit/common/drivers/mx25flash_spi.o
LOAD ./pervasive/EPD_Temperature_IIC.o
LOAD ./pervasive/EPD_interface.o
LOAD ./pervasive/FPL_drivers/Board_HW_Driver.o
LOAD ./pervasive/FPL_drivers/eTC_G1_Size_Aurora_Mb.o
LOAD ./pervasive/FPL_drivers/eTC_G2_Size_Aurora_Ma.o
LOAD ./pervasive/FPL_drivers/eTC_G2_Size_Aurora_Mb.o
LOAD ./pervasive/FPL_drivers/iTC_215_Aurora_Mb.o
LOAD ./pervasive/FPL_drivers/iTC_287_Aurora_Mb.o
LOAD ./pervasive/FPL_drivers/iTC_287_Spectra.o
LOAD ./pervasive/FPL_drivers/iTC_420_Aurora_Mb.o
LOAD ./pervasive/FPL_drivers/iTC_420_Spectra.o
LOAD ./pervasive/FPL_drivers/iTC_Engine.o
LOAD ./platform/Device/SiliconLabs/EFR32BG1B/Source/GCC/startup_efr32bg1b.o
LOAD ./platform/Device/SiliconLabs/EFR32BG1B/Source/system_efr32bg1b.o
LOAD ./platform/emdrv/sleep/src/sleep.o
LOAD ./platform/emdrv/tempdrv/src/tempdrv.o
LOAD ./platform/emlib/src/em_cmu.o
LOAD ./platform/emlib/src/em_core.o
LOAD ./platform/emlib/src/em_cryotimer.o
LOAD ./platform/emlib/src/em_crypto.o
LOAD ./platform/emlib/src/em_emu.o
LOAD ./platform/emlib/src/em_gpio.o
LOAD ./platform/emlib/src/em_i2c.o
LOAD ./platform/emlib/src/em_msc.o
LOAD ./platform/emlib/src/em_rmu.o
LOAD ./platform/emlib/src/em_rtcc.o
LOAD ./platform/emlib/src/em_system.o
LOAD ./platform/emlib/src/em_usart.o
LOAD C:\Users\Salva\SimplicityStudio\v4_workspace\ARTIK-020-BLE\protocol\bluetooth_2.7\lib\EFR32BG1B\GCC\libmbedtls.a
LOAD C:\Users\Salva\SimplicityStudio\v4_workspace\ARTIK-020-BLE\protocol\bluetooth_2.7\lib\EFR32BG1B\GCC\libpsstore.a
LOAD C:\Users\Salva\SimplicityStudio\v4_workspace\ARTIK-020-BLE\platform\radio\rail_lib\autogen\librail_release\librail_efr32xg1_gcc_release.a
LOAD C:\Users\Salva\SimplicityStudio\v4_workspace\ARTIK-020-BLE\protocol\bluetooth_2.7\lib\EFR32BG1B\GCC\binapploader.o
LOAD C:\Users\Salva\SimplicityStudio\v4_workspace\ARTIK-020-BLE\protocol\bluetooth_2.7\lib\EFR32BG1B\GCC\libbluetooth.a
LOAD c:/siliconlabs/simplicitystudio/v4/developer/toolchains/gnu_arm/4.9_2015q3/bin/../lib/gcc/arm-none-eabi/4.9.3/../../../../arm-none-eabi/lib/armv7e-m/softfp\libm.a
END GROUP
START GROUP
LOAD c:/siliconlabs/simplicitystudio/v4/developer/toolchains/gnu_arm/4.9_2015q3/bin/../lib/gcc/arm-none-eabi/4.9.3/armv7e-m/softfp\libgcc.a
LOAD c:/siliconlabs/simplicitystudio/v4/developer/toolchains/gnu_arm/4.9_2015q3/bin/../lib/gcc/arm-none-eabi/4.9.3/../../../../arm-none-eabi/lib/armv7e-m/softfp\libc_nano.a
LOAD c:/siliconlabs/simplicitystudio/v4/developer/toolchains/gnu_arm/4.9_2015q3/bin/../lib/gcc/arm-none-eabi/4.9.3/../../../../arm-none-eabi/lib/armv7e-m/softfp\libnosys.a
END GROUP
START GROUP
LOAD c:/siliconlabs/simplicitystudio/v4/developer/toolchains/gnu_arm/4.9_2015q3/bin/../lib/gcc/arm-none-eabi/4.9.3/armv7e-m/softfp\libgcc.a
LOAD c:/siliconlabs/simplicitystudio/v4/developer/toolchains/gnu_arm/4.9_2015q3/bin/../lib/gcc/arm-none-eabi/4.9.3/../../../../arm-none-eabi/lib/armv7e-m/softfp\libg_nano.a
LOAD c:/siliconlabs/simplicitystudio/v4/developer/toolchains/gnu_arm/4.9_2015q3/bin/../lib/gcc/arm-none-eabi/4.9.3/../../../../arm-none-eabi/lib/armv7e-m/softfp\libc_nano.a
END GROUP
START GROUP
LOAD c:/siliconlabs/simplicitystudio/v4/developer/toolchains/gnu_arm/4.9_2015q3/bin/../lib/gcc/arm-none-eabi/4.9.3/armv7e-m/softfp\libgcc.a
LOAD c:/siliconlabs/simplicitystudio/v4/developer/toolchains/gnu_arm/4.9_2015q3/bin/../lib/gcc/arm-none-eabi/4.9.3/../../../../arm-none-eabi/lib/armv7e-m/softfp\libc_nano.a
END GROUP
LOAD c:/siliconlabs/simplicitystudio/v4/developer/toolchains/gnu_arm/4.9_2015q3/bin/../lib/gcc/arm-none-eabi/4.9.3/armv7e-m/softfp/crtend.o
LOAD c:/siliconlabs/simplicitystudio/v4/developer/toolchains/gnu_arm/4.9_2015q3/bin/../lib/gcc/arm-none-eabi/4.9.3/armv7e-m/softfp/crtn.o

.text_bootloader
                0x00000000        0x0
 *(.binbootloader*)
                0x00000000                . = ALIGN (0x4000)

.text_apploader
                0x00004000     0x8fc0
 *(.binapploader*)
 .binapploader  0x00004000     0x8fc0 C:\Users\Salva\SimplicityStudio\v4_workspace\ARTIK-020-BLE\protocol\bluetooth_2.7\lib\EFR32BG1B\GCC\binapploader.o

.text_signature
                0x0000cfc0       0x40
                0x0000d000                . = ALIGN (0x800)
 *fill*         0x0000cfc0       0x40 
                0x0000d000                __text_start__ = .

.text_application
                0x0000d000    0x22350
 *(.vectors)
 .vectors       0x0000d000       0xc8 ./platform/Device/SiliconLabs/EFR32BG1B/Source/GCC/startup_efr32bg1b.o
                0x0000d000                __Vectors
                0x0000d0c8                __Vectors_End = .
                0x000000c8                __Vectors_Size = (__Vectors_End - __Vectors)
                0x0000d0c8                __end__ = .
 *(.application_properties)
 .application_properties
                0x0000d0c8       0x38 ./application_properties.o
                0x0000d0c8                applicationProperties
 *(.gecko_configuration)
 *(.xo_configuration)
 *(.gatt_header)
 .gatt_header   0x0000d100       0x34 ./gatt_db.o
                0x0000d100                bg_gattdb_data
 *(.gatt_data)
 .gatt_data     0x0000d134      0x1e2 ./gatt_db.o
                0x0000d134                bg_gattdb_data_adv_uuid128_map
                0x0000d138                bg_gattdb_data_adv_uuid16_map
                0x0000d13c                bg_gattdb_data_attributes_dynamic_mapping_map
                0x0000d144                bg_gattdb_data_attributes_map
                0x0000d234                bg_gattdb_data_attribute_field_0
                0x0000d238                bg_gattdb_data_attribute_field_1
                0x0000d240                bg_gattdb_data_attribute_field_2
                0x0000d248                bg_gattdb_data_attribute_field_4
                0x0000d24c                bg_gattdb_data_attribute_field_5
                0x0000d254                bg_gattdb_data_attribute_field_6
                0x0000d25c                bg_gattdb_data_attribute_field_7
                0x0000d264                bg_gattdb_data_attribute_field_8
                0x0000d268                bg_gattdb_data_attribute_field_9
                0x0000d26c                bg_gattdb_data_attribute_field_10
                0x0000d274                bg_gattdb_data_attribute_field_11
                0x0000d284                bg_gattdb_data_attribute_field_12
                0x0000d28c                bg_gattdb_data_attribute_field_13
                0x0000d298                bg_gattdb_data_attribute_field_14
                0x0000d2a0                bg_gattdb_data_attribute_field_15
                0x0000d2a8                bg_gattdb_data_attribute_field_16
                0x0000d2bc                bg_gattdb_data_attribute_field_17
                0x0000d2d4                bg_gattdb_data_attribute_field_18
                0x0000d2dc                bg_gattdb_data_uuidtable_128_map
                0x0000d2fc                bg_gattdb_data_uuidtable_16_map
 *(.text*)
 *fill*         0x0000d316        0x2 
 .text          0x0000d318       0x5c c:/siliconlabs/simplicitystudio/v4/developer/toolchains/gnu_arm/4.9_2015q3/bin/../lib/gcc/arm-none-eabi/4.9.3/armv7e-m/softfp/crtbegin.o
 .text          0x0000d374       0x74 c:/siliconlabs/simplicitystudio/v4/developer/toolchains/gnu_arm/4.9_2015q3/bin/../lib/gcc/arm-none-eabi/4.9.3/../../../../arm-none-eabi/lib/armv7e-m/softfp/crt0.o
                0x0000d374                _start
                0x0000d374                _mainCRTStartup
 .text.advParameters
                0x0000d3e8       0x58 ./advertisement.o
                0x0000d3e8                advParameters
 .text.setDiscoverableMode
                0x0000d440       0x34 ./advertisement.o
                0x0000d440                setDiscoverableMode
 .text.setUnDiscoverableMode
                0x0000d474       0x34 ./advertisement.o
                0x0000d474                setUnDiscoverableMode
 .text.appInit  0x0000d4a8       0xb0 ./app.o
                0x0000d4a8                appInit
 .text.pintaPantalla
                0x0000d558       0x88 ./app.o
                0x0000d558                pintaPantalla
 .text.appHandleEvents
                0x0000d5e0      0x1d0 ./app.o
                0x0000d5e0                appHandleEvents
 .text.initApp  0x0000d7b0       0x24 ./init_app.o
                0x0000d7b0                initApp
 .text.initBoard
                0x0000d7d4       0x48 ./init_board.o
                0x0000d7d4                initBoard
 .text.initMcu  0x0000d81c      0x15c ./init_mcu.o
                0x0000d81c                initMcu
 .text.startup.main
                0x0000d978       0x80 ./main.o
                0x0000d978                main
 .text.configEnablePti
                0x0000d9f8       0x30 ./pti.o
                0x0000d9f8                configEnablePti
 .text._close   0x0000da28        0x4 ./retargetio.o
                0x0000da28                _close
 .text._exit    0x0000da2c        0x4 ./retargetio.o
                0x0000da2c                _exit
 .text._fstat   0x0000da30        0xc ./retargetio.o
                0x0000da30                _fstat
 .text._isatty  0x0000da3c        0x4 ./retargetio.o
                0x0000da3c                _isatty
 .text._lseek   0x0000da40        0x4 ./retargetio.o
                0x0000da40                _lseek
 .text._read    0x0000da44       0x30 ./retargetio.o
                0x0000da44                _read
 .text._sbrk    0x0000da74       0x1c ./retargetio.o
                0x0000da74                _sbrk
 .text._write   0x0000da90       0x1c ./retargetio.o
                0x0000da90                _write
 .text.USART0_RX_IRQHandler
                0x0000daac       0x58 ./retargetserial.o
                0x0000daac                USART0_RX_IRQHandler
 .text.RETARGET_SerialInit
                0x0000db04       0xc8 ./retargetserial.o
                0x0000db04                RETARGET_SerialInit
 .text.RETARGET_ReadChar
                0x0000dbcc       0x58 ./retargetserial.o
                0x0000dbcc                RETARGET_ReadChar
 .text.RETARGET_WriteChar
                0x0000dc24       0x58 ./retargetserial.o
                0x0000dc24                RETARGET_WriteChar
 .text.spp_init
                0x0000dc7c        0xc ./spp.o
                0x0000dc7c                spp_init
 .text.reset_variables
                0x0000dc88       0x1c ./spp.o
                0x0000dc88                reset_variables
 .text.copy_Image
                0x0000dca4       0x4c ./spp.o
                0x0000dca4                copy_Image
 .text.MX25_init
                0x0000dcf0       0xa4 ./hardware/kit/common/drivers/mx25flash_spi.o
                0x0000dcf0                MX25_init
 .text.MX25_DP  0x0000dd94       0x5c ./hardware/kit/common/drivers/mx25flash_spi.o
                0x0000dd94                MX25_DP
 .text.EPD_display_init
                0x0000ddf0       0x1c ./pervasive/EPD_interface.o
                0x0000ddf0                EPD_display_init
 .text.Set_AssignEPD_Drive
                0x0000de0c       0x74 ./pervasive/EPD_interface.o
                0x0000de0c                Set_AssignEPD_Drive
 .text.EPD_Power_off_Ex
                0x0000de80       0x40 ./pervasive/EPD_interface.o
                0x0000de80                EPD_Power_off_Ex
 .text.EPD_display_GU_from_pointer
                0x0000dec0       0xc0 ./pervasive/EPD_interface.o
                0x0000dec0                EPD_display_GU_from_pointer
 .text.Config_Busy_Pin
                0x0000df80        0xc ./pervasive/FPL_drivers/Board_HW_Driver.o
                0x0000df80                Config_Busy_Pin
 .text.EPD_IsBusy
                0x0000df8c       0x10 ./pervasive/FPL_drivers/Board_HW_Driver.o
                0x0000df8c                EPD_IsBusy
 .text.Config_EPD_cs_Pin
                0x0000df9c        0xc ./pervasive/FPL_drivers/Board_HW_Driver.o
                0x0000df9c                Config_EPD_cs_Pin
 .text.EPD_cs_high
                0x0000dfa8       0x10 ./pervasive/FPL_drivers/Board_HW_Driver.o
                0x0000dfa8                EPD_cs_high
 .text.EPD_cs_low
                0x0000dfb8       0x10 ./pervasive/FPL_drivers/Board_HW_Driver.o
                0x0000dfb8                EPD_cs_low
 .text.Config_EPD_flash_cs_Pin
                0x0000dfc8        0xc ./pervasive/FPL_drivers/Board_HW_Driver.o
                0x0000dfc8                Config_EPD_flash_cs_Pin
 .text.EPD_flash_cs_high
                0x0000dfd4        0xc ./pervasive/FPL_drivers/Board_HW_Driver.o
                0x0000dfd4                EPD_flash_cs_high
 .text.Config_EPD_rst_Pin
                0x0000dfe0        0xc ./pervasive/FPL_drivers/Board_HW_Driver.o
                0x0000dfe0                Config_EPD_rst_Pin
 .text.EPD_rst_high
                0x0000dfec        0xc ./pervasive/FPL_drivers/Board_HW_Driver.o
                0x0000dfec                EPD_rst_high
 .text.EPD_rst_low
                0x0000dff8        0xc ./pervasive/FPL_drivers/Board_HW_Driver.o
                0x0000dff8                EPD_rst_low
 .text.Config_EPD_discharge_Pin
                0x0000e004        0xc ./pervasive/FPL_drivers/Board_HW_Driver.o
                0x0000e004                Config_EPD_discharge_Pin
 .text.EPD_discharge_high
                0x0000e010        0xc ./pervasive/FPL_drivers/Board_HW_Driver.o
                0x0000e010                EPD_discharge_high
 .text.EPD_discharge_low
                0x0000e01c        0xc ./pervasive/FPL_drivers/Board_HW_Driver.o
                0x0000e01c                EPD_discharge_low
 .text.Config_EPD_panelon_Pin
                0x0000e028        0xc ./pervasive/FPL_drivers/Board_HW_Driver.o
                0x0000e028                Config_EPD_panelon_Pin
 .text.EPD_Vcc_turn_on
                0x0000e034       0x10 ./pervasive/FPL_drivers/Board_HW_Driver.o
                0x0000e034                EPD_Vcc_turn_on
 .text.EPD_Vcc_turn_off
                0x0000e044       0x10 ./pervasive/FPL_drivers/Board_HW_Driver.o
                0x0000e044                EPD_Vcc_turn_off
 .text.Config_EPD_DC_Pin
                0x0000e054        0xc ./pervasive/FPL_drivers/Board_HW_Driver.o
                0x0000e054                Config_EPD_DC_Pin
 .text.EPD_DC_high
                0x0000e060        0xc ./pervasive/FPL_drivers/Board_HW_Driver.o
                0x0000e060                EPD_DC_high
 .text.EPD_DC_low
                0x0000e06c        0xc ./pervasive/FPL_drivers/Board_HW_Driver.o
                0x0000e06c                EPD_DC_low
 .text.Config_EPD_DB1_Pin
                0x0000e078        0xc ./pervasive/FPL_drivers/Board_HW_Driver.o
                0x0000e078                Config_EPD_DB1_Pin
 .text.Config_EPD_DB2_Pin
                0x0000e084        0x4 ./pervasive/FPL_drivers/Board_HW_Driver.o
                0x0000e084                Config_EPD_DB2_Pin
 .text.Systick_Configuration
                0x0000e088       0x54 ./pervasive/FPL_drivers/Board_HW_Driver.o
                0x0000e088                Systick_Configuration
 .text.SysTick_Handler
                0x0000e0dc       0x10 ./pervasive/FPL_drivers/Board_HW_Driver.o
                0x0000e0dc                SysTick_Handler
 .text.systick_Stop
                0x0000e0ec       0x10 ./pervasive/FPL_drivers/Board_HW_Driver.o
                0x0000e0ec                systick_Stop
 .text.systick_Start
                0x0000e0fc        0x4 ./pervasive/FPL_drivers/Board_HW_Driver.o
                0x0000e0fc                systick_Start
 .text.start_EPD_timer
                0x0000e100       0x14 ./pervasive/FPL_drivers/Board_HW_Driver.o
                0x0000e100                start_EPD_timer
 .text.stop_EPD_timer
                0x0000e114        0x4 ./pervasive/FPL_drivers/Board_HW_Driver.o
                0x0000e114                stop_EPD_timer
 .text.get_EPD_time_tick
                0x0000e118       0x14 ./pervasive/FPL_drivers/Board_HW_Driver.o
                0x0000e118                get_EPD_time_tick
 .text.EPD_delay_ms
                0x0000e12c       0x24 ./pervasive/FPL_drivers/Board_HW_Driver.o
                0x0000e12c                EPD_delay_ms
 .text.epd_spi_init
                0x0000e150       0x94 ./pervasive/FPL_drivers/Board_HW_Driver.o
                0x0000e150                epd_spi_init
 .text.EPD_spi_attach
                0x0000e1e4       0x34 ./pervasive/FPL_drivers/Board_HW_Driver.o
                0x0000e1e4                EPD_spi_attach
 .text.EPD_spi_detach
                0x0000e218       0x54 ./pervasive/FPL_drivers/Board_HW_Driver.o
                0x0000e218                EPD_spi_detach
 .text.iTC_spi_sendReg
                0x0000e26c       0x38 ./pervasive/FPL_drivers/Board_HW_Driver.o
                0x0000e26c                iTC_spi_sendReg
 .text.iTC_spi_sendRegData
                0x0000e2a4       0x18 ./pervasive/FPL_drivers/Board_HW_Driver.o
                0x0000e2a4                iTC_spi_sendRegData
 .text.iTC_spi_send
                0x0000e2bc       0x64 ./pervasive/FPL_drivers/Board_HW_Driver.o
                0x0000e2bc                iTC_spi_send
 .text.EPD_initialize_gpio
                0x0000e320       0x84 ./pervasive/FPL_drivers/Board_HW_Driver.o
                0x0000e320                EPD_initialize_gpio
 .text.EPD_display_hardware_init
                0x0000e3a4       0x28 ./pervasive/FPL_drivers/Board_HW_Driver.o
                0x0000e3a4                EPD_display_hardware_init
 .text.iTC_287Mb_IO_Config
                0x0000e3cc        0x4 ./pervasive/FPL_drivers/iTC_287_Aurora_Mb.o
                0x0000e3cc                iTC_287Mb_IO_Config
 .text.iTC_287Mb_power_on
                0x0000e3d0       0x18 ./pervasive/FPL_drivers/iTC_287_Aurora_Mb.o
                0x0000e3d0                iTC_287Mb_power_on
 .text.iTC_287Mb_initialize_driver
                0x0000e3e8        0x4 ./pervasive/FPL_drivers/iTC_287_Aurora_Mb.o
                0x0000e3e8                iTC_287Mb_initialize_driver
 .text.iTC_287Mb_Display_from_Ram
                0x0000e3ec        0x4 ./pervasive/FPL_drivers/iTC_287_Aurora_Mb.o
                0x0000e3ec                iTC_287Mb_Display_from_Ram
 .text.iTC_287Mb_Display_from_flash
                0x0000e3f0        0x4 ./pervasive/FPL_drivers/iTC_287_Aurora_Mb.o
                0x0000e3f0                iTC_287Mb_Display_from_flash
 .text.iTC_287Mb_Display_PU_from_Ram
                0x0000e3f4        0x4 ./pervasive/FPL_drivers/iTC_287_Aurora_Mb.o
                0x0000e3f4                iTC_287Mb_Display_PU_from_Ram
 .text.iTC_287Mb_Display_PU_From_Flash
                0x0000e3f8        0x4 ./pervasive/FPL_drivers/iTC_287_Aurora_Mb.o
                0x0000e3f8                iTC_287Mb_Display_PU_From_Flash
 .text.iTC_287Mb_power_off
                0x0000e3fc        0x4 ./pervasive/FPL_drivers/iTC_287_Aurora_Mb.o
                0x0000e3fc                iTC_287Mb_power_off
 .text.iTC_ReadLineData_PU_Handle
                0x0000e400      0x12c ./pervasive/FPL_drivers/iTC_Engine.o
                0x0000e400                iTC_ReadLineData_PU_Handle
 .text.iTC_ReadLineData_Handle
                0x0000e52c       0xd0 ./pervasive/FPL_drivers/iTC_Engine.o
                0x0000e52c                iTC_ReadLineData_Handle
 .text.readLUTData
                0x0000e5fc       0x40 ./pervasive/FPL_drivers/iTC_Engine.o
                0x0000e5fc                readLUTData
 .text.decod_cmd
                0x0000e63c      0x594 ./pervasive/FPL_drivers/iTC_Engine.o
                0x0000e63c                decod_cmd
 .text.RunEngine.part.2
                0x0000ebd0       0x18 ./pervasive/FPL_drivers/iTC_Engine.o
 .text.iTC_Display_PU_from_Ram
                0x0000ebe8       0x60 ./pervasive/FPL_drivers/iTC_Engine.o
                0x0000ebe8                iTC_Display_PU_from_Ram
 .text.iTC_Display_PU_From_Flash
                0x0000ec48       0x74 ./pervasive/FPL_drivers/iTC_Engine.o
                0x0000ec48                iTC_Display_PU_From_Flash
 .text.iTC_IO_Config
                0x0000ecbc       0x44 ./pervasive/FPL_drivers/iTC_Engine.o
                0x0000ecbc                iTC_IO_Config
 .text.iTC_power_on
                0x0000ed00       0x8c ./pervasive/FPL_drivers/iTC_Engine.o
                0x0000ed00                iTC_power_on
 .text.iTC_initialize_driver
                0x0000ed8c       0x78 ./pervasive/FPL_drivers/iTC_Engine.o
                0x0000ed8c                iTC_initialize_driver
 .text.iTC_Display_from_Ram
                0x0000ee04       0x68 ./pervasive/FPL_drivers/iTC_Engine.o
                0x0000ee04                iTC_Display_from_Ram
 .text.iTC_Display_from_flash
                0x0000ee6c       0x78 ./pervasive/FPL_drivers/iTC_Engine.o
                0x0000ee6c                iTC_Display_from_flash
 .text.iTC_power_off
                0x0000eee4       0x44 ./pervasive/FPL_drivers/iTC_Engine.o
                0x0000eee4                iTC_power_off
 .text.Default_Handler
                0x0000ef28        0x4 ./platform/Device/SiliconLabs/EFR32BG1B/Source/GCC/startup_efr32bg1b.o
                0x0000ef28                DebugMon_Handler
                0x0000ef28                USART0_TX_IRQHandler
                0x0000ef28                I2C0_IRQHandler
                0x0000ef28                HardFault_Handler
                0x0000ef28                USART1_RX_IRQHandler
                0x0000ef28                PendSV_Handler
                0x0000ef28                NMI_Handler
                0x0000ef28                WDOG0_IRQHandler
                0x0000ef28                USART1_TX_IRQHandler
                0x0000ef28                MSC_IRQHandler
                0x0000ef28                ADC0_IRQHandler
                0x0000ef28                UsageFault_Handler
                0x0000ef28                LEUART0_IRQHandler
                0x0000ef28                FPUEH_IRQHandler
                0x0000ef28                GPIO_EVEN_IRQHandler
                0x0000ef28                LDMA_IRQHandler
                0x0000ef28                TIMER0_IRQHandler
                0x0000ef28                LETIMER0_IRQHandler
                0x0000ef28                TIMER1_IRQHandler
                0x0000ef28                Default_Handler
                0x0000ef28                CRYOTIMER_IRQHandler
                0x0000ef28                PCNT0_IRQHandler
                0x0000ef28                ACMP0_IRQHandler
                0x0000ef28                MemManage_Handler
                0x0000ef28                SVC_Handler
                0x0000ef28                RTCC_IRQHandler
                0x0000ef28                CRYPTO_IRQHandler
                0x0000ef28                CMU_IRQHandler
                0x0000ef28                GPIO_ODD_IRQHandler
                0x0000ef28                BusFault_Handler
                0x0000ef28                IDAC0_IRQHandler
 .text.Reset_Handler
                0x0000ef2c       0x38 ./platform/Device/SiliconLabs/EFR32BG1B/Source/GCC/startup_efr32bg1b.o
                0x0000ef2c                Reset_Handler
 .text.SystemMaxCoreClockGet
                0x0000ef64        0x8 ./platform/Device/SiliconLabs/EFR32BG1B/Source/system_efr32bg1b.o
                0x0000ef64                SystemMaxCoreClockGet
 .text.SystemHFClockGet
                0x0000ef6c       0x50 ./platform/Device/SiliconLabs/EFR32BG1B/Source/system_efr32bg1b.o
                0x0000ef6c                SystemHFClockGet
 .text.SystemCoreClockGet
                0x0000efbc       0x24 ./platform/Device/SiliconLabs/EFR32BG1B/Source/system_efr32bg1b.o
                0x0000efbc                SystemCoreClockGet
 .text.SystemHFXOClockGet
                0x0000efe0        0xc ./platform/Device/SiliconLabs/EFR32BG1B/Source/system_efr32bg1b.o
                0x0000efe0                SystemHFXOClockGet
 .text.SystemHFXOClockSet
                0x0000efec       0x20 ./platform/Device/SiliconLabs/EFR32BG1B/Source/system_efr32bg1b.o
                0x0000efec                SystemHFXOClockSet
 .text.SystemInit
                0x0000f00c       0x4c ./platform/Device/SiliconLabs/EFR32BG1B/Source/system_efr32bg1b.o
                0x0000f00c                SystemInit
 .text.SystemLFRCOClockGet
                0x0000f058        0x8 ./platform/Device/SiliconLabs/EFR32BG1B/Source/system_efr32bg1b.o
                0x0000f058                SystemLFRCOClockGet
 .text.SystemULFRCOClockGet
                0x0000f060        0x8 ./platform/Device/SiliconLabs/EFR32BG1B/Source/system_efr32bg1b.o
                0x0000f060                SystemULFRCOClockGet
 .text.SystemLFXOClockGet
                0x0000f068        0xc ./platform/Device/SiliconLabs/EFR32BG1B/Source/system_efr32bg1b.o
                0x0000f068                SystemLFXOClockGet
 .text.SystemLFXOClockSet
                0x0000f074       0x20 ./platform/Device/SiliconLabs/EFR32BG1B/Source/system_efr32bg1b.o
                0x0000f074                SystemLFXOClockSet
 .text.sleepCallbackWrapper
                0x0000f094       0x14 ./platform/emdrv/sleep/src/sleep.o
 .text.enterEMx
                0x0000f0a8       0x70 ./platform/emdrv/sleep/src/sleep.o
 .text.SLEEP_Init
                0x0000f118       0x44 ./platform/emdrv/sleep/src/sleep.o
                0x0000f118                SLEEP_Init
 .text.SLEEP_Sleep
                0x0000f15c       0x70 ./platform/emdrv/sleep/src/sleep.o
                0x0000f15c                SLEEP_Sleep
 .text.SLEEP_SleepBlockBegin
                0x0000f1cc       0x28 ./platform/emdrv/sleep/src/sleep.o
                0x0000f1cc                SLEEP_SleepBlockBegin
 .text.SLEEP_SleepBlockEnd
                0x0000f1f4       0x2c ./platform/emdrv/sleep/src/sleep.o
                0x0000f1f4                SLEEP_SleepBlockEnd
 .text.SLEEP_LowestEnergyModeGet
                0x0000f220       0x1c ./platform/emdrv/sleep/src/sleep.o
                0x0000f220                SLEEP_LowestEnergyModeGet
 .text.updateInterrupts
                0x0000f23c       0xe0 ./platform/emdrv/tempdrv/src/tempdrv.o
 .text.errataStateUpdate
                0x0000f31c       0xbc ./platform/emdrv/tempdrv/src/tempdrv.o
 .text.errataCallback
                0x0000f3d8        0x4 ./platform/emdrv/tempdrv/src/tempdrv.o
 .text.TEMPDRV_IRQHandler
                0x0000f3dc       0xd4 ./platform/emdrv/tempdrv/src/tempdrv.o
                0x0000f3dc                TEMPDRV_IRQHandler
 .text.EMU_IRQHandler
                0x0000f4b0        0x4 ./platform/emdrv/tempdrv/src/tempdrv.o
                0x0000f4b0                EMU_IRQHandler
 .text.TEMPDRV_Init
                0x0000f4b4      0x14c ./platform/emdrv/tempdrv/src/tempdrv.o
                0x0000f4b4                TEMPDRV_Init
 .text.flashWaitStateControl.isra.0
                0x0000f600       0x48 ./platform/emlib/src/em_cmu.o
 .text.CMU_OscillatorTuningSet.part.3
                0x0000f648       0x3c ./platform/emlib/src/em_cmu.o
 .text.CMU_ClockEnable
                0x0000f684       0x8c ./platform/emlib/src/em_cmu.o
                0x0000f684                CMU_ClockEnable
 .text.CMU_ClockPrescGet
                0x0000f710       0x94 ./platform/emlib/src/em_cmu.o
                0x0000f710                CMU_ClockPrescGet
 .text.CMU_ClockSelectGet
                0x0000f7a4       0xc4 ./platform/emlib/src/em_cmu.o
                0x0000f7a4                CMU_ClockSelectGet
 .text.lfClkGet
                0x0000f868       0x94 ./platform/emlib/src/em_cmu.o
 .text.CMU_ClockFreqGet
                0x0000f8fc      0x160 ./platform/emlib/src/em_cmu.o
                0x0000f8fc                CMU_ClockFreqGet
 .text.CMU_HFXOAutostartEnable
                0x0000fa5c       0x74 ./platform/emlib/src/em_cmu.o
                0x0000fa5c                CMU_HFXOAutostartEnable
 .text.CMU_OscillatorTuningWait
                0x0000fad0       0x5c ./platform/emlib/src/em_cmu.o
                0x0000fad0                CMU_OscillatorTuningWait
 .text.CMU_OscillatorEnable
                0x0000fb2c      0x110 ./platform/emlib/src/em_cmu.o
                0x0000fb2c                CMU_OscillatorEnable
 .text.CMU_ClockSelectSet
                0x0000fc3c      0x200 ./platform/emlib/src/em_cmu.o
                0x0000fc3c                CMU_ClockSelectSet
 .text.CMU_HFXOInit
                0x0000fe3c       0x88 ./platform/emlib/src/em_cmu.o
                0x0000fe3c                CMU_HFXOInit
 .text.CMU_LFXOInit
                0x0000fec4       0x40 ./platform/emlib/src/em_cmu.o
                0x0000fec4                CMU_LFXOInit
 .text.CORE_EnterCritical
                0x0000ff04        0x8 ./platform/emlib/src/em_core.o
                0x0000ff04                CORE_EnterCritical
 .text.CORE_ExitCritical
                0x0000ff0c        0x8 ./platform/emlib/src/em_core.o
                0x0000ff0c                CORE_ExitCritical
 .text.CORE_EnterAtomic
                0x0000ff14        0x8 ./platform/emlib/src/em_core.o
                0x0000ff14                CORE_EnterAtomic
 .text.CORE_ExitAtomic
                0x0000ff1c        0x8 ./platform/emlib/src/em_core.o
                0x0000ff1c                CORE_ExitAtomic
 .text.CORE_SetNvicRamTableHandler
                0x0000ff24       0x10 ./platform/emlib/src/em_core.o
                0x0000ff24                CORE_SetNvicRamTableHandler
 .text.CORE_InitNvicVectorTable
                0x0000ff34       0x48 ./platform/emlib/src/em_core.o
                0x0000ff34                CORE_InitNvicVectorTable
 .text.CRYPTO_ModulusSet
                0x0000ff7c       0x38 ./platform/emlib/src/em_crypto.o
                0x0000ff7c                CRYPTO_ModulusSet
 .text.CRYPTO_KeyRead
                0x0000ffb4       0x2c ./platform/emlib/src/em_crypto.o
                0x0000ffb4                CRYPTO_KeyRead
 .text.currentLimitersUpdate
                0x0000ffe0       0x74 ./platform/emlib/src/em_emu.o
 .text.dcdcHsFixLnBlock.part.0
                0x00010054       0x30 ./platform/emlib/src/em_emu.o
 .text.dcdcFetCntSet.part.1
                0x00010084       0x20 ./platform/emlib/src/em_emu.o
 .text.emState.part.2
                0x000100a4       0x24 ./platform/emlib/src/em_emu.o
 .text.emState  0x000100c8       0x60 ./platform/emlib/src/em_emu.o
 .text.EMU_EnterEM2
                0x00010128       0x5c ./platform/emlib/src/em_emu.o
                0x00010128                EMU_EnterEM2
 .text.EMU_EnterEM3
                0x00010184       0x80 ./platform/emlib/src/em_emu.o
                0x00010184                EMU_EnterEM3
 .text.EMU_Save
                0x00010204        0x4 ./platform/emlib/src/em_emu.o
                0x00010204                EMU_Save
 .text.EMU_Restore
                0x00010208        0x8 ./platform/emlib/src/em_emu.o
                0x00010208                EMU_Restore
 .text.EMU_DCDCModeSet
                0x00010210       0x64 ./platform/emlib/src/em_emu.o
                0x00010210                EMU_DCDCModeSet
 .text.EMU_EnterEM4
                0x00010274       0x98 ./platform/emlib/src/em_emu.o
                0x00010274                EMU_EnterEM4
 .text.EMU_DCDCOutputVoltageSet
                0x0001030c      0x1d0 ./platform/emlib/src/em_emu.o
                0x0001030c                EMU_DCDCOutputVoltageSet
 .text.EMU_DCDCOptimizeSlice
                0x000104dc       0x94 ./platform/emlib/src/em_emu.o
                0x000104dc                EMU_DCDCOptimizeSlice
 .text.EMU_DCDCLnRcoBandSet
                0x00010570       0x24 ./platform/emlib/src/em_emu.o
                0x00010570                EMU_DCDCLnRcoBandSet
 .text.EMU_DCDCInit
                0x00010594      0x18c ./platform/emlib/src/em_emu.o
                0x00010594                EMU_DCDCInit
 .text.EMU_SetBiasMode
                0x00010720       0x84 ./platform/emlib/src/em_emu.o
                0x00010720                EMU_SetBiasMode
 .text.GPIO_PinModeSet
                0x000107a4       0x84 ./platform/emlib/src/em_gpio.o
                0x000107a4                GPIO_PinModeSet
 .text.MSC_Init
                0x00010828       0x18 ./platform/emlib/src/em_msc.o
                0x00010828                MSC_Init
 .text.MSC_Deinit
                0x00010840       0x14 ./platform/emlib/src/em_msc.o
                0x00010840                MSC_Deinit
 .text.RMU_ResetCauseClear
                0x00010854        0xc ./platform/emlib/src/em_rmu.o
                0x00010854                RMU_ResetCauseClear
 .text.RMU_ResetCauseGet
                0x00010860       0x7c ./platform/emlib/src/em_rmu.o
                0x00010860                RMU_ResetCauseGet
 .text.RTCC_ChannelInit
                0x000108dc       0x3c ./platform/emlib/src/em_rtcc.o
                0x000108dc                RTCC_ChannelInit
 .text.RTCC_Init
                0x00010918       0x6c ./platform/emlib/src/em_rtcc.o
                0x00010918                RTCC_Init
 .text.SYSTEM_ChipRevisionGet
                0x00010984       0x34 ./platform/emlib/src/em_system.o
                0x00010984                SYSTEM_ChipRevisionGet
 .text.USART_BaudrateAsyncSet
                0x000109b8       0x68 ./platform/emlib/src/em_usart.o
                0x000109b8                USART_BaudrateAsyncSet
 .text.USART_BaudrateSyncSet
                0x00010a20       0x24 ./platform/emlib/src/em_usart.o
                0x00010a20                USART_BaudrateSyncSet
 .text.USART_Enable
                0x00010a44       0x10 ./platform/emlib/src/em_usart.o
                0x00010a44                USART_Enable
 .text.USART_InitAsync
                0x00010a54       0xb0 ./platform/emlib/src/em_usart.o
                0x00010a54                USART_InitAsync
 .text.USART_InitSync
                0x00010b04       0xc8 ./platform/emlib/src/em_usart.o
                0x00010b04                USART_InitSync
 .text.USART_Reset
                0x00010bcc       0x4c ./platform/emlib/src/em_usart.o
                0x00010bcc                USART_Reset
 .text.USART_Rx
                0x00010c18        0xc ./platform/emlib/src/em_usart.o
                0x00010c18                USART_Rx
 .text.USART_SpiTransfer
                0x00010c24       0x14 ./platform/emlib/src/em_usart.o
                0x00010c24                USART_SpiTransfer
 .text.USART_Tx
                0x00010c38        0xc ./platform/emlib/src/em_usart.o
                0x00010c38                USART_Tx
 .text.RAIL_ConfigPti
                0x00010c44        0x6 C:\Users\Salva\SimplicityStudio\v4_workspace\ARTIK-020-BLE\platform\radio\rail_lib\autogen\librail_release\librail_efr32xg1_gcc_release.a(rail_pti.o)
                0x00010c44                RAIL_ConfigPti
 .text.RAIL_EnablePti
                0x00010c4a        0x6 C:\Users\Salva\SimplicityStudio\v4_workspace\ARTIK-020-BLE\platform\radio\rail_lib\autogen\librail_release\librail_efr32xg1_gcc_release.a(rail_pti.o)
                0x00010c4a                RAIL_EnablePti
 .text.eventDefault
                0x00010c50        0x2 C:\Users\Salva\SimplicityStudio\v4_workspace\ARTIK-020-BLE\platform\radio\rail_lib\autogen\librail_release\librail_efr32xg1_gcc_release.a(rail_rf_hal.o)
 *fill*         0x00010c52        0x2 
 .text.setRssiPeriod
                0x00010c54       0x18 C:\Users\Salva\SimplicityStudio\v4_workspace\ARTIK-020-BLE\platform\radio\rail_lib\autogen\librail_release\librail_efr32xg1_gcc_release.a(rail_rf_hal.o)
 .text.RFHAL_NotifyUserOfIrCal
                0x00010c6c       0x80 C:\Users\Salva\SimplicityStudio\v4_workspace\ARTIK-020-BLE\platform\radio\rail_lib\autogen\librail_release\librail_efr32xg1_gcc_release.a(rail_rf_hal.o)
 *fill*         0x00010cec        0x4 
 .text.GENERIC_PHY_EventCallback
                0x00010cf0      0x19c C:\Users\Salva\SimplicityStudio\v4_workspace\ARTIK-020-BLE\platform\radio\rail_lib\autogen\librail_release\librail_efr32xg1_gcc_release.a(rail_rf_hal.o)
                0x00010cf0                GENERIC_PHY_EventCallback
 .text.RFHAL_IntEnable
                0x00010e8c       0x56 C:\Users\Salva\SimplicityStudio\v4_workspace\ARTIK-020-BLE\platform\radio\rail_lib\autogen\librail_release\librail_efr32xg1_gcc_release.a(rail_rf_hal.o)
                0x00010e8c                RFHAL_IntEnable
 *fill*         0x00010ee2        0x2 
 .text.RFHAL_SetEventCallback
                0x00010ee4       0x18 C:\Users\Salva\SimplicityStudio\v4_workspace\ARTIK-020-BLE\platform\radio\rail_lib\autogen\librail_release\librail_efr32xg1_gcc_release.a(rail_rf_hal.o)
                0x00010ee4                RFHAL_SetEventCallback
 .text.RFHAL_SetPtiProtocol
                0x00010efc       0x20 C:\Users\Salva\SimplicityStudio\v4_workspace\ARTIK-020-BLE\platform\radio\rail_lib\autogen\librail_release\librail_efr32xg1_gcc_release.a(rail_rf_hal.o)
                0x00010efc                RFHAL_SetPtiProtocol
 .text.RFHAL_Idle
                0x00010f1c       0x40 C:\Users\Salva\SimplicityStudio\v4_workspace\ARTIK-020-BLE\platform\radio\rail_lib\autogen\librail_release\librail_efr32xg1_gcc_release.a(rail_rf_hal.o)
                0x00010f1c                RFHAL_Idle
 .text.RFHAL_GetRadioState
                0x00010f5c       0x7c C:\Users\Salva\SimplicityStudio\v4_workspace\ARTIK-020-BLE\platform\radio\rail_lib\autogen\librail_release\librail_efr32xg1_gcc_release.a(rail_rf_hal.o)
                0x00010f5c                RFHAL_GetRadioState
 .text.RFHAL_OkToTransmit
                0x00010fd8       0x14 C:\Users\Salva\SimplicityStudio\v4_workspace\ARTIK-020-BLE\platform\radio\rail_lib\autogen\librail_release\librail_efr32xg1_gcc_release.a(rail_rf_hal.o)
                0x00010fd8                RFHAL_OkToTransmit
 .text.RFHAL_ScheduleRx
                0x00010fec       0x74 C:\Users\Salva\SimplicityStudio\v4_workspace\ARTIK-020-BLE\platform\radio\rail_lib\autogen\librail_release\librail_efr32xg1_gcc_release.a(rail_rf_hal.o)
                0x00010fec                RFHAL_ScheduleRx
 .text.RFHAL_EnableRxRawCapture
                0x00011060       0x5c C:\Users\Salva\SimplicityStudio\v4_workspace\ARTIK-020-BLE\platform\radio\rail_lib\autogen\librail_release\librail_efr32xg1_gcc_release.a(rail_rf_hal.o)
                0x00011060                RFHAL_EnableRxRawCapture
 .text.RFHAL_DisableRxRawCapture
                0x000110bc       0x38 C:\Users\Salva\SimplicityStudio\v4_workspace\ARTIK-020-BLE\platform\radio\rail_lib\autogen\librail_release\librail_efr32xg1_gcc_release.a(rail_rf_hal.o)
                0x000110bc                RFHAL_DisableRxRawCapture
 .text.RFHAL_AcceptCrcErrors
                0x000110f4       0x18 C:\Users\Salva\SimplicityStudio\v4_workspace\ARTIK-020-BLE\platform\radio\rail_lib\autogen\librail_release\librail_efr32xg1_gcc_release.a(rail_rf_hal.o)
                0x000110f4                RFHAL_AcceptCrcErrors
 .text.RFHAL_ConfigRxOptions
                0x0001110c       0x74 C:\Users\Salva\SimplicityStudio\v4_workspace\ARTIK-020-BLE\platform\radio\rail_lib\autogen\librail_release\librail_efr32xg1_gcc_release.a(rail_rf_hal.o)
                0x0001110c                RFHAL_ConfigRxOptions
 .text.RFHAL_CancelTimer
                0x00011180       0x28 C:\Users\Salva\SimplicityStudio\v4_workspace\ARTIK-020-BLE\platform\radio\rail_lib\autogen\librail_release\librail_efr32xg1_gcc_release.a(rail_rf_hal.o)
                0x00011180                RFHAL_CancelTimer
 .text.RFHAL_SetTimer
                0x000111a8       0x80 C:\Users\Salva\SimplicityStudio\v4_workspace\ARTIK-020-BLE\platform\radio\rail_lib\autogen\librail_release\librail_efr32xg1_gcc_release.a(rail_rf_hal.o)
                0x000111a8                RFHAL_SetTimer
 .text.RFHAL_SetTxTransitions
                0x00011228       0x1c C:\Users\Salva\SimplicityStudio\v4_workspace\ARTIK-020-BLE\platform\radio\rail_lib\autogen\librail_release\librail_efr32xg1_gcc_release.a(rail_rf_hal.o)
                0x00011228                RFHAL_SetTxTransitions
 .text.RFHAL_SetRxTransitions
                0x00011244       0x1c C:\Users\Salva\SimplicityStudio\v4_workspace\ARTIK-020-BLE\platform\radio\rail_lib\autogen\librail_release\librail_efr32xg1_gcc_release.a(rail_rf_hal.o)
                0x00011244                RFHAL_SetRxTransitions
 .text.RFHAL_SetCRCInitVal
                0x00011260        0x4 C:\Users\Salva\SimplicityStudio\v4_workspace\ARTIK-020-BLE\platform\radio\rail_lib\autogen\librail_release\librail_efr32xg1_gcc_release.a(rail_rf_hal.o)
                0x00011260                RFHAL_SetCRCInitVal
 .text.RFHAL_ConfigTxPower
                0x00011264        0xc C:\Users\Salva\SimplicityStudio\v4_workspace\ARTIK-020-BLE\platform\radio\rail_lib\autogen\librail_release\librail_efr32xg1_gcc_release.a(rail_rf_hal.o)
                0x00011264                RFHAL_ConfigTxPower
 .text.RFHAL_SetTxPowerUnchecked
                0x00011270       0x18 C:\Users\Salva\SimplicityStudio\v4_workspace\ARTIK-020-BLE\platform\radio\rail_lib\autogen\librail_release\librail_efr32xg1_gcc_release.a(rail_rf_hal.o)
                0x00011270                RFHAL_SetTxPowerUnchecked
 .text.RFHAL_SetTxPower
                0x00011288       0x3c C:\Users\Salva\SimplicityStudio\v4_workspace\ARTIK-020-BLE\platform\radio\rail_lib\autogen\librail_release\librail_efr32xg1_gcc_release.a(rail_rf_hal.o)
                0x00011288                RFHAL_SetTxPower
 .text.RFHAL_GetTxPowerConfig
                0x000112c4        0xc C:\Users\Salva\SimplicityStudio\v4_workspace\ARTIK-020-BLE\platform\radio\rail_lib\autogen\librail_release\librail_efr32xg1_gcc_release.a(rail_rf_hal.o)
                0x000112c4                RFHAL_GetTxPowerConfig
 .text.RFHAL_GetTxPower
                0x000112d0        0x4 C:\Users\Salva\SimplicityStudio\v4_workspace\ARTIK-020-BLE\platform\radio\rail_lib\autogen\librail_release\librail_efr32xg1_gcc_release.a(rail_rf_hal.o)
                0x000112d0                RFHAL_GetTxPower
 .text.RFHAL_SetChannel
                0x000112d4       0x98 C:\Users\Salva\SimplicityStudio\v4_workspace\ARTIK-020-BLE\platform\radio\rail_lib\autogen\librail_release\librail_efr32xg1_gcc_release.a(rail_rf_hal.o)
                0x000112d4                RFHAL_SetChannel
 .text.RFHAL_IsAutoAckEnabled
                0x0001136c        0x6 C:\Users\Salva\SimplicityStudio\v4_workspace\ARTIK-020-BLE\platform\radio\rail_lib\autogen\librail_release\librail_efr32xg1_gcc_release.a(rail_rf_hal.o)
                0x0001136c                RFHAL_IsAutoAckEnabled
 *fill*         0x00011372        0x2 
 .text.RFHAL_AutoAckWaitForAck
                0x00011374       0x18 C:\Users\Salva\SimplicityStudio\v4_workspace\ARTIK-020-BLE\platform\radio\rail_lib\autogen\librail_release\librail_efr32xg1_gcc_release.a(rail_rf_hal.o)
                0x00011374                RFHAL_AutoAckWaitForAck
 .text.preTxOps
                0x0001138c       0xc4 C:\Users\Salva\SimplicityStudio\v4_workspace\ARTIK-020-BLE\platform\radio\rail_lib\autogen\librail_release\librail_efr32xg1_gcc_release.a(rail_rf_hal.o)
 .text.RFHAL_StartTx
                0x00011450       0x12 C:\Users\Salva\SimplicityStudio\v4_workspace\ARTIK-020-BLE\platform\radio\rail_lib\autogen\librail_release\librail_efr32xg1_gcc_release.a(rail_rf_hal.o)
                0x00011450                RFHAL_StartTx
 .text.RFHAL_StartScheduledTx
                0x00011462       0x3a C:\Users\Salva\SimplicityStudio\v4_workspace\ARTIK-020-BLE\platform\radio\rail_lib\autogen\librail_release\librail_efr32xg1_gcc_release.a(rail_rf_hal.o)
                0x00011462                RFHAL_StartScheduledTx
 .text.RFHAL_GetRxPacketInfo
                0x0001149c       0x48 C:\Users\Salva\SimplicityStudio\v4_workspace\ARTIK-020-BLE\platform\radio\rail_lib\autogen\librail_release\librail_efr32xg1_gcc_release.a(rail_rf_hal.o)
                0x0001149c                RFHAL_GetRxPacketInfo
 .text.RFHAL_GetRxPacketDetails
                0x000114e4       0xcc C:\Users\Salva\SimplicityStudio\v4_workspace\ARTIK-020-BLE\platform\radio\rail_lib\autogen\librail_release\librail_efr32xg1_gcc_release.a(rail_rf_hal.o)
                0x000114e4                RFHAL_GetRxPacketDetails
 .text.RFHAL_SetTxBuffer
                0x000115b0       0x3a C:\Users\Salva\SimplicityStudio\v4_workspace\ARTIK-020-BLE\platform\radio\rail_lib\autogen\librail_release\librail_efr32xg1_gcc_release.a(rail_rf_hal.o)
                0x000115b0                RFHAL_SetTxBuffer
 *fill*         0x000115ea        0x2 
 .text.RFHAL_ResetTxFifo
                0x000115ec       0x2c C:\Users\Salva\SimplicityStudio\v4_workspace\ARTIK-020-BLE\platform\radio\rail_lib\autogen\librail_release\librail_efr32xg1_gcc_release.a(rail_rf_hal.o)
                0x000115ec                RFHAL_ResetTxFifo
 .text.RFHAL_WriteTxFifo
                0x00011618       0x28 C:\Users\Salva\SimplicityStudio\v4_workspace\ARTIK-020-BLE\platform\radio\rail_lib\autogen\librail_release\librail_efr32xg1_gcc_release.a(rail_rf_hal.o)
                0x00011618                RFHAL_WriteTxFifo
 .text.RFHAL_ResetRxFifo
                0x00011640       0x40 C:\Users\Salva\SimplicityStudio\v4_workspace\ARTIK-020-BLE\platform\radio\rail_lib\autogen\librail_release\librail_efr32xg1_gcc_release.a(rail_rf_hal.o)
                0x00011640                RFHAL_ResetRxFifo
 .text.RFHAL_ConfigData
                0x00011680       0x7c C:\Users\Salva\SimplicityStudio\v4_workspace\ARTIK-020-BLE\platform\radio\rail_lib\autogen\librail_release\librail_efr32xg1_gcc_release.a(rail_rf_hal.o)
                0x00011680                RFHAL_ConfigData
 .text.RFHAL_Init
                0x000116fc       0xa0 C:\Users\Salva\SimplicityStudio\v4_workspace\ARTIK-020-BLE\platform\radio\rail_lib\autogen\librail_release\librail_efr32xg1_gcc_release.a(rail_rf_hal.o)
                0x000116fc                RFHAL_Init
 .text.RFHAL_SetFixedLength
                0x0001179c       0x8c C:\Users\Salva\SimplicityStudio\v4_workspace\ARTIK-020-BLE\platform\radio\rail_lib\autogen\librail_release\librail_efr32xg1_gcc_release.a(rail_rf_hal.o)
                0x0001179c                RFHAL_SetFixedLength
 .text.RFHAL_SetAbortScheduledTxDuringRx
                0x00011828       0x18 C:\Users\Salva\SimplicityStudio\v4_workspace\ARTIK-020-BLE\platform\radio\rail_lib\autogen\librail_release\librail_efr32xg1_gcc_release.a(rail_rf_hal.o)
                0x00011828                RFHAL_SetAbortScheduledTxDuringRx
 .text.RFHAL_ConfigRadio
                0x00011840       0xe0 C:\Users\Salva\SimplicityStudio\v4_workspace\ARTIK-020-BLE\platform\radio\rail_lib\autogen\librail_release\librail_efr32xg1_gcc_release.a(rail_rf_hal.o)
                0x00011840                RFHAL_ConfigRadio
 .text.RFHAL_GetTime
                0x00011920        0xe C:\Users\Salva\SimplicityStudio\v4_workspace\ARTIK-020-BLE\platform\radio\rail_lib\autogen\librail_release\librail_efr32xg1_gcc_release.a(rail_rf_hal.o)
                0x00011920                RFHAL_GetTime
 .text.RFHAL_GetRadioEntropy
                0x0001192e        0x4 C:\Users\Salva\SimplicityStudio\v4_workspace\ARTIK-020-BLE\platform\radio\rail_lib\autogen\librail_release\librail_efr32xg1_gcc_release.a(rail_rf_hal.o)
                0x0001192e                RFHAL_GetRadioEntropy
 .text.RFHAL_SetStateTiming
                0x00011932       0x4e C:\Users\Salva\SimplicityStudio\v4_workspace\ARTIK-020-BLE\platform\radio\rail_lib\autogen\librail_release\librail_efr32xg1_gcc_release.a(rail_rf_hal.o)
                0x00011932                RFHAL_SetStateTiming
 .text.RFHAL_ConfigPti
                0x00011980        0x4 C:\Users\Salva\SimplicityStudio\v4_workspace\ARTIK-020-BLE\platform\radio\rail_lib\autogen\librail_release\librail_efr32xg1_gcc_release.a(rail_rf_hal.o)
                0x00011980                RFHAL_ConfigPti
 .text.RFHAL_EnablePti
                0x00011984        0x4 C:\Users\Salva\SimplicityStudio\v4_workspace\ARTIK-020-BLE\platform\radio\rail_lib\autogen\librail_release\librail_efr32xg1_gcc_release.a(rail_rf_hal.o)
                0x00011984                RFHAL_EnablePti
 .text.RAIL_Init
                0x00011988       0x20 C:\Users\Salva\SimplicityStudio\v4_workspace\ARTIK-020-BLE\platform\radio\rail_lib\autogen\librail_release\librail_efr32xg1_gcc_release.a(rail_singleprotocol.o)
                0x00011988                RAIL_Init
 .text.RAIL_GetSchedulerStatus
                0x000119a8        0x4 C:\Users\Salva\SimplicityStudio\v4_workspace\ARTIK-020-BLE\platform\radio\rail_lib\autogen\librail_release\librail_efr32xg1_gcc_release.a(rail_singleprotocol.o)
                0x000119a8                RAIL_GetSchedulerStatus
 .text.RAIL_Idle
                0x000119ac        0x8 C:\Users\Salva\SimplicityStudio\v4_workspace\ARTIK-020-BLE\platform\radio\rail_lib\autogen\librail_release\librail_efr32xg1_gcc_release.a(rail_singleprotocol.o)
                0x000119ac                RAIL_Idle
 .text.RAIL_YieldRadio
                0x000119b4        0x2 C:\Users\Salva\SimplicityStudio\v4_workspace\ARTIK-020-BLE\platform\radio\rail_lib\autogen\librail_release\librail_efr32xg1_gcc_release.a(rail_singleprotocol.o)
                0x000119b4                RAIL_YieldRadio
 .text.RAIL_GetRadioEntropy
                0x000119b6        0x8 C:\Users\Salva\SimplicityStudio\v4_workspace\ARTIK-020-BLE\platform\radio\rail_lib\autogen\librail_release\librail_efr32xg1_gcc_release.a(rail_singleprotocol.o)
                0x000119b6                RAIL_GetRadioEntropy
 .text.RAIL_SetTimer
                0x000119be       0x14 C:\Users\Salva\SimplicityStudio\v4_workspace\ARTIK-020-BLE\platform\radio\rail_lib\autogen\librail_release\librail_efr32xg1_gcc_release.a(rail_singleprotocol.o)
                0x000119be                RAIL_SetTimer
 .text.RAIL_CancelTimer
                0x000119d2        0x4 C:\Users\Salva\SimplicityStudio\v4_workspace\ARTIK-020-BLE\platform\radio\rail_lib\autogen\librail_release\librail_efr32xg1_gcc_release.a(rail_singleprotocol.o)
                0x000119d2                RAIL_CancelTimer
 .text.RAIL_StartTx
                0x000119d6        0xa C:\Users\Salva\SimplicityStudio\v4_workspace\ARTIK-020-BLE\platform\radio\rail_lib\autogen\librail_release\librail_efr32xg1_gcc_release.a(rail_singleprotocol.o)
                0x000119d6                RAIL_StartTx
 .text.RAIL_StartScheduledTx
                0x000119e0        0xa C:\Users\Salva\SimplicityStudio\v4_workspace\ARTIK-020-BLE\platform\radio\rail_lib\autogen\librail_release\librail_efr32xg1_gcc_release.a(rail_singleprotocol.o)
                0x000119e0                RAIL_StartScheduledTx
 .text.RAIL_ScheduleRx
                0x000119ea        0xa C:\Users\Salva\SimplicityStudio\v4_workspace\ARTIK-020-BLE\platform\radio\rail_lib\autogen\librail_release\librail_efr32xg1_gcc_release.a(rail_singleprotocol.o)
                0x000119ea                RAIL_ScheduleRx
 .text.radioConfigChangedDefault
                0x000119f4        0x2 C:\Users\Salva\SimplicityStudio\v4_workspace\ARTIK-020-BLE\platform\radio\rail_lib\autogen\librail_release\librail_efr32xg1_gcc_release.a(rail_rf.o)
 .text.isTransitionState
                0x000119f6       0x12 C:\Users\Salva\SimplicityStudio\v4_workspace\ARTIK-020-BLE\platform\radio\rail_lib\autogen\librail_release\librail_efr32xg1_gcc_release.a(rail_rf.o)
 .text.RAILCore_Init
                0x00011a08       0x12 C:\Users\Salva\SimplicityStudio\v4_workspace\ARTIK-020-BLE\platform\radio\rail_lib\autogen\librail_release\librail_efr32xg1_gcc_release.a(rail_rf.o)
                0x00011a08                RAILCore_Init
 *fill*         0x00011a1a        0x2 
 .text.RAILInt_SetCallbackConfig
                0x00011a1c       0x20 C:\Users\Salva\SimplicityStudio\v4_workspace\ARTIK-020-BLE\platform\radio\rail_lib\autogen\librail_release\librail_efr32xg1_gcc_release.a(rail_rf.o)
                0x00011a1c                RAILInt_SetCallbackConfig
 .text.RAILCore_Idle
                0x00011a3c       0x14 C:\Users\Salva\SimplicityStudio\v4_workspace\ARTIK-020-BLE\platform\radio\rail_lib\autogen\librail_release\librail_efr32xg1_gcc_release.a(rail_rf.o)
                0x00011a3c                RAILCore_Idle
 .text.RAILCore_GetRadioState
                0x00011a50        0x4 C:\Users\Salva\SimplicityStudio\v4_workspace\ARTIK-020-BLE\platform\radio\rail_lib\autogen\librail_release\librail_efr32xg1_gcc_release.a(rail_rf.o)
                0x00011a50                RAILCore_GetRadioState
 .text.RAIL_SetStateTiming
                0x00011a54        0xa C:\Users\Salva\SimplicityStudio\v4_workspace\ARTIK-020-BLE\platform\radio\rail_lib\autogen\librail_release\librail_efr32xg1_gcc_release.a(rail_rf.o)
                0x00011a54                RAIL_SetStateTiming
 *fill*         0x00011a5e        0x2 
 .text.RAILInt_IsPowerInRange
                0x00011a60       0x3c C:\Users\Salva\SimplicityStudio\v4_workspace\ARTIK-020-BLE\platform\radio\rail_lib\autogen\librail_release\librail_efr32xg1_gcc_release.a(rail_rf.o)
                0x00011a60                RAILInt_IsPowerInRange
 .text.RAILInt_SetChannel
                0x00011a9c      0x1d8 C:\Users\Salva\SimplicityStudio\v4_workspace\ARTIK-020-BLE\platform\radio\rail_lib\autogen\librail_release\librail_efr32xg1_gcc_release.a(rail_rf.o)
                0x00011a9c                RAILInt_SetChannel
 .text.RAILCore_ConfigChannels
                0x00011c74       0x58 C:\Users\Salva\SimplicityStudio\v4_workspace\ARTIK-020-BLE\platform\radio\rail_lib\autogen\librail_release\librail_efr32xg1_gcc_release.a(rail_rf.o)
                0x00011c74                RAILCore_ConfigChannels
 .text.RAILInt_GetChannel
                0x00011ccc        0x4 C:\Users\Salva\SimplicityStudio\v4_workspace\ARTIK-020-BLE\platform\radio\rail_lib\autogen\librail_release\librail_efr32xg1_gcc_release.a(rail_rf.o)
                0x00011ccc                RAILInt_GetChannel
 .text.RAILCore_SetTxTransitions
                0x00011cd0       0x3c C:\Users\Salva\SimplicityStudio\v4_workspace\ARTIK-020-BLE\platform\radio\rail_lib\autogen\librail_release\librail_efr32xg1_gcc_release.a(rail_rf.o)
                0x00011cd0                RAILCore_SetTxTransitions
 .text.RAIL_SetTxTransitions
                0x00011d0c        0xa C:\Users\Salva\SimplicityStudio\v4_workspace\ARTIK-020-BLE\platform\radio\rail_lib\autogen\librail_release\librail_efr32xg1_gcc_release.a(rail_rf.o)
                0x00011d0c                RAIL_SetTxTransitions
 .text.RAILCore_SetRxTransitions
                0x00011d16       0x38 C:\Users\Salva\SimplicityStudio\v4_workspace\ARTIK-020-BLE\platform\radio\rail_lib\autogen\librail_release\librail_efr32xg1_gcc_release.a(rail_rf.o)
                0x00011d16                RAILCore_SetRxTransitions
 .text.RAIL_SetRxTransitions
                0x00011d4e        0xa C:\Users\Salva\SimplicityStudio\v4_workspace\ARTIK-020-BLE\platform\radio\rail_lib\autogen\librail_release\librail_efr32xg1_gcc_release.a(rail_rf.o)
                0x00011d4e                RAIL_SetRxTransitions
 .text.RAIL_ConfigEvents
                0x00011d58       0x14 C:\Users\Salva\SimplicityStudio\v4_workspace\ARTIK-020-BLE\platform\radio\rail_lib\autogen\librail_release\librail_efr32xg1_gcc_release.a(rail_rf.o)
                0x00011d58                RAIL_ConfigEvents
 .text.RAIL_ConfigRxOptions
                0x00011d6c        0xa C:\Users\Salva\SimplicityStudio\v4_workspace\ARTIK-020-BLE\platform\radio\rail_lib\autogen\librail_release\librail_efr32xg1_gcc_release.a(rail_rx.o)
                0x00011d6c                RAIL_ConfigRxOptions
 .text.RAILCore_ScheduleRx
                0x00011d76       0x2c C:\Users\Salva\SimplicityStudio\v4_workspace\ARTIK-020-BLE\platform\radio\rail_lib\autogen\librail_release\librail_efr32xg1_gcc_release.a(rail_rx.o)
                0x00011d76                RAILCore_ScheduleRx
 .text.RAILInt_PreTxOps
                0x00011da2       0x1c C:\Users\Salva\SimplicityStudio\v4_workspace\ARTIK-020-BLE\platform\radio\rail_lib\autogen\librail_release\librail_efr32xg1_gcc_release.a(rail_tx.o)
                0x00011da2                RAILInt_PreTxOps
 .text.RAILCore_StartTx
                0x00011dbe       0x1a C:\Users\Salva\SimplicityStudio\v4_workspace\ARTIK-020-BLE\platform\radio\rail_lib\autogen\librail_release\librail_efr32xg1_gcc_release.a(rail_tx.o)
                0x00011dbe                RAILCore_StartTx
 .text.RAILCore_StartScheduledTx
                0x00011dd8       0x1e C:\Users\Salva\SimplicityStudio\v4_workspace\ARTIK-020-BLE\platform\radio\rail_lib\autogen\librail_release\librail_efr32xg1_gcc_release.a(rail_tx.o)
                0x00011dd8                RAILCore_StartScheduledTx
 .text.RAIL_SetTxPower
                0x00011df6        0xa C:\Users\Salva\SimplicityStudio\v4_workspace\ARTIK-020-BLE\platform\radio\rail_lib\autogen\librail_release\librail_efr32xg1_gcc_release.a(rail_tx.o)
                0x00011df6                RAIL_SetTxPower
 .text.RAIL_GetTxPower
                0x00011e00        0xa C:\Users\Salva\SimplicityStudio\v4_workspace\ARTIK-020-BLE\platform\radio\rail_lib\autogen\librail_release\librail_efr32xg1_gcc_release.a(rail_tx.o)
                0x00011e00                RAIL_GetTxPower
 .text.RAIL_ConfigTxPower
                0x00011e0a       0x1a C:\Users\Salva\SimplicityStudio\v4_workspace\ARTIK-020-BLE\platform\radio\rail_lib\autogen\librail_release\librail_efr32xg1_gcc_release.a(rail_tx.o)
                0x00011e0a                RAIL_ConfigTxPower
 .text.RAILInt_PendCal
                0x00011e24       0x24 C:\Users\Salva\SimplicityStudio\v4_workspace\ARTIK-020-BLE\platform\radio\rail_lib\autogen\librail_release\librail_efr32xg1_gcc_release.a(rail_calibration.o)
                0x00011e24                RAILInt_PendCal
 .text.RAILCb_AssertFailed
                0x00011e48       0x14 C:\Users\Salva\SimplicityStudio\v4_workspace\ARTIK-020-BLE\platform\radio\rail_lib\autogen\librail_release\librail_efr32xg1_gcc_release.a(rail_assert.o)
                0x00011e48                RAILCb_AssertFailed
 .text.RAILInt_Assert
                0x00011e5c       0x1c C:\Users\Salva\SimplicityStudio\v4_workspace\ARTIK-020-BLE\platform\radio\rail_lib\autogen\librail_release\librail_efr32xg1_gcc_release.a(rail_assert.o)
                0x00011e5c                RAILInt_Assert
 .text.RAILCore_GetRadioEntropy
                0x00011e78        0x4 C:\Users\Salva\SimplicityStudio\v4_workspace\ARTIK-020-BLE\platform\radio\rail_lib\autogen\librail_release\librail_efr32xg1_gcc_release.a(rail_rssi.o)
                0x00011e78                RAILCore_GetRadioEntropy
 .text.BUFC_ReadHelper
                0x00011e7c       0x7c C:\Users\Salva\SimplicityStudio\v4_workspace\ARTIK-020-BLE\platform\radio\rail_lib\autogen\librail_release\librail_efr32xg1_gcc_release.a(bufc.o)
 .text.checkAndAddRxLenOverflowEntry
                0x00011ef8       0x3c C:\Users\Salva\SimplicityStudio\v4_workspace\ARTIK-020-BLE\platform\radio\rail_lib\autogen\librail_release\librail_efr32xg1_gcc_release.a(bufc.o)
 .text.BUFC_SetTxBuffer
                0x00011f34       0x38 C:\Users\Salva\SimplicityStudio\v4_workspace\ARTIK-020-BLE\platform\radio\rail_lib\autogen\librail_release\librail_efr32xg1_gcc_release.a(bufc.o)
                0x00011f34                BUFC_SetTxBuffer
 .text.BUFC_WriteBuffer
                0x00011f6c       0xa8 C:\Users\Salva\SimplicityStudio\v4_workspace\ARTIK-020-BLE\platform\radio\rail_lib\autogen\librail_release\librail_efr32xg1_gcc_release.a(bufc.o)
                0x00011f6c                BUFC_WriteBuffer
 .text.BUFC_Peek
                0x00012014       0x12 C:\Users\Salva\SimplicityStudio\v4_workspace\ARTIK-020-BLE\platform\radio\rail_lib\autogen\librail_release\librail_efr32xg1_gcc_release.a(bufc.o)
                0x00012014                BUFC_Peek
 .text.BUFC_PeekByte
                0x00012026       0x34 C:\Users\Salva\SimplicityStudio\v4_workspace\ARTIK-020-BLE\platform\radio\rail_lib\autogen\librail_release\librail_efr32xg1_gcc_release.a(bufc.o)
                0x00012026                BUFC_PeekByte
 *fill*         0x0001205a        0x2 
 .text.BUFC_GetSpaceAvailable
                0x0001205c       0x28 C:\Users\Salva\SimplicityStudio\v4_workspace\ARTIK-020-BLE\platform\radio\rail_lib\autogen\librail_release\librail_efr32xg1_gcc_release.a(bufc.o)
                0x0001205c                BUFC_GetSpaceAvailable
 .text.BUFC_GetBytesAvailable
                0x00012084       0x14 C:\Users\Salva\SimplicityStudio\v4_workspace\ARTIK-020-BLE\platform\radio\rail_lib\autogen\librail_release\librail_efr32xg1_gcc_release.a(bufc.o)
                0x00012084                BUFC_GetBytesAvailable
 .text.BUFC_TxAckBufferSet
                0x00012098       0x38 C:\Users\Salva\SimplicityStudio\v4_workspace\ARTIK-020-BLE\platform\radio\rail_lib\autogen\librail_release\librail_efr32xg1_gcc_release.a(bufc.o)
                0x00012098                BUFC_TxAckBufferSet
 .text.BUFC_TxAckBufferReset
                0x000120d0        0x8 C:\Users\Salva\SimplicityStudio\v4_workspace\ARTIK-020-BLE\platform\radio\rail_lib\autogen\librail_release\librail_efr32xg1_gcc_release.a(bufc.o)
                0x000120d0                BUFC_TxAckBufferReset
 .text.BUFC_RxBufferReset
                0x000120d8       0x5c C:\Users\Salva\SimplicityStudio\v4_workspace\ARTIK-020-BLE\platform\radio\rail_lib\autogen\librail_release\librail_efr32xg1_gcc_release.a(bufc.o)
                0x000120d8                BUFC_RxBufferReset
 .text.BUFC_Init
                0x00012134       0x98 C:\Users\Salva\SimplicityStudio\v4_workspace\ARTIK-020-BLE\platform\radio\rail_lib\autogen\librail_release\librail_efr32xg1_gcc_release.a(bufc.o)
                0x00012134                BUFC_Init
 .text.BUFC_RxBufferBytesAvailable
                0x000121cc       0x10 C:\Users\Salva\SimplicityStudio\v4_workspace\ARTIK-020-BLE\platform\radio\rail_lib\autogen\librail_release\librail_efr32xg1_gcc_release.a(bufc.o)
                0x000121cc                BUFC_RxBufferBytesAvailable
 .text.BUFC_ReleaseRxPacket
                0x000121dc      0x10c C:\Users\Salva\SimplicityStudio\v4_workspace\ARTIK-020-BLE\platform\radio\rail_lib\autogen\librail_release\librail_efr32xg1_gcc_release.a(bufc.o)
                0x000121dc                BUFC_ReleaseRxPacket
 .text.BUFC_StartRxLenThrEvent
                0x000122e8       0x8c C:\Users\Salva\SimplicityStudio\v4_workspace\ARTIK-020-BLE\platform\radio\rail_lib\autogen\librail_release\librail_efr32xg1_gcc_release.a(bufc.o)
                0x000122e8                BUFC_StartRxLenThrEvent
 .text.BUFC_EndRxLenThrEvent
                0x00012374       0x1c C:\Users\Salva\SimplicityStudio\v4_workspace\ARTIK-020-BLE\platform\radio\rail_lib\autogen\librail_release\librail_efr32xg1_gcc_release.a(bufc.o)
                0x00012374                BUFC_EndRxLenThrEvent
 .text.BUFC_HandleRxLenOvfEvent
                0x00012390       0x28 C:\Users\Salva\SimplicityStudio\v4_workspace\ARTIK-020-BLE\platform\radio\rail_lib\autogen\librail_release\librail_efr32xg1_gcc_release.a(bufc.o)
                0x00012390                BUFC_HandleRxLenOvfEvent
 .text.BUFC_GetRxPacketInfo
                0x000123b8      0x138 C:\Users\Salva\SimplicityStudio\v4_workspace\ARTIK-020-BLE\platform\radio\rail_lib\autogen\librail_release\librail_efr32xg1_gcc_release.a(bufc.o)
                0x000123b8                BUFC_GetRxPacketInfo
 .text.IRCAL_Set
                0x000124f0       0x1c C:\Users\Salva\SimplicityStudio\v4_workspace\ARTIK-020-BLE\platform\radio\rail_lib\autogen\librail_release\librail_efr32xg1_gcc_release.a(ir_cal.o)
                0x000124f0                IRCAL_Set
 .text.IRCAL_Init
                0x0001250c       0xa8 C:\Users\Salva\SimplicityStudio\v4_workspace\ARTIK-020-BLE\platform\radio\rail_lib\autogen\librail_release\librail_efr32xg1_gcc_release.a(ir_cal.o)
                0x0001250c                IRCAL_Init
 .text.PA_ProtectPa
                0x000125b4       0xbc C:\Users\Salva\SimplicityStudio\v4_workspace\ARTIK-020-BLE\platform\radio\rail_lib\autogen\librail_release\librail_efr32xg1_gcc_release.a(pa.o)
 .text.getRampTimeFromLevelAndRate
                0x00012670       0x20 C:\Users\Salva\SimplicityStudio\v4_workspace\ARTIK-020-BLE\platform\radio\rail_lib\autogen\librail_release\librail_efr32xg1_gcc_release.a(pa.o)
 .text.PA_GetTxPowerConfig
                0x00012690       0x14 C:\Users\Salva\SimplicityStudio\v4_workspace\ARTIK-020-BLE\platform\radio\rail_lib\autogen\librail_release\librail_efr32xg1_gcc_release.a(pa.o)
                0x00012690                PA_GetTxPowerConfig
 .text.PA_GetPowerLevel
                0x000126a4        0xc C:\Users\Salva\SimplicityStudio\v4_workspace\ARTIK-020-BLE\platform\radio\rail_lib\autogen\librail_release\librail_efr32xg1_gcc_release.a(pa.o)
                0x000126a4                PA_GetPowerLevel
 .text.PA_SetPowerLevel
                0x000126b0      0x194 C:\Users\Salva\SimplicityStudio\v4_workspace\ARTIK-020-BLE\platform\radio\rail_lib\autogen\librail_release\librail_efr32xg1_gcc_release.a(pa.o)
                0x000126b0                PA_SetPowerLevel
 .text.PA_RunPeakDetectorHigh
                0x00012844       0x4c C:\Users\Salva\SimplicityStudio\v4_workspace\ARTIK-020-BLE\platform\radio\rail_lib\autogen\librail_release\librail_efr32xg1_gcc_release.a(pa.o)
                0x00012844                PA_RunPeakDetectorHigh
 .text.PA_RunPeakDetectorLow
                0x00012890        0x2 C:\Users\Salva\SimplicityStudio\v4_workspace\ARTIK-020-BLE\platform\radio\rail_lib\autogen\librail_release\librail_efr32xg1_gcc_release.a(pa.o)
                0x00012890                PA_RunPeakDetectorLow
 *fill*         0x00012892        0x2 
 .text.PA_RunBatHigh
                0x00012894       0x2c C:\Users\Salva\SimplicityStudio\v4_workspace\ARTIK-020-BLE\platform\radio\rail_lib\autogen\librail_release\librail_efr32xg1_gcc_release.a(pa.o)
                0x00012894                PA_RunBatHigh
 .text.PA_GetRampTime
                0x000128c0        0xc C:\Users\Salva\SimplicityStudio\v4_workspace\ARTIK-020-BLE\platform\radio\rail_lib\autogen\librail_release\librail_efr32xg1_gcc_release.a(pa.o)
                0x000128c0                PA_GetRampTime
 .text.PA_ConfigRamp
                0x000128cc       0x20 C:\Users\Salva\SimplicityStudio\v4_workspace\ARTIK-020-BLE\platform\radio\rail_lib\autogen\librail_release\librail_efr32xg1_gcc_release.a(pa.o)
                0x000128cc                PA_ConfigRamp
 .text.PA_CalcRampTime
                0x000128ec       0x44 C:\Users\Salva\SimplicityStudio\v4_workspace\ARTIK-020-BLE\platform\radio\rail_lib\autogen\librail_release\librail_efr32xg1_gcc_release.a(pa.o)
                0x000128ec                PA_CalcRampTime
 .text.PA_SetRampTime
                0x00012930       0xac C:\Users\Salva\SimplicityStudio\v4_workspace\ARTIK-020-BLE\platform\radio\rail_lib\autogen\librail_release\librail_efr32xg1_gcc_release.a(pa.o)
                0x00012930                PA_SetRampTime
 .text.PA_SelectBand
                0x000129dc       0x50 C:\Users\Salva\SimplicityStudio\v4_workspace\ARTIK-020-BLE\platform\radio\rail_lib\autogen\librail_release\librail_efr32xg1_gcc_release.a(pa.o)
                0x000129dc                PA_SelectBand
 .text.PA_Config
                0x00012a2c      0x15c C:\Users\Salva\SimplicityStudio\v4_workspace\ARTIK-020-BLE\platform\radio\rail_lib\autogen\librail_release\librail_efr32xg1_gcc_release.a(pa.o)
                0x00012a2c                PA_Config
 .text.PA_UpdateConfig
                0x00012b88       0x38 C:\Users\Salva\SimplicityStudio\v4_workspace\ARTIK-020-BLE\platform\radio\rail_lib\autogen\librail_release\librail_efr32xg1_gcc_release.a(pa.o)
                0x00012b88                PA_UpdateConfig
 .text.PROTIMER_Init
                0x00012bc0      0x108 C:\Users\Salva\SimplicityStudio\v4_workspace\ARTIK-020-BLE\platform\radio\rail_lib\autogen\librail_release\librail_efr32xg1_gcc_release.a(protimer.o)
                0x00012bc0                PROTIMER_Init
 .text.PROTIMER_Start
                0x00012cc8       0x1c C:\Users\Salva\SimplicityStudio\v4_workspace\ARTIK-020-BLE\platform\radio\rail_lib\autogen\librail_release\librail_efr32xg1_gcc_release.a(protimer.o)
                0x00012cc8                PROTIMER_Start
 .text.PROTIMER_IsRunning
                0x00012ce4       0x10 C:\Users\Salva\SimplicityStudio\v4_workspace\ARTIK-020-BLE\platform\radio\rail_lib\autogen\librail_release\librail_efr32xg1_gcc_release.a(protimer.o)
                0x00012ce4                PROTIMER_IsRunning
 .text.PROTIMER_ElapsedTime
                0x00012cf4       0x18 C:\Users\Salva\SimplicityStudio\v4_workspace\ARTIK-020-BLE\platform\radio\rail_lib\autogen\librail_release\librail_efr32xg1_gcc_release.a(protimer.o)
                0x00012cf4                PROTIMER_ElapsedTime
 .text.PROTIMER_CCTimerStop
                0x00012d0c       0x20 C:\Users\Salva\SimplicityStudio\v4_workspace\ARTIK-020-BLE\platform\radio\rail_lib\autogen\librail_release\librail_efr32xg1_gcc_release.a(protimer.o)
                0x00012d0c                PROTIMER_CCTimerStop
 .text.PROTIMER_CCTimerStart
                0x00012d2c      0x164 C:\Users\Salva\SimplicityStudio\v4_workspace\ARTIK-020-BLE\platform\radio\rail_lib\autogen\librail_release\librail_efr32xg1_gcc_release.a(protimer.o)
                0x00012d2c                PROTIMER_CCTimerStart
 .text.PROTIMER_WrapMultiple
                0x00012e90       0x12 C:\Users\Salva\SimplicityStudio\v4_workspace\ARTIK-020-BLE\platform\radio\rail_lib\autogen\librail_release\librail_efr32xg1_gcc_release.a(protimer.o)
                0x00012e90                PROTIMER_WrapMultiple
 *fill*         0x00012ea2        0x2 
 .text.PROTIMER_CCTimerIsEnabled
                0x00012ea4       0x10 C:\Users\Salva\SimplicityStudio\v4_workspace\ARTIK-020-BLE\platform\radio\rail_lib\autogen\librail_release\librail_efr32xg1_gcc_release.a(protimer.o)
                0x00012ea4                PROTIMER_CCTimerIsEnabled
 .text.PROTIMER_CCTimerCapture
                0x00012eb4       0x14 C:\Users\Salva\SimplicityStudio\v4_workspace\ARTIK-020-BLE\platform\radio\rail_lib\autogen\librail_release\librail_efr32xg1_gcc_release.a(protimer.o)
                0x00012eb4                PROTIMER_CCTimerCapture
 .text.PROTIMER_ScheduleTxEnable
                0x00012ec8       0x2c C:\Users\Salva\SimplicityStudio\v4_workspace\ARTIK-020-BLE\platform\radio\rail_lib\autogen\librail_release\librail_efr32xg1_gcc_release.a(protimer.o)
                0x00012ec8                PROTIMER_ScheduleTxEnable
 .text.PROTIMER_ClearTxEnable
                0x00012ef4        0xc C:\Users\Salva\SimplicityStudio\v4_workspace\ARTIK-020-BLE\platform\radio\rail_lib\autogen\librail_release\librail_efr32xg1_gcc_release.a(protimer.o)
                0x00012ef4                PROTIMER_ClearTxEnable
 .text.PROTIMER_ScheduleRxEnable
                0x00012f00       0x2c C:\Users\Salva\SimplicityStudio\v4_workspace\ARTIK-020-BLE\platform\radio\rail_lib\autogen\librail_release\librail_efr32xg1_gcc_release.a(protimer.o)
                0x00012f00                PROTIMER_ScheduleRxEnable
 .text.PROTIMER_ScheduleRxDisable
                0x00012f2c       0x38 C:\Users\Salva\SimplicityStudio\v4_workspace\ARTIK-020-BLE\platform\radio\rail_lib\autogen\librail_release\librail_efr32xg1_gcc_release.a(protimer.o)
                0x00012f2c                PROTIMER_ScheduleRxDisable
 .text.PROTIMER_ClearRxEnable
                0x00012f64       0x10 C:\Users\Salva\SimplicityStudio\v4_workspace\ARTIK-020-BLE\platform\radio\rail_lib\autogen\librail_release\librail_efr32xg1_gcc_release.a(protimer.o)
                0x00012f64                PROTIMER_ClearRxEnable
 .text.PROTIMER_GetTime
                0x00012f74        0xc C:\Users\Salva\SimplicityStudio\v4_workspace\ARTIK-020-BLE\platform\radio\rail_lib\autogen\librail_release\librail_efr32xg1_gcc_release.a(protimer.o)
                0x00012f74                PROTIMER_GetTime
 .text.PROTIMER_GetCCTime
                0x00012f80        0xc C:\Users\Salva\SimplicityStudio\v4_workspace\ARTIK-020-BLE\platform\radio\rail_lib\autogen\librail_release\librail_efr32xg1_gcc_release.a(protimer.o)
                0x00012f80                PROTIMER_GetCCTime
 .text.PROTIMER_LBTStop
                0x00012f8c       0x18 C:\Users\Salva\SimplicityStudio\v4_workspace\ARTIK-020-BLE\platform\radio\rail_lib\autogen\librail_release\librail_efr32xg1_gcc_release.a(protimer.o)
                0x00012f8c                PROTIMER_LBTStop
 .text.PROTIMER_PrecntOverflowToUs
                0x00012fa4       0x38 C:\Users\Salva\SimplicityStudio\v4_workspace\ARTIK-020-BLE\platform\radio\rail_lib\autogen\librail_release\librail_efr32xg1_gcc_release.a(protimer.o)
                0x00012fa4                PROTIMER_PrecntOverflowToUs
 .text.PROTIMER_UsToPrecntOverflow
                0x00012fdc       0x2c C:\Users\Salva\SimplicityStudio\v4_workspace\ARTIK-020-BLE\platform\radio\rail_lib\autogen\librail_release\librail_efr32xg1_gcc_release.a(protimer.o)
                0x00012fdc                PROTIMER_UsToPrecntOverflow
 .text.PROTIMER_DelayUs
                0x00013008       0x44 C:\Users\Salva\SimplicityStudio\v4_workspace\ARTIK-020-BLE\platform\radio\rail_lib\autogen\librail_release\librail_efr32xg1_gcc_release.a(protimer.o)
                0x00013008                PROTIMER_DelayUs
 .text.PROTIMER_CheckCcaReallyFailed
                0x0001304c       0xbc C:\Users\Salva\SimplicityStudio\v4_workspace\ARTIK-020-BLE\platform\radio\rail_lib\autogen\librail_release\librail_efr32xg1_gcc_release.a(protimer.o)
                0x0001304c                PROTIMER_CheckCcaReallyFailed
 .text.PTI_Config
                0x00013108       0xc8 C:\Users\Salva\SimplicityStudio\v4_workspace\ARTIK-020-BLE\platform\radio\rail_lib\autogen\librail_release\librail_efr32xg1_gcc_release.a(pti.o)
                0x00013108                PTI_Config
 .text.PTI_EnableAppendedInfo
                0x000131d0       0x18 C:\Users\Salva\SimplicityStudio\v4_workspace\ARTIK-020-BLE\platform\radio\rail_lib\autogen\librail_release\librail_efr32xg1_gcc_release.a(pti.o)
                0x000131d0                PTI_EnableAppendedInfo
 .text.PTI_Enable
                0x000131e8       0x58 C:\Users\Salva\SimplicityStudio\v4_workspace\ARTIK-020-BLE\platform\radio\rail_lib\autogen\librail_release\librail_efr32xg1_gcc_release.a(pti.o)
                0x000131e8                PTI_Enable
 .text.PTI_AuxdataOutput
                0x00013240       0x1c C:\Users\Salva\SimplicityStudio\v4_workspace\ARTIK-020-BLE\platform\radio\rail_lib\autogen\librail_release\librail_efr32xg1_gcc_release.a(pti.o)
                0x00013240                PTI_AuxdataOutput
 .text.PTI_EnableSyncword
                0x0001325c       0x18 C:\Users\Salva\SimplicityStudio\v4_workspace\ARTIK-020-BLE\platform\radio\rail_lib\autogen\librail_release\librail_efr32xg1_gcc_release.a(pti.o)
                0x0001325c                PTI_EnableSyncword
 .text.RADIO_SetAndForgetWrite
                0x00013274       0x8c C:\Users\Salva\SimplicityStudio\v4_workspace\ARTIK-020-BLE\platform\radio\rail_lib\autogen\librail_release\librail_efr32xg1_gcc_release.a(radio.o)
                0x00013274                RADIO_SetAndForgetWrite
 .text.RADIO_SeqInit
                0x00013300       0x68 C:\Users\Salva\SimplicityStudio\v4_workspace\ARTIK-020-BLE\platform\radio\rail_lib\autogen\librail_release\librail_efr32xg1_gcc_release.a(radio.o)
                0x00013300                RADIO_SeqInit
 .text.RADIO_CLKEnable
                0x00013368       0x68 C:\Users\Salva\SimplicityStudio\v4_workspace\ARTIK-020-BLE\platform\radio\rail_lib\autogen\librail_release\librail_efr32xg1_gcc_release.a(radio.o)
                0x00013368                RADIO_CLKEnable
 .text.RADIO_Init
                0x000133d0       0x40 C:\Users\Salva\SimplicityStudio\v4_workspace\ARTIK-020-BLE\platform\radio\rail_lib\autogen\librail_release\librail_efr32xg1_gcc_release.a(radio.o)
                0x000133d0                RADIO_Init
 .text.RADIO_Config
                0x00013410       0xa8 C:\Users\Salva\SimplicityStudio\v4_workspace\ARTIK-020-BLE\platform\radio\rail_lib\autogen\librail_release\librail_efr32xg1_gcc_release.a(radio.o)
                0x00013410                RADIO_Config
 .text.RADIO_IsRxOnForRssi
                0x000134b8       0x18 C:\Users\Salva\SimplicityStudio\v4_workspace\ARTIK-020-BLE\platform\radio\rail_lib\autogen\librail_release\librail_efr32xg1_gcc_release.a(radio.o)
                0x000134b8                RADIO_IsRxOnForRssi
 .text.RADIO_RxTrailDataLength
                0x000134d0       0x3c C:\Users\Salva\SimplicityStudio\v4_workspace\ARTIK-020-BLE\platform\radio\rail_lib\autogen\librail_release\librail_efr32xg1_gcc_release.a(radio.o)
                0x000134d0                RADIO_RxTrailDataLength
 .text.RADIO_FrameControlDescrBufferIdSet
                0x0001350c       0x20 C:\Users\Salva\SimplicityStudio\v4_workspace\ARTIK-020-BLE\platform\radio\rail_lib\autogen\librail_release\librail_efr32xg1_gcc_release.a(radio.o)
                0x0001350c                RADIO_FrameControlDescrBufferIdSet
 .text.RADIO_ComputeTxBaudrate
                0x0001352c       0x28 C:\Users\Salva\SimplicityStudio\v4_workspace\ARTIK-020-BLE\platform\radio\rail_lib\autogen\librail_release\librail_efr32xg1_gcc_release.a(radio.o)
                0x0001352c                RADIO_ComputeTxBaudrate
 .text.RADIO_ComputeTxSymbolRate
                0x00013554       0x2c C:\Users\Salva\SimplicityStudio\v4_workspace\ARTIK-020-BLE\platform\radio\rail_lib\autogen\librail_release\librail_efr32xg1_gcc_release.a(radio.o)
                0x00013554                RADIO_ComputeTxSymbolRate
 .text.RADIO_ComputeTxBitRate
                0x00013580       0x50 C:\Users\Salva\SimplicityStudio\v4_workspace\ARTIK-020-BLE\platform\radio\rail_lib\autogen\librail_release\librail_efr32xg1_gcc_release.a(radio.o)
                0x00013580                RADIO_ComputeTxBitRate
 .text.RADIO_GetRssi
                0x000135d0       0x54 C:\Users\Salva\SimplicityStudio\v4_workspace\ARTIK-020-BLE\platform\radio\rail_lib\autogen\librail_release\librail_efr32xg1_gcc_release.a(radio.o)
                0x000135d0                RADIO_GetRssi
 .text.RADIO_SetCRCInitVal
                0x00013624       0x10 C:\Users\Salva\SimplicityStudio\v4_workspace\ARTIK-020-BLE\platform\radio\rail_lib\autogen\librail_release\librail_efr32xg1_gcc_release.a(radio.o)
                0x00013624                RADIO_SetCRCInitVal
 .text.RADIO_RACClearRxOverflow
                0x00013634       0x20 C:\Users\Salva\SimplicityStudio\v4_workspace\ARTIK-020-BLE\platform\radio\rail_lib\autogen\librail_release\librail_efr32xg1_gcc_release.a(radio.o)
                0x00013634                RADIO_RACClearRxOverflow
 .text.RFSENSE_Disable
                0x00013654       0x44 C:\Users\Salva\SimplicityStudio\v4_workspace\ARTIK-020-BLE\platform\radio\rail_lib\autogen\librail_release\librail_efr32xg1_gcc_release.a(rfsense.o)
 .text.RFSENSE_Sensed
                0x00013698       0x50 C:\Users\Salva\SimplicityStudio\v4_workspace\ARTIK-020-BLE\platform\radio\rail_lib\autogen\librail_release\librail_efr32xg1_gcc_release.a(rfsense.o)
                0x00013698                RFSENSE_Sensed
 .text.RFSENSE_IRQHandler
                0x000136e8        0x4 C:\Users\Salva\SimplicityStudio\v4_workspace\ARTIK-020-BLE\platform\radio\rail_lib\autogen\librail_release\librail_efr32xg1_gcc_release.a(rfsense.o)
                0x000136e8                RFSENSE_IRQHandler
 .text.RTCCSYNC_RTCCClockFreqGet
                0x000136ec       0x30 C:\Users\Salva\SimplicityStudio\v4_workspace\ARTIK-020-BLE\platform\radio\rail_lib\autogen\librail_release\librail_efr32xg1_gcc_release.a(rtccsync.o)
 .text.RTCCSYNC_Init
                0x0001371c       0x10 C:\Users\Salva\SimplicityStudio\v4_workspace\ARTIK-020-BLE\platform\radio\rail_lib\autogen\librail_release\librail_efr32xg1_gcc_release.a(rtccsync.o)
                0x0001371c                RTCCSYNC_Init
 .text.RTCCSYNC_PreSleep
                0x0001372c      0x260 C:\Users\Salva\SimplicityStudio\v4_workspace\ARTIK-020-BLE\platform\radio\rail_lib\autogen\librail_release\librail_efr32xg1_gcc_release.a(rtccsync.o)
                0x0001372c                RTCCSYNC_PreSleep
 .text.RTCCSYNC_PostWakeUp
                0x0001398c      0x1c4 C:\Users\Salva\SimplicityStudio\v4_workspace\ARTIK-020-BLE\platform\radio\rail_lib\autogen\librail_release\librail_efr32xg1_gcc_release.a(rtccsync.o)
                0x0001398c                RTCCSYNC_PostWakeUp
 .text.SYNTH_RfFreqGet
                0x00013b50        0xc C:\Users\Salva\SimplicityStudio\v4_workspace\ARTIK-020-BLE\platform\radio\rail_lib\autogen\librail_release\librail_efr32xg1_gcc_release.a(synth.o)
                0x00013b50                SYNTH_RfFreqGet
 .text.SYNTH_ChSpacingGet
                0x00013b5c        0xc C:\Users\Salva\SimplicityStudio\v4_workspace\ARTIK-020-BLE\platform\radio\rail_lib\autogen\librail_release\librail_efr32xg1_gcc_release.a(synth.o)
                0x00013b5c                SYNTH_ChSpacingGet
 .text.SYNTH_LoDivGet
                0x00013b68       0x20 C:\Users\Salva\SimplicityStudio\v4_workspace\ARTIK-020-BLE\platform\radio\rail_lib\autogen\librail_release\librail_efr32xg1_gcc_release.a(synth.o)
                0x00013b68                SYNTH_LoDivGet
 .text.SYNTH_Is2p4GHz
                0x00013b88       0x14 C:\Users\Salva\SimplicityStudio\v4_workspace\ARTIK-020-BLE\platform\radio\rail_lib\autogen\librail_release\librail_efr32xg1_gcc_release.a(synth.o)
                0x00013b88                SYNTH_Is2p4GHz
 .text.SYNTH_VcoRangeIsValid
                0x00013b9c       0x30 C:\Users\Salva\SimplicityStudio\v4_workspace\ARTIK-020-BLE\platform\radio\rail_lib\autogen\librail_release\librail_efr32xg1_gcc_release.a(synth.o)
                0x00013b9c                SYNTH_VcoRangeIsValid
 .text.SYNTH_RetimeLimitsConfig
                0x00013bcc       0x64 C:\Users\Salva\SimplicityStudio\v4_workspace\ARTIK-020-BLE\platform\radio\rail_lib\autogen\librail_release\librail_efr32xg1_gcc_release.a(synth.o)
                0x00013bcc                SYNTH_RetimeLimitsConfig
 .text.SYNTH_RetimeClkConfig
                0x00013c30       0xb4 C:\Users\Salva\SimplicityStudio\v4_workspace\ARTIK-020-BLE\platform\radio\rail_lib\autogen\librail_release\librail_efr32xg1_gcc_release.a(synth.o)
                0x00013c30                SYNTH_RetimeClkConfig
 .text.SYNTH_Config
                0x00013ce4      0x108 C:\Users\Salva\SimplicityStudio\v4_workspace\ARTIK-020-BLE\platform\radio\rail_lib\autogen\librail_release\librail_efr32xg1_gcc_release.a(synth.o)
                0x00013ce4                SYNTH_Config
 .text.SYNTH_ChannelSet
                0x00013dec       0x40 C:\Users\Salva\SimplicityStudio\v4_workspace\ARTIK-020-BLE\platform\radio\rail_lib\autogen\librail_release\librail_efr32xg1_gcc_release.a(synth.o)
                0x00013dec                SYNTH_ChannelSet
 .text.SYNTH_DCDCRetimeClkSet
                0x00013e2c       0x6c C:\Users\Salva\SimplicityStudio\v4_workspace\ARTIK-020-BLE\platform\radio\rail_lib\autogen\librail_release\librail_efr32xg1_gcc_release.a(synth.o)
                0x00013e2c                SYNTH_DCDCRetimeClkSet
 .text.SYNTH_DCDCRetimeEnable
                0x00013e98       0x18 C:\Users\Salva\SimplicityStudio\v4_workspace\ARTIK-020-BLE\platform\radio\rail_lib\autogen\librail_release\librail_efr32xg1_gcc_release.a(synth.o)
                0x00013e98                SYNTH_DCDCRetimeEnable
 .text.SYNTH_DCDCRetimeDisable
                0x00013eb0       0x18 C:\Users\Salva\SimplicityStudio\v4_workspace\ARTIK-020-BLE\platform\radio\rail_lib\autogen\librail_release\librail_efr32xg1_gcc_release.a(synth.o)
                0x00013eb0                SYNTH_DCDCRetimeDisable
 .text.SYNTH_KvnFreqCompensationEnable
                0x00013ec8        0xc C:\Users\Salva\SimplicityStudio\v4_workspace\ARTIK-020-BLE\platform\radio\rail_lib\autogen\librail_release\librail_efr32xg1_gcc_release.a(synth.o)
                0x00013ec8                SYNTH_KvnFreqCompensationEnable
 .text.RADIOCMU_ClockEnable
                0x00013ed4       0x40 C:\Users\Salva\SimplicityStudio\v4_workspace\ARTIK-020-BLE\platform\radio\rail_lib\autogen\librail_release\librail_efr32xg1_gcc_release.a(radio_cmu.o)
                0x00013ed4                RADIOCMU_ClockEnable
 .text.RADIOCMU_ClockFreqGet
                0x00013f14       0x88 C:\Users\Salva\SimplicityStudio\v4_workspace\ARTIK-020-BLE\platform\radio\rail_lib\autogen\librail_release\librail_efr32xg1_gcc_release.a(radio_cmu.o)
                0x00013f14                RADIOCMU_ClockFreqGet
 .text.RADIOCMU_ClockPrescGet
                0x00013f9c       0x1c C:\Users\Salva\SimplicityStudio\v4_workspace\ARTIK-020-BLE\platform\radio\rail_lib\autogen\librail_release\librail_efr32xg1_gcc_release.a(radio_cmu.o)
                0x00013f9c                RADIOCMU_ClockPrescGet
 .text.TEMPCAL_Init
                0x00013fb8       0x40 C:\Users\Salva\SimplicityStudio\v4_workspace\ARTIK-020-BLE\platform\radio\rail_lib\autogen\librail_release\librail_efr32xg1_gcc_release.a(tempcal.o)
                0x00013fb8                TEMPCAL_Init
 .text.TIMING_PreambleSyncBits
                0x00013ff8       0x2c C:\Users\Salva\SimplicityStudio\v4_workspace\ARTIK-020-BLE\platform\radio\rail_lib\autogen\librail_release\librail_efr32xg1_gcc_release.a(timings.o)
 .text.TIMING_CalcAdjustUs
                0x00014024       0x28 C:\Users\Salva\SimplicityStudio\v4_workspace\ARTIK-020-BLE\platform\radio\rail_lib\autogen\librail_release\librail_efr32xg1_gcc_release.a(timings.o)
 .text.TIMING_SeqTimingInit
                0x0001404c        0x2 C:\Users\Salva\SimplicityStudio\v4_workspace\ARTIK-020-BLE\platform\radio\rail_lib\autogen\librail_release\librail_efr32xg1_gcc_release.a(timings.o)
                0x0001404c                TIMING_SeqTimingInit
 *fill*         0x0001404e        0x2 
 .text.TIMING_NsToStimerTickCalcSigned
                0x00014050       0x28 C:\Users\Salva\SimplicityStudio\v4_workspace\ARTIK-020-BLE\platform\radio\rail_lib\autogen\librail_release\librail_efr32xg1_gcc_release.a(timings.o)
                0x00014050                TIMING_NsToStimerTickCalcSigned
 .text.TIMING_NsToStimerTickCalc
                0x00014078        0xc C:\Users\Salva\SimplicityStudio\v4_workspace\ARTIK-020-BLE\platform\radio\rail_lib\autogen\librail_release\librail_efr32xg1_gcc_release.a(timings.o)
                0x00014078                TIMING_NsToStimerTickCalc
 .text.TIMING_InitStimer
                0x00014084       0x58 C:\Users\Salva\SimplicityStudio\v4_workspace\ARTIK-020-BLE\platform\radio\rail_lib\autogen\librail_release\librail_efr32xg1_gcc_release.a(timings.o)
                0x00014084                TIMING_InitStimer
 .text.TIMING_TxWarmTimeRecalculate
                0x000140dc       0x34 C:\Users\Salva\SimplicityStudio\v4_workspace\ARTIK-020-BLE\platform\radio\rail_lib\autogen\librail_release\librail_efr32xg1_gcc_release.a(timings.o)
                0x000140dc                TIMING_TxWarmTimeRecalculate
 .text.TIMING_TxWarmTimeSet
                0x00014110       0x18 C:\Users\Salva\SimplicityStudio\v4_workspace\ARTIK-020-BLE\platform\radio\rail_lib\autogen\librail_release\librail_efr32xg1_gcc_release.a(timings.o)
                0x00014110                TIMING_TxWarmTimeSet
 .text.TIMING_RxToTxTimeRecalculate
                0x00014128       0x34 C:\Users\Salva\SimplicityStudio\v4_workspace\ARTIK-020-BLE\platform\radio\rail_lib\autogen\librail_release\librail_efr32xg1_gcc_release.a(timings.o)
                0x00014128                TIMING_RxToTxTimeRecalculate
 .text.TIMING_RxFrameToTxTimeRecalculate
                0x0001415c       0x38 C:\Users\Salva\SimplicityStudio\v4_workspace\ARTIK-020-BLE\platform\radio\rail_lib\autogen\librail_release\librail_efr32xg1_gcc_release.a(timings.o)
                0x0001415c                TIMING_RxFrameToTxTimeRecalculate
 .text.TIMING_RxFrameToTxTimeSet
                0x00014194       0x18 C:\Users\Salva\SimplicityStudio\v4_workspace\ARTIK-020-BLE\platform\radio\rail_lib\autogen\librail_release\librail_efr32xg1_gcc_release.a(timings.o)
                0x00014194                TIMING_RxFrameToTxTimeSet
 .text.TIMING_TxToTxTimeRecalculate
                0x000141ac       0x24 C:\Users\Salva\SimplicityStudio\v4_workspace\ARTIK-020-BLE\platform\radio\rail_lib\autogen\librail_release\librail_efr32xg1_gcc_release.a(timings.o)
                0x000141ac                TIMING_TxToTxTimeRecalculate
 .text.TIMING_TxToRxTimeRecalculate
                0x000141d0       0x24 C:\Users\Salva\SimplicityStudio\v4_workspace\ARTIK-020-BLE\platform\radio\rail_lib\autogen\librail_release\librail_efr32xg1_gcc_release.a(timings.o)
                0x000141d0                TIMING_TxToRxTimeRecalculate
 .text.TIMING_TxToRxTimeSet
                0x000141f4       0x18 C:\Users\Salva\SimplicityStudio\v4_workspace\ARTIK-020-BLE\platform\radio\rail_lib\autogen\librail_release\librail_efr32xg1_gcc_release.a(timings.o)
                0x000141f4                TIMING_TxToRxTimeSet
 .text.TIMING_RxWarmTimeRecalculate
                0x0001420c       0x20 C:\Users\Salva\SimplicityStudio\v4_workspace\ARTIK-020-BLE\platform\radio\rail_lib\autogen\librail_release\librail_efr32xg1_gcc_release.a(timings.o)
                0x0001420c                TIMING_RxWarmTimeRecalculate
 .text.TIMING_RxWarmTimeSet
                0x0001422c       0x18 C:\Users\Salva\SimplicityStudio\v4_workspace\ARTIK-020-BLE\platform\radio\rail_lib\autogen\librail_release\librail_efr32xg1_gcc_release.a(timings.o)
                0x0001422c                TIMING_RxWarmTimeSet
 .text.TIMING_RxSearchTimeRecalculate
                0x00014244       0x28 C:\Users\Salva\SimplicityStudio\v4_workspace\ARTIK-020-BLE\platform\radio\rail_lib\autogen\librail_release\librail_efr32xg1_gcc_release.a(timings.o)
                0x00014244                TIMING_RxSearchTimeRecalculate
 .text.TIMING_RxSearchTimeSet
                0x0001426c       0x10 C:\Users\Salva\SimplicityStudio\v4_workspace\ARTIK-020-BLE\platform\radio\rail_lib\autogen\librail_release\librail_efr32xg1_gcc_release.a(timings.o)
                0x0001426c                TIMING_RxSearchTimeSet
 .text.TIMING_TxToRxSearchTimeRecalculate
                0x0001427c       0x28 C:\Users\Salva\SimplicityStudio\v4_workspace\ARTIK-020-BLE\platform\radio\rail_lib\autogen\librail_release\librail_efr32xg1_gcc_release.a(timings.o)
                0x0001427c                TIMING_TxToRxSearchTimeRecalculate
 .text.TIMING_TxToRxSearchTimeSet
                0x000142a4       0x10 C:\Users\Salva\SimplicityStudio\v4_workspace\ARTIK-020-BLE\platform\radio\rail_lib\autogen\librail_release\librail_efr32xg1_gcc_release.a(timings.o)
                0x000142a4                TIMING_TxToRxSearchTimeSet
 .text.TIMING_RecalculateAll
                0x000142b4       0x3a C:\Users\Salva\SimplicityStudio\v4_workspace\ARTIK-020-BLE\platform\radio\rail_lib\autogen\librail_release\librail_efr32xg1_gcc_release.a(timings.o)
                0x000142b4                TIMING_RecalculateAll
 .text.TIMING_RecalculatePaRampChanged
                0x000142ee       0x22 C:\Users\Salva\SimplicityStudio\v4_workspace\ARTIK-020-BLE\platform\radio\rail_lib\autogen\librail_release\librail_efr32xg1_gcc_release.a(timings.o)
                0x000142ee                TIMING_RecalculatePaRampChanged
 .text.TIMING_SetChainDelays
                0x00014310        0x8 C:\Users\Salva\SimplicityStudio\v4_workspace\ARTIK-020-BLE\platform\radio\rail_lib\autogen\librail_release\librail_efr32xg1_gcc_release.a(timings.o)
                0x00014310                TIMING_SetChainDelays
 .text.TIMING_SetRxDoneDelay
                0x00014318        0x6 C:\Users\Salva\SimplicityStudio\v4_workspace\ARTIK-020-BLE\platform\radio\rail_lib\autogen\librail_release\librail_efr32xg1_gcc_release.a(timings.o)
                0x00014318                TIMING_SetRxDoneDelay
 .text.TIMING_CalcRxTimeStampUs
                0x0001431e       0x7a C:\Users\Salva\SimplicityStudio\v4_workspace\ARTIK-020-BLE\platform\radio\rail_lib\autogen\librail_release\librail_efr32xg1_gcc_release.a(timings.o)
                0x0001431e                TIMING_CalcRxTimeStampUs
 .text.RFRAND_GetRadioEntropy
                0x00014398       0xf0 C:\Users\Salva\SimplicityStudio\v4_workspace\ARTIK-020-BLE\platform\radio\rail_lib\autogen\librail_release\librail_efr32xg1_gcc_release.a(rf_rand.o)
                0x00014398                RFRAND_GetRadioEntropy
 .text.RFRAND_SeedProtimerRandom
                0x00014488       0x3c C:\Users\Salva\SimplicityStudio\v4_workspace\ARTIK-020-BLE\platform\radio\rail_lib\autogen\librail_release\librail_efr32xg1_gcc_release.a(rf_rand.o)
                0x00014488                RFRAND_SeedProtimerRandom
 .text.RAIL_GetTxPowerCurve
                0x000144c4       0x14 C:\Users\Salva\SimplicityStudio\v4_workspace\ARTIK-020-BLE\platform\radio\rail_lib\autogen\librail_release\librail_efr32xg1_gcc_release.a(pa_conversions_efr32.o)
                0x000144c4                RAIL_GetTxPowerCurve
 .text.RAIL_InitTxPowerCurves
                0x000144d8       0x2c C:\Users\Salva\SimplicityStudio\v4_workspace\ARTIK-020-BLE\platform\radio\rail_lib\autogen\librail_release\librail_efr32xg1_gcc_release.a(pa_conversions_efr32.o)
                0x000144d8                RAIL_InitTxPowerCurves
 .text.RAIL_ConvertDbmToRaw