Archive member included because of file (symbol)

C:\Users\Salva\SimplicityStudio\v4_workspace\ble_v0\platform\radio\rail_lib\autogen\librail_release\librail_efr32xg1_gcc_release.a(rail_pti.o)
                              ./pti.o (RAIL_ConfigPti)
C:\Users\Salva\SimplicityStudio\v4_workspace\ble_v0\platform\radio\rail_lib\autogen\librail_release\librail_efr32xg1_gcc_release.a(rail_rf_hal.o)
                              C:\Users\Salva\SimplicityStudio\v4_workspace\ble_v0\platform\radio\rail_lib\autogen\librail_release\librail_efr32xg1_gcc_release.a(rail_pti.o) (RFHAL_ConfigPti)
C:\Users\Salva\SimplicityStudio\v4_workspace\ble_v0\platform\radio\rail_lib\autogen\librail_release\librail_efr32xg1_gcc_release.a(rail_singleprotocol.o)
                              C:\Users\Salva\SimplicityStudio\v4_workspace\ble_v0\platform\radio\rail_lib\autogen\librail_release\librail_efr32xg1_gcc_release.a(rail_rf_hal.o) (RAIL_ActiveHandle)
C:\Users\Salva\SimplicityStudio\v4_workspace\ble_v0\platform\radio\rail_lib\autogen\librail_release\librail_efr32xg1_gcc_release.a(rail_rf.o)
                              C:\Users\Salva\SimplicityStudio\v4_workspace\ble_v0\platform\radio\rail_lib\autogen\librail_release\librail_efr32xg1_gcc_release.a(rail_singleprotocol.o) (RAILCore_Init)
C:\Users\Salva\SimplicityStudio\v4_workspace\ble_v0\platform\radio\rail_lib\autogen\librail_release\librail_efr32xg1_gcc_release.a(rail_rx.o)
                              C:\Users\Salva\SimplicityStudio\v4_workspace\ble_v0\platform\radio\rail_lib\autogen\librail_release\librail_efr32xg1_gcc_release.a(rail_rf_hal.o) (RAILCore_StartRx)
C:\Users\Salva\SimplicityStudio\v4_workspace\ble_v0\platform\radio\rail_lib\autogen\librail_release\librail_efr32xg1_gcc_release.a(rail_tx.o)
                              C:\Users\Salva\SimplicityStudio\v4_workspace\ble_v0\platform\radio\rail_lib\autogen\librail_release\librail_efr32xg1_gcc_release.a(rail_singleprotocol.o) (RAILCore_StartTx)
C:\Users\Salva\SimplicityStudio\v4_workspace\ble_v0\platform\radio\rail_lib\autogen\librail_release\librail_efr32xg1_gcc_release.a(rail_calibration.o)
                              C:\Users\Salva\SimplicityStudio\v4_workspace\ble_v0\platform\radio\rail_lib\autogen\librail_release\librail_efr32xg1_gcc_release.a(rail_rf_hal.o) (RAILInt_PendCal)
C:\Users\Salva\SimplicityStudio\v4_workspace\ble_v0\platform\radio\rail_lib\autogen\librail_release\librail_efr32xg1_gcc_release.a(rail_assert.o)
                              C:\Users\Salva\SimplicityStudio\v4_workspace\ble_v0\platform\radio\rail_lib\autogen\librail_release\librail_efr32xg1_gcc_release.a(rail_rf.o) (RAILInt_Assert)
C:\Users\Salva\SimplicityStudio\v4_workspace\ble_v0\platform\radio\rail_lib\autogen\librail_release\librail_efr32xg1_gcc_release.a(rail_rssi.o)
                              C:\Users\Salva\SimplicityStudio\v4_workspace\ble_v0\platform\radio\rail_lib\autogen\librail_release\librail_efr32xg1_gcc_release.a(rail_singleprotocol.o) (RAILCore_GetRssi)
C:\Users\Salva\SimplicityStudio\v4_workspace\ble_v0\platform\radio\rail_lib\autogen\librail_release\librail_efr32xg1_gcc_release.a(bufc.o)
                              C:\Users\Salva\SimplicityStudio\v4_workspace\ble_v0\platform\radio\rail_lib\autogen\librail_release\librail_efr32xg1_gcc_release.a(rail_rf_hal.o) (BUFC_SetTxBuffer)
C:\Users\Salva\SimplicityStudio\v4_workspace\ble_v0\platform\radio\rail_lib\autogen\librail_release\librail_efr32xg1_gcc_release.a(ir_cal.o)
                              C:\Users\Salva\SimplicityStudio\v4_workspace\ble_v0\platform\radio\rail_lib\autogen\librail_release\librail_efr32xg1_gcc_release.a(rail_rf_hal.o) (IRCAL_Set)
C:\Users\Salva\SimplicityStudio\v4_workspace\ble_v0\platform\radio\rail_lib\autogen\librail_release\librail_efr32xg1_gcc_release.a(pa.o)
                              C:\Users\Salva\SimplicityStudio\v4_workspace\ble_v0\platform\radio\rail_lib\autogen\librail_release\librail_efr32xg1_gcc_release.a(rail_rf_hal.o) (PA_GetTxPowerConfig)
C:\Users\Salva\SimplicityStudio\v4_workspace\ble_v0\platform\radio\rail_lib\autogen\librail_release\librail_efr32xg1_gcc_release.a(protimer.o)
                              C:\Users\Salva\SimplicityStudio\v4_workspace\ble_v0\platform\radio\rail_lib\autogen\librail_release\librail_efr32xg1_gcc_release.a(rail_rf_hal.o) (PROTIMER_Start)
C:\Users\Salva\SimplicityStudio\v4_workspace\ble_v0\platform\radio\rail_lib\autogen\librail_release\librail_efr32xg1_gcc_release.a(pti.o)
                              C:\Users\Salva\SimplicityStudio\v4_workspace\ble_v0\platform\radio\rail_lib\autogen\librail_release\librail_efr32xg1_gcc_release.a(rail_rf_hal.o) (PTI_Config)
C:\Users\Salva\SimplicityStudio\v4_workspace\ble_v0\platform\radio\rail_lib\autogen\librail_release\librail_efr32xg1_gcc_release.a(antenna.o)
                              C:\Users\Salva\SimplicityStudio\v4_workspace\ble_v0\platform\radio\rail_lib\autogen\librail_release\librail_efr32xg1_gcc_release.a(rail_rf_hal.o) (ANTENNA_Config)
[...]
Memory Configuration

Name             Origin             Length             Attributes
FLASH_BOOTLOADER 0x00000000         0x00004000         xr
FLASH            0x00004000         0x0003b000         xr
RAM              0x20000000         0x00007bfc         xrw
*default*        0x00000000         0xffffffff

Linker script and memory map

LOAD c:/siliconlabs/simplicitystudio/v4/developer/toolchains/gnu_arm/4.9_2015q3/bin/../lib/gcc/arm-none-eabi/4.9.3/armv7e-m/softfp/crti.o
LOAD c:/siliconlabs/simplicitystudio/v4/developer/toolchains/gnu_arm/4.9_2015q3/bin/../lib/gcc/arm-none-eabi/4.9.3/armv7e-m/softfp/crtbegin.o
LOAD c:/siliconlabs/simplicitystudio/v4/developer/toolchains/gnu_arm/4.9_2015q3/bin/../lib/gcc/arm-none-eabi/4.9.3/../../../../arm-none-eabi/lib/armv7e-m/softfp/crt0.o
START GROUP
LOAD ./Screen.o
LOAD ./advertisement.o
LOAD ./app.o
LOAD ./application_properties.o
LOAD ./connected.o
LOAD ./debug_printf.o
LOAD ./gatt_db.o
LOAD ./init_app.o
LOAD ./init_board.o
LOAD ./init_mcu.o
LOAD ./main.o
LOAD ./pti.o
LOAD ./retargetio.o
LOAD ./retargetserial.o
LOAD ./hardware/kit/common/bsp/bsp_stk.o
LOAD ./hardware/kit/common/drivers/mx25flash_spi.o
LOAD ./platform/Device/SiliconLabs/EFR32BG1B/Source/GCC/startup_efr32bg1b.o
LOAD ./platform/Device/SiliconLabs/EFR32BG1B/Source/system_efr32bg1b.o
LOAD ./platform/emdrv/sleep/src/sleep.o
LOAD ./platform/emdrv/tempdrv/src/tempdrv.o
LOAD ./platform/emlib/src/em_cmu.o
LOAD ./platform/emlib/src/em_core.o
LOAD ./platform/emlib/src/em_cryotimer.o
LOAD ./platform/emlib/src/em_crypto.o
LOAD ./platform/emlib/src/em_emu.o
LOAD ./platform/emlib/src/em_gpio.o
LOAD ./platform/emlib/src/em_i2c.o
LOAD ./platform/emlib/src/em_msc.o
LOAD ./platform/emlib/src/em_rmu.o
LOAD ./platform/emlib/src/em_rtcc.o
LOAD ./platform/emlib/src/em_system.o
LOAD ./platform/emlib/src/em_usart.o
LOAD C:\Users\Salva\SimplicityStudio\v4_workspace\ble_v0\protocol\bluetooth_2.7\lib\EFR32BG1B\GCC\libmbedtls.a
LOAD C:\Users\Salva\SimplicityStudio\v4_workspace\ble_v0\protocol\bluetooth_2.7\lib\EFR32BG1B\GCC\libpsstore.a
LOAD C:\Users\Salva\SimplicityStudio\v4_workspace\ble_v0\platform\radio\rail_lib\autogen\librail_release\librail_efr32xg1_gcc_release.a
LOAD C:\Users\Salva\SimplicityStudio\v4_workspace\ble_v0\protocol\bluetooth_2.7\lib\EFR32BG1B\GCC\binapploader.o
LOAD C:\Users\Salva\SimplicityStudio\v4_workspace\ble_v0\protocol\bluetooth_2.7\lib\EFR32BG1B\GCC\libbluetooth.a
LOAD c:/siliconlabs/simplicitystudio/v4/developer/toolchains/gnu_arm/4.9_2015q3/bin/../lib/gcc/arm-none-eabi/4.9.3/../../../../arm-none-eabi/lib/armv7e-m/softfp\libm.a
END GROUP
START GROUP
LOAD c:/siliconlabs/simplicitystudio/v4/developer/toolchains/gnu_arm/4.9_2015q3/bin/../lib/gcc/arm-none-eabi/4.9.3/armv7e-m/softfp\libgcc.a
LOAD c:/siliconlabs/simplicitystudio/v4/developer/toolchains/gnu_arm/4.9_2015q3/bin/../lib/gcc/arm-none-eabi/4.9.3/../../../../arm-none-eabi/lib/armv7e-m/softfp\libc_nano.a
LOAD c:/siliconlabs/simplicitystudio/v4/developer/toolchains/gnu_arm/4.9_2015q3/bin/../lib/gcc/arm-none-eabi/4.9.3/../../../../arm-none-eabi/lib/armv7e-m/softfp\libnosys.a
END GROUP
START GROUP
LOAD c:/siliconlabs/simplicitystudio/v4/developer/toolchains/gnu_arm/4.9_2015q3/bin/../lib/gcc/arm-none-eabi/4.9.3/armv7e-m/softfp\libgcc.a
LOAD c:/siliconlabs/simplicitystudio/v4/developer/toolchains/gnu_arm/4.9_2015q3/bin/../lib/gcc/arm-none-eabi/4.9.3/../../../../arm-none-eabi/lib/armv7e-m/softfp\libg_nano.a
LOAD c:/siliconlabs/simplicitystudio/v4/developer/toolchains/gnu_arm/4.9_2015q3/bin/../lib/gcc/arm-none-eabi/4.9.3/../../../../arm-none-eabi/lib/armv7e-m/softfp\libc_nano.a
END GROUP
START GROUP
LOAD c:/siliconlabs/simplicitystudio/v4/developer/toolchains/gnu_arm/4.9_2015q3/bin/../lib/gcc/arm-none-eabi/4.9.3/armv7e-m/softfp\libgcc.a
LOAD c:/siliconlabs/simplicitystudio/v4/developer/toolchains/gnu_arm/4.9_2015q3/bin/../lib/gcc/arm-none-eabi/4.9.3/../../../../arm-none-eabi/lib/armv7e-m/softfp\libc_nano.a
END GROUP
LOAD c:/siliconlabs/simplicitystudio/v4/developer/toolchains/gnu_arm/4.9_2015q3/bin/../lib/gcc/arm-none-eabi/4.9.3/armv7e-m/softfp/crtend.o
LOAD c:/siliconlabs/simplicitystudio/v4/developer/toolchains/gnu_arm/4.9_2015q3/bin/../lib/gcc/arm-none-eabi/4.9.3/armv7e-m/softfp/crtn.o

.text_bootloader
                0x00000000        0x0
 *(.binbootloader*)
                0x00000000                . = ALIGN (0x4000)

.text_apploader
                0x00004000     0x8fc0
 *(.binapploader*)
 .binapploader  0x00004000     0x8fc0 C:\Users\Salva\SimplicityStudio\v4_workspace\ble_v0\protocol\bluetooth_2.7\lib\EFR32BG1B\GCC\binapploader.o

.text_signature
                0x0000cfc0       0x40
                0x0000d000                . = ALIGN (0x800)
 *fill*         0x0000cfc0       0x40 
                0x0000d000                __text_start__ = .

.text_application
                0x0000d000    0x1fe50
 *(.vectors)
 .vectors       0x0000d000       0xc8 ./platform/Device/SiliconLabs/EFR32BG1B/Source/GCC/startup_efr32bg1b.o
                0x0000d000                __Vectors
                0x0000d0c8                __Vectors_End = .
                0x000000c8                __Vectors_Size = (__Vectors_End - __Vectors)
                0x0000d0c8                __end__ = .
 *(.application_properties)
 .application_properties
                0x0000d0c8       0x38 ./application_properties.o
                0x0000d0c8                applicationProperties
 *(.gecko_configuration)
 *(.xo_configuration)
 *(.gatt_header)
 .gatt_header   0x0000d100       0x34 ./gatt_db.o
                0x0000d100                bg_gattdb_data
 *(.gatt_data)
 .gatt_data     0x0000d134      0x24e ./gatt_db.o
                0x0000d134                bg_gattdb_data_adv_uuid128_map
                0x0000d138                bg_gattdb_data_adv_uuid16_map
                0x0000d13c                bg_gattdb_data_attributes_dynamic_mapping_map
                0x0000d144                bg_gattdb_data_attributes_map
                0x0000d24c                bg_gattdb_data_attribute_field_0
                0x0000d250                bg_gattdb_data_attribute_field_1
                0x0000d258                bg_gattdb_data_attribute_field_2
                0x0000d260                bg_gattdb_data_attribute_field_4
                0x0000d264                bg_gattdb_data_attribute_field_5
                0x0000d26c                bg_gattdb_data_attribute_field_6
                0x0000d274                bg_gattdb_data_attribute_field_7
                0x0000d27c                bg_gattdb_data_attribute_field_8
                0x0000d280                bg_gattdb_data_attribute_field_9
                0x0000d284                bg_gattdb_data_attribute_field_10
                0x0000d28c                bg_gattdb_data_attribute_field_11
                0x0000d29c                bg_gattdb_data_attribute_field_12
                0x0000d2a4                bg_gattdb_data_attribute_field_13
                0x0000d2b0                bg_gattdb_data_attribute_field_14
                0x0000d2b8                bg_gattdb_data_attribute_field_15
                0x0000d2c0                bg_gattdb_data_attribute_field_16
                0x0000d2d4                bg_gattdb_data_attribute_field_17
                0x0000d2ec                bg_gattdb_data_attribute_field_18
                0x0000d2f4                bg_gattdb_data_attribute_field_19
                0x0000d308                bg_gattdb_data_attribute_field_20
                0x0000d320                bg_gattdb_data_attribute_field_21
                0x0000d328                bg_gattdb_data_uuidtable_128_map
                0x0000d368                bg_gattdb_data_uuidtable_16_map
 *(.text*)
 *fill*         0x0000d382        0x2 
 .text          0x0000d384       0x5c c:/siliconlabs/simplicitystudio/v4/developer/toolchains/gnu_arm/4.9_2015q3/bin/../lib/gcc/arm-none-eabi/4.9.3/armv7e-m/softfp/crtbegin.o
 .text          0x0000d3e0       0x74 c:/siliconlabs/simplicitystudio/v4/developer/toolchains/gnu_arm/4.9_2015q3/bin/../lib/gcc/arm-none-eabi/4.9.3/../../../../arm-none-eabi/lib/armv7e-m/softfp/crt0.o
                0x0000d3e0                _start
                0x0000d3e0                _mainCRTStartup
 .text.readScreenNumber
                0x0000d454       0x48 ./Screen.o
                0x0000d454                readScreenNumber
 .text.advParameters
                0x0000d49c       0x58 ./advertisement.o
                0x0000d49c                advParameters
 .text.setDiscoverableMode
                0x0000d4f4       0x34 ./advertisement.o
                0x0000d4f4                setDiscoverableMode
 .text.setUnDiscoverableMode
                0x0000d528       0x34 ./advertisement.o
                0x0000d528                setUnDiscoverableMode
 .text.appInit  0x0000d55c       0x98 ./app.o
                0x0000d55c                appInit
 .text.appHandleEvents
                0x0000d5f4      0x10c ./app.o
                0x0000d5f4                appHandleEvents
 .text.SetupConnParameters
                0x0000d700       0x44 ./connected.o
                0x0000d700                SetupConnParameters
 .text.initApp  0x0000d744       0x24 ./init_app.o
                0x0000d744                initApp
 .text.initBoard
                0x0000d768       0x48 ./init_board.o
                0x0000d768                initBoard
 .text.initMcu  0x0000d7b0      0x15c ./init_mcu.o
                0x0000d7b0                initMcu
 .text.startup.main
                0x0000d90c       0x5c ./main.o
                0x0000d90c                main
 .text.configEnablePti
                0x0000d968       0x30 ./pti.o
                0x0000d968                configEnablePti
 .text._close   0x0000d998        0x4 ./retargetio.o
                0x0000d998                _close
 .text._exit    0x0000d99c        0x4 ./retargetio.o
                0x0000d99c                _exit
 .text._fstat   0x0000d9a0        0xc ./retargetio.o
                0x0000d9a0                _fstat
 .text._isatty  0x0000d9ac        0x4 ./retargetio.o
                0x0000d9ac                _isatty
 .text._lseek   0x0000d9b0        0x4 ./retargetio.o
                0x0000d9b0                _lseek
 .text._read    0x0000d9b4       0x30 ./retargetio.o
                0x0000d9b4                _read
 .text._sbrk    0x0000d9e4       0x1c ./retargetio.o
                0x0000d9e4                _sbrk
 .text._write   0x0000da00       0x1c ./retargetio.o
                0x0000da00                _write
 .text.USART0_RX_IRQHandler
                0x0000da1c       0x58 ./retargetserial.o
                0x0000da1c                USART0_RX_IRQHandler
 .text.RETARGET_SerialInit
                0x0000da74       0xc8 ./retargetserial.o
                0x0000da74                RETARGET_SerialInit
 .text.RETARGET_ReadChar
                0x0000db3c       0x58 ./retargetserial.o
                0x0000db3c                RETARGET_ReadChar
 .text.RETARGET_WriteChar
                0x0000db94       0x58 ./retargetserial.o
                0x0000db94                RETARGET_WriteChar
 .text.MX25_init
                0x0000dbec       0xa4 ./hardware/kit/common/drivers/mx25flash_spi.o
                0x0000dbec                MX25_init
 .text.MX25_DP  0x0000dc90       0x5c ./hardware/kit/common/drivers/mx25flash_spi.o
                0x0000dc90                MX25_DP
 .text.Default_Handler
                0x0000dcec        0x4 ./platform/Device/SiliconLabs/EFR32BG1B/Source/GCC/startup_efr32bg1b.o
                0x0000dcec                DebugMon_Handler
                0x0000dcec                USART0_TX_IRQHandler
                0x0000dcec                I2C0_IRQHandler
                0x0000dcec                HardFault_Handler
                0x0000dcec                SysTick_Handler
                0x0000dcec                USART1_RX_IRQHandler
                0x0000dcec                PendSV_Handler
                0x0000dcec                NMI_Handler
                0x0000dcec                WDOG0_IRQHandler
                0x0000dcec                USART1_TX_IRQHandler
                0x0000dcec                MSC_IRQHandler
                0x0000dcec                ADC0_IRQHandler
                0x0000dcec                UsageFault_Handler
                0x0000dcec                LEUART0_IRQHandler
                0x0000dcec                FPUEH_IRQHandler
                0x0000dcec                GPIO_EVEN_IRQHandler
                0x0000dcec                LDMA_IRQHandler
                0x0000dcec                TIMER0_IRQHandler
                0x0000dcec                LETIMER0_IRQHandler
                0x0000dcec                TIMER1_IRQHandler
                0x0000dcec                Default_Handler
                0x0000dcec                CRYOTIMER_IRQHandler
                0x0000dcec                PCNT0_IRQHandler
                0x0000dcec                ACMP0_IRQHandler
                0x0000dcec                MemManage_Handler
                0x0000dcec                SVC_Handler
                0x0000dcec                RTCC_IRQHandler
                0x0000dcec                CRYPTO_IRQHandler
                0x0000dcec                CMU_IRQHandler
                0x0000dcec                GPIO_ODD_IRQHandler
                0x0000dcec                BusFault_Handler
                0x0000dcec                IDAC0_IRQHandler
 .text.Reset_Handler
                0x0000dcf0       0x38 ./platform/Device/SiliconLabs/EFR32BG1B/Source/GCC/startup_efr32bg1b.o
                0x0000dcf0                Reset_Handler
 .text.SystemMaxCoreClockGet
                0x0000dd28        0x8 ./platform/Device/SiliconLabs/EFR32BG1B/Source/system_efr32bg1b.o
                0x0000dd28                SystemMaxCoreClockGet
 .text.SystemHFClockGet
                0x0000dd30       0x50 ./platform/Device/SiliconLabs/EFR32BG1B/Source/system_efr32bg1b.o
                0x0000dd30                SystemHFClockGet
 .text.SystemCoreClockGet
                0x0000dd80       0x24 ./platform/Device/SiliconLabs/EFR32BG1B/Source/system_efr32bg1b.o
                0x0000dd80                SystemCoreClockGet
 .text.SystemHFXOClockGet
                0x0000dda4        0xc ./platform/Device/SiliconLabs/EFR32BG1B/Source/system_efr32bg1b.o
                0x0000dda4                SystemHFXOClockGet
 .text.SystemHFXOClockSet
                0x0000ddb0       0x20 ./platform/Device/SiliconLabs/EFR32BG1B/Source/system_efr32bg1b.o
                0x0000ddb0                SystemHFXOClockSet
 .text.SystemInit
                0x0000ddd0       0x4c ./platform/Device/SiliconLabs/EFR32BG1B/Source/system_efr32bg1b.o
                0x0000ddd0                SystemInit
 .text.SystemLFRCOClockGet
                0x0000de1c        0x8 ./platform/Device/SiliconLabs/EFR32BG1B/Source/system_efr32bg1b.o
                0x0000de1c                SystemLFRCOClockGet
 .text.SystemULFRCOClockGet
                0x0000de24        0x8 ./platform/Device/SiliconLabs/EFR32BG1B/Source/system_efr32bg1b.o
                0x0000de24                SystemULFRCOClockGet
 .text.SystemLFXOClockGet
                0x0000de2c        0xc ./platform/Device/SiliconLabs/EFR32BG1B/Source/system_efr32bg1b.o
                0x0000de2c                SystemLFXOClockGet
 .text.SystemLFXOClockSet
                0x0000de38       0x20 ./platform/Device/SiliconLabs/EFR32BG1B/Source/system_efr32bg1b.o
                0x0000de38                SystemLFXOClockSet
 .text.sleepCallbackWrapper
                0x0000de58       0x14 ./platform/emdrv/sleep/src/sleep.o
 .text.enterEMx
                0x0000de6c       0x70 ./platform/emdrv/sleep/src/sleep.o
 .text.SLEEP_Init
                0x0000dedc       0x44 ./platform/emdrv/sleep/src/sleep.o
                0x0000dedc                SLEEP_Init
 .text.SLEEP_Sleep
                0x0000df20       0x70 ./platform/emdrv/sleep/src/sleep.o
                0x0000df20                SLEEP_Sleep
 .text.SLEEP_SleepBlockBegin
                0x0000df90       0x28 ./platform/emdrv/sleep/src/sleep.o
                0x0000df90                SLEEP_SleepBlockBegin
 .text.SLEEP_SleepBlockEnd
                0x0000dfb8       0x2c ./platform/emdrv/sleep/src/sleep.o
                0x0000dfb8                SLEEP_SleepBlockEnd
 .text.SLEEP_LowestEnergyModeGet
                0x0000dfe4       0x1c ./platform/emdrv/sleep/src/sleep.o
                0x0000dfe4                SLEEP_LowestEnergyModeGet
 .text.updateInterrupts
                0x0000e000       0xe0 ./platform/emdrv/tempdrv/src/tempdrv.o
 .text.errataStateUpdate
                0x0000e0e0       0xbc ./platform/emdrv/tempdrv/src/tempdrv.o
 .text.errataCallback
                0x0000e19c        0x4 ./platform/emdrv/tempdrv/src/tempdrv.o
 .text.TEMPDRV_IRQHandler
                0x0000e1a0       0xd4 ./platform/emdrv/tempdrv/src/tempdrv.o
                0x0000e1a0                TEMPDRV_IRQHandler
 .text.EMU_IRQHandler
                0x0000e274        0x4 ./platform/emdrv/tempdrv/src/tempdrv.o
                0x0000e274                EMU_IRQHandler
 .text.TEMPDRV_Init
                0x0000e278      0x14c ./platform/emdrv/tempdrv/src/tempdrv.o
                0x0000e278                TEMPDRV_Init
 .text.flashWaitStateControl.isra.0
                0x0000e3c4       0x48 ./platform/emlib/src/em_cmu.o
 .text.CMU_OscillatorTuningSet.part.3
                0x0000e40c       0x3c ./platform/emlib/src/em_cmu.o
 .text.CMU_ClockEnable
                0x0000e448       0x8c ./platform/emlib/src/em_cmu.o
                0x0000e448                CMU_ClockEnable
 .text.CMU_ClockPrescGet
                0x0000e4d4       0x94 ./platform/emlib/src/em_cmu.o
                0x0000e4d4                CMU_ClockPrescGet
 .text.CMU_ClockSelectGet
                0x0000e568       0xc4 ./platform/emlib/src/em_cmu.o
                0x0000e568                CMU_ClockSelectGet
 .text.lfClkGet
                0x0000e62c       0x94 ./platform/emlib/src/em_cmu.o
 .text.CMU_ClockFreqGet
                0x0000e6c0      0x160 ./platform/emlib/src/em_cmu.o
                0x0000e6c0                CMU_ClockFreqGet
 .text.CMU_HFXOAutostartEnable
                0x0000e820       0x74 ./platform/emlib/src/em_cmu.o
                0x0000e820                CMU_HFXOAutostartEnable
 .text.CMU_OscillatorTuningWait
                0x0000e894       0x5c ./platform/emlib/src/em_cmu.o
                0x0000e894                CMU_OscillatorTuningWait
 .text.CMU_OscillatorEnable
                0x0000e8f0      0x110 ./platform/emlib/src/em_cmu.o
                0x0000e8f0                CMU_OscillatorEnable
 .text.CMU_ClockSelectSet
                0x0000ea00      0x200 ./platform/emlib/src/em_cmu.o
                0x0000ea00                CMU_ClockSelectSet
 .text.CMU_HFXOInit
                0x0000ec00       0x88 ./platform/emlib/src/em_cmu.o
                0x0000ec00                CMU_HFXOInit
 .text.CMU_LFXOInit
                0x0000ec88       0x40 ./platform/emlib/src/em_cmu.o
                0x0000ec88                CMU_LFXOInit
 .text.CORE_EnterCritical
                0x0000ecc8        0x8 ./platform/emlib/src/em_core.o
                0x0000ecc8                CORE_EnterCritical
 .text.CORE_ExitCritical
                0x0000ecd0        0x8 ./platform/emlib/src/em_core.o
                0x0000ecd0                CORE_ExitCritical
 .text.CORE_EnterAtomic
                0x0000ecd8        0x8 ./platform/emlib/src/em_core.o
                0x0000ecd8                CORE_EnterAtomic
 .text.CORE_ExitAtomic
                0x0000ece0        0x8 ./platform/emlib/src/em_core.o
                0x0000ece0                CORE_ExitAtomic
 .text.CORE_SetNvicRamTableHandler
                0x0000ece8       0x10 ./platform/emlib/src/em_core.o
                0x0000ece8                CORE_SetNvicRamTableHandler
 .text.CORE_InitNvicVectorTable
                0x0000ecf8       0x48 ./platform/emlib/src/em_core.o
                0x0000ecf8                CORE_InitNvicVectorTable
 .text.CRYPTO_ModulusSet
                0x0000ed40       0x38 ./platform/emlib/src/em_crypto.o
                0x0000ed40                CRYPTO_ModulusSet
 .text.CRYPTO_KeyRead
                0x0000ed78       0x2c ./platform/emlib/src/em_crypto.o
                0x0000ed78                CRYPTO_KeyRead
 .text.currentLimitersUpdate
                0x0000eda4       0x74 ./platform/emlib/src/em_emu.o
 .text.dcdcHsFixLnBlock.part.0
                0x0000ee18       0x30 ./platform/emlib/src/em_emu.o
 .text.dcdcFetCntSet.part.1
                0x0000ee48       0x20 ./platform/emlib/src/em_emu.o
 .text.emState.part.2
                0x0000ee68       0x24 ./platform/emlib/src/em_emu.o
 .text.emState  0x0000ee8c       0x60 ./platform/emlib/src/em_emu.o
 .text.EMU_EnterEM2
                0x0000eeec       0x5c ./platform/emlib/src/em_emu.o
                0x0000eeec                EMU_EnterEM2
 .text.EMU_EnterEM3
                0x0000ef48       0x80 ./platform/emlib/src/em_emu.o
                0x0000ef48                EMU_EnterEM3
 .text.EMU_Save
                0x0000efc8        0x4 ./platform/emlib/src/em_emu.o
                0x0000efc8                EMU_Save
 .text.EMU_Restore
                0x0000efcc        0x8 ./platform/emlib/src/em_emu.o
                0x0000efcc                EMU_Restore
 .text.EMU_DCDCModeSet
                0x0000efd4       0x64 ./platform/emlib/src/em_emu.o
                0x0000efd4                EMU_DCDCModeSet
 .text.EMU_EnterEM4
                0x0000f038       0x98 ./platform/emlib/src/em_emu.o
                0x0000f038                EMU_EnterEM4
 .text.EMU_DCDCOutputVoltageSet
                0x0000f0d0      0x1d0 ./platform/emlib/src/em_emu.o
                0x0000f0d0                EMU_DCDCOutputVoltageSet
 .text.EMU_DCDCOptimizeSlice
                0x0000f2a0       0x94 ./platform/emlib/src/em_emu.o
                0x0000f2a0                EMU_DCDCOptimizeSlice
 .text.EMU_DCDCLnRcoBandSet
                0x0000f334       0x24 ./platform/emlib/src/em_emu.o
                0x0000f334                EMU_DCDCLnRcoBandSet
 .text.EMU_DCDCInit
                0x0000f358      0x18c ./platform/emlib/src/em_emu.o
                0x0000f358                EMU_DCDCInit
 .text.EMU_SetBiasMode
                0x0000f4e4       0x84 ./platform/emlib/src/em_emu.o
                0x0000f4e4                EMU_SetBiasMode
 .text.GPIO_PinModeSet
                0x0000f568       0x84 ./platform/emlib/src/em_gpio.o
                0x0000f568                GPIO_PinModeSet
 .text.MSC_Init
                0x0000f5ec       0x18 ./platform/emlib/src/em_msc.o
                0x0000f5ec                MSC_Init
 .text.MSC_Deinit
                0x0000f604       0x14 ./platform/emlib/src/em_msc.o
                0x0000f604                MSC_Deinit
 .text.RMU_ResetCauseClear
                0x0000f618        0xc ./platform/emlib/src/em_rmu.o
                0x0000f618                RMU_ResetCauseClear
 .text.RMU_ResetCauseGet
                0x0000f624       0x7c ./platform/emlib/src/em_rmu.o
                0x0000f624                RMU_ResetCauseGet
 .text.RTCC_ChannelInit
                0x0000f6a0       0x3c ./platform/emlib/src/em_rtcc.o
                0x0000f6a0                RTCC_ChannelInit
 .text.RTCC_Init
                0x0000f6dc       0x6c ./platform/emlib/src/em_rtcc.o
                0x0000f6dc                RTCC_Init
 .text.SYSTEM_ChipRevisionGet
                0x0000f748       0x34 ./platform/emlib/src/em_system.o
                0x0000f748                SYSTEM_ChipRevisionGet
 .text.USART_BaudrateAsyncSet
                0x0000f77c       0x68 ./platform/emlib/src/em_usart.o
                0x0000f77c                USART_BaudrateAsyncSet
 .text.USART_BaudrateSyncSet
                0x0000f7e4       0x24 ./platform/emlib/src/em_usart.o
                0x0000f7e4                USART_BaudrateSyncSet
 .text.USART_Enable
                0x0000f808       0x10 ./platform/emlib/src/em_usart.o
                0x0000f808                USART_Enable
 .text.USART_InitAsync
                0x0000f818       0xb0 ./platform/emlib/src/em_usart.o
                0x0000f818                USART_InitAsync
 .text.USART_InitSync
                0x0000f8c8       0xc8 ./platform/emlib/src/em_usart.o
                0x0000f8c8                USART_InitSync
 .text.USART_Reset
                0x0000f990       0x4c ./platform/emlib/src/em_usart.o
                0x0000f990                USART_Reset
 .text.USART_Rx
                0x0000f9dc        0xc ./platform/emlib/src/em_usart.o
                0x0000f9dc                USART_Rx
 .text.USART_SpiTransfer
                0x0000f9e8       0x14 ./platform/emlib/src/em_usart.o
                0x0000f9e8                USART_SpiTransfer
 .text.USART_Tx
                0x0000f9fc        0xc ./platform/emlib/src/em_usart.o
                0x0000f9fc                USART_Tx
 .text.RAIL_ConfigPti
                0x0000fa08        0x6 C:\Users\Salva\SimplicityStudio\v4_workspace\ble_v0\platform\radio\rail_lib\autogen\librail_release\librail_efr32xg1_gcc_release.a(rail_pti.o)
                0x0000fa08                RAIL_ConfigPti
 .text.RAIL_EnablePti
                0x0000fa0e        0x6 C:\Users\Salva\SimplicityStudio\v4_workspace\ble_v0\platform\radio\rail_lib\autogen\librail_release\librail_efr32xg1_gcc_release.a(rail_pti.o)
                0x0000fa0e                RAIL_EnablePti
 .text.eventDefault
                0x0000fa14        0x2 C:\Users\Salva\SimplicityStudio\v4_workspace\ble_v0\platform\radio\rail_lib\autogen\librail_release\librail_efr32xg1_gcc_release.a(rail_rf_hal.o)
 *fill*         0x0000fa16        0x2 
 .text.setRssiPeriod
                0x0000fa18       0x18 C:\Users\Salva\SimplicityStudio\v4_workspace\ble_v0\platform\radio\rail_lib\autogen\librail_release\librail_efr32xg1_gcc_release.a(rail_rf_hal.o)
 .text.RFHAL_NotifyUserOfIrCal
                0x0000fa30       0x80 C:\Users\Salva\SimplicityStudio\v4_workspace\ble_v0\platform\radio\rail_lib\autogen\librail_release\librail_efr32xg1_gcc_release.a(rail_rf_hal.o)
 .text.GENERIC_PHY_EventCallback
                0x0000fab0      0x19c C:\Users\Salva\SimplicityStudio\v4_workspace\ble_v0\platform\radio\rail_lib\autogen\librail_release\librail_efr32xg1_gcc_release.a(rail_rf_hal.o)
                0x0000fab0                GENERIC_PHY_EventCallback
 .text.RFHAL_IntEnable
                0x0000fc4c       0x56 C:\Users\Salva\SimplicityStudio\v4_workspace\ble_v0\platform\radio\rail_lib\autogen\librail_release\librail_efr32xg1_gcc_release.a(rail_rf_hal.o)
                0x0000fc4c                RFHAL_IntEnable
 *fill*         0x0000fca2        0x2 
 .text.RFHAL_SetEventCallback
                0x0000fca4       0x18 C:\Users\Salva\SimplicityStudio\v4_workspace\ble_v0\platform\radio\rail_lib\autogen\librail_release\librail_efr32xg1_gcc_release.a(rail_rf_hal.o)
                0x0000fca4                RFHAL_SetEventCallback
 .text.RFHAL_SetPtiProtocol
                0x0000fcbc       0x20 C:\Users\Salva\SimplicityStudio\v4_workspace\ble_v0\platform\radio\rail_lib\autogen\librail_release\librail_efr32xg1_gcc_release.a(rail_rf_hal.o)
                0x0000fcbc                RFHAL_SetPtiProtocol
 .text.RFHAL_Idle
                0x0000fcdc       0x40 C:\Users\Salva\SimplicityStudio\v4_workspace\ble_v0\platform\radio\rail_lib\autogen\librail_release\librail_efr32xg1_gcc_release.a(rail_rf_hal.o)
                0x0000fcdc                RFHAL_Idle
 .text.RFHAL_GetRadioState
                0x0000fd1c       0x7c C:\Users\Salva\SimplicityStudio\v4_workspace\ble_v0\platform\radio\rail_lib\autogen\librail_release\librail_efr32xg1_gcc_release.a(rail_rf_hal.o)
                0x0000fd1c                RFHAL_GetRadioState
 .text.RFHAL_OkToTransmit
                0x0000fd98       0x14 C:\Users\Salva\SimplicityStudio\v4_workspace\ble_v0\platform\radio\rail_lib\autogen\librail_release\librail_efr32xg1_gcc_release.a(rail_rf_hal.o)
                0x0000fd98                RFHAL_OkToTransmit
 .text.RFHAL_ScheduleRx
                0x0000fdac       0x74 C:\Users\Salva\SimplicityStudio\v4_workspace\ble_v0\platform\radio\rail_lib\autogen\librail_release\librail_efr32xg1_gcc_release.a(rail_rf_hal.o)
                0x0000fdac                RFHAL_ScheduleRx
 .text.RFHAL_EnableRxRawCapture
                0x0000fe20       0x5c C:\Users\Salva\SimplicityStudio\v4_workspace\ble_v0\platform\radio\rail_lib\autogen\librail_release\librail_efr32xg1_gcc_release.a(rail_rf_hal.o)
                0x0000fe20                RFHAL_EnableRxRawCapture
 .text.RFHAL_DisableRxRawCapture
                0x0000fe7c       0x38 C:\Users\Salva\SimplicityStudio\v4_workspace\ble_v0\platform\radio\rail_lib\autogen\librail_release\librail_efr32xg1_gcc_release.a(rail_rf_hal.o)
                0x0000fe7c                RFHAL_DisableRxRawCapture
 .text.RFHAL_AcceptCrcErrors
                0x0000feb4       0x18 C:\Users\Salva\SimplicityStudio\v4_workspace\ble_v0\platform\radio\rail_lib\autogen\librail_release\librail_efr32xg1_gcc_release.a(rail_rf_hal.o)
                0x0000feb4                RFHAL_AcceptCrcErrors
 .text.RFHAL_ConfigRxOptions
                0x0000fecc       0x74 C:\Users\Salva\SimplicityStudio\v4_workspace\ble_v0\platform\radio\rail_lib\autogen\librail_release\librail_efr32xg1_gcc_release.a(rail_rf_hal.o)
                0x0000fecc                RFHAL_ConfigRxOptions
 .text.RFHAL_CancelTimer
                0x0000ff40       0x28 C:\Users\Salva\SimplicityStudio\v4_workspace\ble_v0\platform\radio\rail_lib\autogen\librail_release\librail_efr32xg1_gcc_release.a(rail_rf_hal.o)
                0x0000ff40                RFHAL_CancelTimer
 .text.RFHAL_SetTimer
                0x0000ff68       0x80 C:\Users\Salva\SimplicityStudio\v4_workspace\ble_v0\platform\radio\rail_lib\autogen\librail_release\librail_efr32xg1_gcc_release.a(rail_rf_hal.o)
                0x0000ff68                RFHAL_SetTimer
 .text.RFHAL_SetTxTransitions
                0x0000ffe8       0x1c C:\Users\Salva\SimplicityStudio\v4_workspace\ble_v0\platform\radio\rail_lib\autogen\librail_release\librail_efr32xg1_gcc_release.a(rail_rf_hal.o)
                0x0000ffe8                RFHAL_SetTxTransitions
 .text.RFHAL_SetRxTransitions
                0x00010004       0x1c C:\Users\Salva\SimplicityStudio\v4_workspace\ble_v0\platform\radio\rail_lib\autogen\librail_release\librail_efr32xg1_gcc_release.a(rail_rf_hal.o)
                0x00010004                RFHAL_SetRxTransitions
 .text.RFHAL_SetCRCInitVal
                0x00010020        0x4 C:\Users\Salva\SimplicityStudio\v4_workspace\ble_v0\platform\radio\rail_lib\autogen\librail_release\librail_efr32xg1_gcc_release.a(rail_rf_hal.o)
                0x00010020                RFHAL_SetCRCInitVal
 .text.RFHAL_ConfigTxPower
                0x00010024        0xc C:\Users\Salva\SimplicityStudio\v4_workspace\ble_v0\platform\radio\rail_lib\autogen\librail_release\librail_efr32xg1_gcc_release.a(rail_rf_hal.o)
                0x00010024                RFHAL_ConfigTxPower
 .text.RFHAL_SetTxPowerUnchecked
                0x00010030       0x18 C:\Users\Salva\SimplicityStudio\v4_workspace\ble_v0\platform\radio\rail_lib\autogen\librail_release\librail_efr32xg1_gcc_release.a(rail_rf_hal.o)
                0x00010030                RFHAL_SetTxPowerUnchecked
 .text.RFHAL_SetTxPower
                0x00010048       0x3c C:\Users\Salva\SimplicityStudio\v4_workspace\ble_v0\platform\radio\rail_lib\autogen\librail_release\librail_efr32xg1_gcc_release.a(rail_rf_hal.o)
                0x00010048                RFHAL_SetTxPower
 .text.RFHAL_GetTxPowerConfig
                0x00010084        0xc C:\Users\Salva\SimplicityStudio\v4_workspace\ble_v0\platform\radio\rail_lib\autogen\librail_release\librail_efr32xg1_gcc_release.a(rail_rf_hal.o)
                0x00010084                RFHAL_GetTxPowerConfig
 .text.RFHAL_GetTxPower
                0x00010090        0x4 C:\Users\Salva\SimplicityStudio\v4_workspace\ble_v0\platform\radio\rail_lib\autogen\librail_release\librail_efr32xg1_gcc_release.a(rail_rf_hal.o)
                0x00010090                RFHAL_GetTxPower
 .text.RFHAL_SetChannel
                0x00010094       0x98 C:\Users\Salva\SimplicityStudio\v4_workspace\ble_v0\platform\radio\rail_lib\autogen\librail_release\librail_efr32xg1_gcc_release.a(rail_rf_hal.o)
                0x00010094                RFHAL_SetChannel
 .text.RFHAL_IsAutoAckEnabled
                0x0001012c        0x6 C:\Users\Salva\SimplicityStudio\v4_workspace\ble_v0\platform\radio\rail_lib\autogen\librail_release\librail_efr32xg1_gcc_release.a(rail_rf_hal.o)
                0x0001012c                RFHAL_IsAutoAckEnabled
 *fill*         0x00010132        0x2 
 .text.RFHAL_AutoAckWaitForAck
                0x00010134       0x18 C:\Users\Salva\SimplicityStudio\v4_workspace\ble_v0\platform\radio\rail_lib\autogen\librail_release\librail_efr32xg1_gcc_release.a(rail_rf_hal.o)
                0x00010134                RFHAL_AutoAckWaitForAck
 .text.preTxOps
                0x0001014c       0xc4 C:\Users\Salva\SimplicityStudio\v4_workspace\ble_v0\platform\radio\rail_lib\autogen\librail_release\librail_efr32xg1_gcc_release.a(rail_rf_hal.o)
 .text.RFHAL_StartTx
                0x00010210       0x12 C:\Users\Salva\SimplicityStudio\v4_workspace\ble_v0\platform\radio\rail_lib\autogen\librail_release\librail_efr32xg1_gcc_release.a(rail_rf_hal.o)
                0x00010210                RFHAL_StartTx
 .text.RFHAL_StartScheduledTx
                0x00010222       0x3a C:\Users\Salva\SimplicityStudio\v4_workspace\ble_v0\platform\radio\rail_lib\autogen\librail_release\librail_efr32xg1_gcc_release.a(rail_rf_hal.o)
                0x00010222                RFHAL_StartScheduledTx
 .text.RFHAL_GetRxPacketInfo
                0x0001025c       0x48 C:\Users\Salva\SimplicityStudio\v4_workspace\ble_v0\platform\radio\rail_lib\autogen\librail_release\librail_efr32xg1_gcc_release.a(rail_rf_hal.o)
                0x0001025c                RFHAL_GetRxPacketInfo
 .text.RFHAL_GetRxPacketDetails
                0x000102a4       0xcc C:\Users\Salva\SimplicityStudio\v4_workspace\ble_v0\platform\radio\rail_lib\autogen\librail_release\librail_efr32xg1_gcc_release.a(rail_rf_hal.o)
                0x000102a4                RFHAL_GetRxPacketDetails
 .text.RFHAL_SetTxBuffer
                0x00010370       0x3a C:\Users\Salva\SimplicityStudio\v4_workspace\ble_v0\platform\radio\rail_lib\autogen\librail_release\librail_efr32xg1_gcc_release.a(rail_rf_hal.o)
                0x00010370                RFHAL_SetTxBuffer
 *fill*         0x000103aa        0x2 
 .text.RFHAL_ResetTxFifo
                0x000103ac       0x2c C:\Users\Salva\SimplicityStudio\v4_workspace\ble_v0\platform\radio\rail_lib\autogen\librail_release\librail_efr32xg1_gcc_release.a(rail_rf_hal.o)
                0x000103ac                RFHAL_ResetTxFifo
 .text.RFHAL_WriteTxFifo
                0x000103d8       0x28 C:\Users\Salva\SimplicityStudio\v4_workspace\ble_v0\platform\radio\rail_lib\autogen\librail_release\librail_efr32xg1_gcc_release.a(rail_rf_hal.o)
                0x000103d8                RFHAL_WriteTxFifo
 .text.RFHAL_ResetRxFifo
                0x00010400       0x40 C:\Users\Salva\SimplicityStudio\v4_workspace\ble_v0\platform\radio\rail_lib\autogen\librail_release\librail_efr32xg1_gcc_release.a(rail_rf_hal.o)
                0x00010400                RFHAL_ResetRxFifo
 .text.RFHAL_ConfigData
                0x00010440       0x7c C:\Users\Salva\SimplicityStudio\v4_workspace\ble_v0\platform\radio\rail_lib\autogen\librail_release\librail_efr32xg1_gcc_release.a(rail_rf_hal.o)
                0x00010440                RFHAL_ConfigData
 .text.RFHAL_Init
                0x000104bc       0xa0 C:\Users\Salva\SimplicityStudio\v4_workspace\ble_v0\platform\radio\rail_lib\autogen\librail_release\librail_efr32xg1_gcc_release.a(rail_rf_hal.o)
                0x000104bc                RFHAL_Init
 .text.RFHAL_SetFixedLength
                0x0001055c       0x8c C:\Users\Salva\SimplicityStudio\v4_workspace\ble_v0\platform\radio\rail_lib\autogen\librail_release\librail_efr32xg1_gcc_release.a(rail_rf_hal.o)
                0x0001055c                RFHAL_SetFixedLength
 .text.RFHAL_SetAbortScheduledTxDuringRx
                0x000105e8       0x18 C:\Users\Salva\SimplicityStudio\v4_workspace\ble_v0\platform\radio\rail_lib\autogen\librail_release\librail_efr32xg1_gcc_release.a(rail_rf_hal.o)
                0x000105e8                RFHAL_SetAbortScheduledTxDuringRx
 .text.RFHAL_ConfigRadio
                0x00010600       0xe0 C:\Users\Salva\SimplicityStudio\v4_workspace\ble_v0\platform\radio\rail_lib\autogen\librail_release\librail_efr32xg1_gcc_release.a(rail_rf_hal.o)
                0x00010600                RFHAL_ConfigRadio
 .text.RFHAL_GetTime
                0x000106e0        0xe C:\Users\Salva\SimplicityStudio\v4_workspace\ble_v0\platform\radio\rail_lib\autogen\librail_release\librail_efr32xg1_gcc_release.a(rail_rf_hal.o)
                0x000106e0                RFHAL_GetTime
 .text.RFHAL_GetRadioEntropy
                0x000106ee        0x4 C:\Users\Salva\SimplicityStudio\v4_workspace\ble_v0\platform\radio\rail_lib\autogen\librail_release\librail_efr32xg1_gcc_release.a(rail_rf_hal.o)
                0x000106ee                RFHAL_GetRadioEntropy
 .text.RFHAL_SetStateTiming
                0x000106f2       0x4e C:\Users\Salva\SimplicityStudio\v4_workspace\ble_v0\platform\radio\rail_lib\autogen\librail_release\librail_efr32xg1_gcc_release.a(rail_rf_hal.o)
                0x000106f2                RFHAL_SetStateTiming
 .text.RFHAL_ConfigPti
                0x00010740        0x4 C:\Users\Salva\SimplicityStudio\v4_workspace\ble_v0\platform\radio\rail_lib\autogen\librail_release\librail_efr32xg1_gcc_release.a(rail_rf_hal.o)
                0x00010740                RFHAL_ConfigPti
 .text.RFHAL_EnablePti
                0x00010744        0x4 C:\Users\Salva\SimplicityStudio\v4_workspace\ble_v0\platform\radio\rail_lib\autogen\librail_release\librail_efr32xg1_gcc_release.a(rail_rf_hal.o)
                0x00010744                RFHAL_EnablePti
 .text.RAIL_Init
                0x00010748       0x20 C:\Users\Salva\SimplicityStudio\v4_workspace\ble_v0\platform\radio\rail_lib\autogen\librail_release\librail_efr32xg1_gcc_release.a(rail_singleprotocol.o)
                0x00010748                RAIL_Init
 .text.RAIL_GetSchedulerStatus
                0x00010768        0x4 C:\Users\Salva\SimplicityStudio\v4_workspace\ble_v0\platform\radio\rail_lib\autogen\librail_release\librail_efr32xg1_gcc_release.a(rail_singleprotocol.o)
                0x00010768                RAIL_GetSchedulerStatus
 .text.RAIL_Idle
                0x0001076c        0x8 C:\Users\Salva\SimplicityStudio\v4_workspace\ble_v0\platform\radio\rail_lib\autogen\librail_release\librail_efr32xg1_gcc_release.a(rail_singleprotocol.o)
                0x0001076c                RAIL_Idle
 .text.RAIL_YieldRadio
                0x00010774        0x2 C:\Users\Salva\SimplicityStudio\v4_workspace\ble_v0\platform\radio\rail_lib\autogen\librail_release\librail_efr32xg1_gcc_release.a(rail_singleprotocol.o)
                0x00010774                RAIL_YieldRadio
 .text.RAIL_GetRadioEntropy
                0x00010776        0x8 C:\Users\Salva\SimplicityStudio\v4_workspace\ble_v0\platform\radio\rail_lib\autogen\librail_release\librail_efr32xg1_gcc_release.a(rail_singleprotocol.o)
                0x00010776                RAIL_GetRadioEntropy
 .text.RAIL_SetTimer
                0x0001077e       0x14 C:\Users\Salva\SimplicityStudio\v4_workspace\ble_v0\platform\radio\rail_lib\autogen\librail_release\librail_efr32xg1_gcc_release.a(rail_singleprotocol.o)
                0x0001077e                RAIL_SetTimer
 .text.RAIL_CancelTimer
                0x00010792        0x4 C:\Users\Salva\SimplicityStudio\v4_workspace\ble_v0\platform\radio\rail_lib\autogen\librail_release\librail_efr32xg1_gcc_release.a(rail_singleprotocol.o)
                0x00010792                RAIL_CancelTimer
 .text.RAIL_StartTx
                0x00010796        0xa C:\Users\Salva\SimplicityStudio\v4_workspace\ble_v0\platform\radio\rail_lib\autogen\librail_release\librail_efr32xg1_gcc_release.a(rail_singleprotocol.o)
                0x00010796                RAIL_StartTx
 .text.RAIL_StartScheduledTx
                0x000107a0        0xa C:\Users\Salva\SimplicityStudio\v4_workspace\ble_v0\platform\radio\rail_lib\autogen\librail_release\librail_efr32xg1_gcc_release.a(rail_singleprotocol.o)
                0x000107a0                RAIL_StartScheduledTx
 .text.RAIL_ScheduleRx
                0x000107aa        0xa C:\Users\Salva\SimplicityStudio\v4_workspace\ble_v0\platform\radio\rail_lib\autogen\librail_release\librail_efr32xg1_gcc_release.a(rail_singleprotocol.o)
                0x000107aa                RAIL_ScheduleRx
 .text.radioConfigChangedDefault
                0x000107b4        0x2 C:\Users\Salva\SimplicityStudio\v4_workspace\ble_v0\platform\radio\rail_lib\autogen\librail_release\librail_efr32xg1_gcc_release.a(rail_rf.o)
 .text.isTransitionState
                0x000107b6       0x12 C:\Users\Salva\SimplicityStudio\v4_workspace\ble_v0\platform\radio\rail_lib\autogen\librail_release\librail_efr32xg1_gcc_release.a(rail_rf.o)
 .text.RAILCore_Init
                0x000107c8       0x12 C:\Users\Salva\SimplicityStudio\v4_workspace\ble_v0\platform\radio\rail_lib\autogen\librail_release\librail_efr32xg1_gcc_release.a(rail_rf.o)
                0x000107c8                RAILCore_Init
 *fill*         0x000107da        0x2 
 .text.RAILInt_SetCallbackConfig
                0x000107dc       0x20 C:\Users\Salva\SimplicityStudio\v4_workspace\ble_v0\platform\radio\rail_lib\autogen\librail_release\librail_efr32xg1_gcc_release.a(rail_rf.o)
                0x000107dc                RAILInt_SetCallbackConfig
 .text.RAILCore_Idle
                0x000107fc       0x14 C:\Users\Salva\SimplicityStudio\v4_workspace\ble_v0\platform\radio\rail_lib\autogen\librail_release\librail_efr32xg1_gcc_release.a(rail_rf.o)
                0x000107fc                RAILCore_Idle
 .text.RAILCore_GetRadioState
                0x00010810        0x4 C:\Users\Salva\SimplicityStudio\v4_workspace\ble_v0\platform\radio\rail_lib\autogen\librail_release\librail_efr32xg1_gcc_release.a(rail_rf.o)
                0x00010810                RAILCore_GetRadioState
 .text.RAIL_SetStateTiming
                0x00010814        0xa C:\Users\Salva\SimplicityStudio\v4_workspace\ble_v0\platform\radio\rail_lib\autogen\librail_release\librail_efr32xg1_gcc_release.a(rail_rf.o)
                0x00010814                RAIL_SetStateTiming
 *fill*         0x0001081e        0x2 
 .text.RAILInt_IsPowerInRange
                0x00010820       0x3c C:\Users\Salva\SimplicityStudio\v4_workspace\ble_v0\platform\radio\rail_lib\autogen\librail_release\librail_efr32xg1_gcc_release.a(rail_rf.o)
                0x00010820                RAILInt_IsPowerInRange
 .text.RAILInt_SetChannel
                0x0001085c      0x1d8 C:\Users\Salva\SimplicityStudio\v4_workspace\ble_v0\platform\radio\rail_lib\autogen\librail_release\librail_efr32xg1_gcc_release.a(rail_rf.o)
                0x0001085c                RAILInt_SetChannel
 .text.RAILCore_ConfigChannels
                0x00010a34       0x58 C:\Users\Salva\SimplicityStudio\v4_workspace\ble_v0\platform\radio\rail_lib\autogen\librail_release\librail_efr32xg1_gcc_release.a(rail_rf.o)
                0x00010a34                RAILCore_ConfigChannels
 .text.RAILInt_GetChannel
                0x00010a8c        0x4 C:\Users\Salva\SimplicityStudio\v4_workspace\ble_v0\platform\radio\rail_lib\autogen\librail_release\librail_efr32xg1_gcc_release.a(rail_rf.o)
                0x00010a8c                RAILInt_GetChannel
 .text.RAILCore_SetTxTransitions
                0x00010a90       0x3c C:\Users\Salva\SimplicityStudio\v4_workspace\ble_v0\platform\radio\rail_lib\autogen\librail_release\librail_efr32xg1_gcc_release.a(rail_rf.o)
                0x00010a90                RAILCore_SetTxTransitions
 .text.RAIL_SetTxTransitions
                0x00010acc        0xa C:\Users\Salva\SimplicityStudio\v4_workspace\ble_v0\platform\radio\rail_lib\autogen\librail_release\librail_efr32xg1_gcc_release.a(rail_rf.o)
                0x00010acc                RAIL_SetTxTransitions
 .text.RAILCore_SetRxTransitions
                0x00010ad6       0x38 C:\Users\Salva\SimplicityStudio\v4_workspace\ble_v0\platform\radio\rail_lib\autogen\librail_release\librail_efr32xg1_gcc_release.a(rail_rf.o)
                0x00010ad6                RAILCore_SetRxTransitions
 .text.RAIL_SetRxTransitions
                0x00010b0e        0xa C:\Users\Salva\SimplicityStudio\v4_workspace\ble_v0\platform\radio\rail_lib\autogen\librail_release\librail_efr32xg1_gcc_release.a(rail_rf.o)
                0x00010b0e                RAIL_SetRxTransitions
 .text.RAIL_ConfigEvents
                0x00010b18       0x14 C:\Users\Salva\SimplicityStudio\v4_workspace\ble_v0\platform\radio\rail_lib\autogen\librail_release\librail_efr32xg1_gcc_release.a(rail_rf.o)
                0x00010b18                RAIL_ConfigEvents
 .text.RAIL_ConfigRxOptions
                0x00010b2c        0xa C:\Users\Salva\SimplicityStudio\v4_workspace\ble_v0\platform\radio\rail_lib\autogen\librail_release\librail_efr32xg1_gcc_release.a(rail_rx.o)
                0x00010b2c                RAIL_ConfigRxOptions
 .text.RAILCore_ScheduleRx
                0x00010b36       0x2c C:\Users\Salva\SimplicityStudio\v4_workspace\ble_v0\platform\radio\rail_lib\autogen\librail_release\librail_efr32xg1_gcc_release.a(rail_rx.o)
                0x00010b36                RAILCore_ScheduleRx
 .text.RAILInt_PreTxOps
                0x00010b62       0x1c C:\Users\Salva\SimplicityStudio\v4_workspace\ble_v0\platform\radio\rail_lib\autogen\librail_release\librail_efr32xg1_gcc_release.a(rail_tx.o)
                0x00010b62                RAILInt_PreTxOps
 .text.RAILCore_StartTx
                0x00010b7e       0x1a C:\Users\Salva\SimplicityStudio\v4_workspace\ble_v0\platform\radio\rail_lib\autogen\librail_release\librail_efr32xg1_gcc_release.a(rail_tx.o)
                0x00010b7e                RAILCore_StartTx
 .text.RAILCore_StartScheduledTx
                0x00010b98       0x1e C:\Users\Salva\SimplicityStudio\v4_workspace\ble_v0\platform\radio\rail_lib\autogen\librail_release\librail_efr32xg1_gcc_release.a(rail_tx.o)
                0x00010b98                RAILCore_StartScheduledTx
 .text.RAIL_SetTxPower
                0x00010bb6        0xa C:\Users\Salva\SimplicityStudio\v4_workspace\ble_v0\platform\radio\rail_lib\autogen\librail_release\librail_efr32xg1_gcc_release.a(rail_tx.o)
                0x00010bb6                RAIL_SetTxPower
 .text.RAIL_GetTxPower
                0x00010bc0        0xa C:\Users\Salva\SimplicityStudio\v4_workspace\ble_v0\platform\radio\rail_lib\autogen\librail_release\librail_efr32xg1_gcc_release.a(rail_tx.o)
                0x00010bc0                RAIL_GetTxPower
 .text.RAIL_ConfigTxPower
                0x00010bca       0x1a C:\Users\Salva\SimplicityStudio\v4_workspace\ble_v0\platform\radio\rail_lib\autogen\librail_release\librail_efr32xg1_gcc_release.a(rail_tx.o)
                0x00010bca                RAIL_ConfigTxPower
 .text.RAILInt_PendCal
                0x00010be4       0x24 C:\Users\Salva\SimplicityStudio\v4_workspace\ble_v0\platform\radio\rail_lib\autogen\librail_release\librail_efr32xg1_gcc_release.a(rail_calibration.o)
                0x00010be4                RAILInt_PendCal
 .text.RAILCb_AssertFailed
                0x00010c08       0x14 C:\Users\Salva\SimplicityStudio\v4_workspace\ble_v0\platform\radio\rail_lib\autogen\librail_release\librail_efr32xg1_gcc_release.a(rail_assert.o)
                0x00010c08                RAILCb_AssertFailed
 .text.RAILInt_Assert
                0x00010c1c       0x1c C:\Users\Salva\SimplicityStudio\v4_workspace\ble_v0\platform\radio\rail_lib\autogen\librail_release\librail_efr32xg1_gcc_release.a(rail_assert.o)
                0x00010c1c                RAILInt_Assert
 .text.RAILCore_GetRadioEntropy
                0x00010c38        0x4 C:\Users\Salva\SimplicityStudio\v4_workspace\ble_v0\platform\radio\rail_lib\autogen\librail_release\librail_efr32xg1_gcc_release.a(rail_rssi.o)
                0x00010c38                RAILCore_GetRadioEntropy
 .text.BUFC_ReadHelper
                0x00010c3c       0x7c C:\Users\Salva\SimplicityStudio\v4_workspace\ble_v0\platform\radio\rail_lib\autogen\librail_release\librail_efr32xg1_gcc_release.a(bufc.o)
 .text.checkAndAddRxLenOverflowEntry
                0x00010cb8       0x3c C:\Users\Salva\SimplicityStudio\v4_workspace\ble_v0\platform\radio\rail_lib\autogen\librail_release\librail_efr32xg1_gcc_release.a(bufc.o)
 .text.BUFC_SetTxBuffer
                0x00010cf4       0x38 C:\Users\Salva\SimplicityStudio\v4_workspace\ble_v0\platform\radio\rail_lib\autogen\librail_release\librail_efr32xg1_gcc_release.a(bufc.o)
                0x00010cf4                BUFC_SetTxBuffer
 .text.BUFC_WriteBuffer
                0x00010d2c       0xa8 C:\Users\Salva\SimplicityStudio\v4_workspace\ble_v0\platform\radio\rail_lib\autogen\librail_release\librail_efr32xg1_gcc_release.a(bufc.o)
                0x00010d2c                BUFC_WriteBuffer
 .text.BUFC_Peek
                0x00010dd4       0x12 C:\Users\Salva\SimplicityStudio\v4_workspace\ble_v0\platform\radio\rail_lib\autogen\librail_release\librail_efr32xg1_gcc_release.a(bufc.o)
                0x00010dd4                BUFC_Peek
 .text.BUFC_PeekByte
                0x00010de6       0x34 C:\Users\Salva\SimplicityStudio\v4_workspace\ble_v0\platform\radio\rail_lib\autogen\librail_release\librail_efr32xg1_gcc_release.a(bufc.o)
                0x00010de6                BUFC_PeekByte
 *fill*         0x00010e1a        0x2 
 .text.BUFC_GetSpaceAvailable
                0x00010e1c       0x28 C:\Users\Salva\SimplicityStudio\v4_workspace\ble_v0\platform\radio\rail_lib\autogen\librail_release\librail_efr32xg1_gcc_release.a(bufc.o)
                0x00010e1c                BUFC_GetSpaceAvailable
 .text.BUFC_GetBytesAvailable
                0x00010e44       0x14 C:\Users\Salva\SimplicityStudio\v4_workspace\ble_v0\platform\radio\rail_lib\autogen\librail_release\librail_efr32xg1_gcc_release.a(bufc.o)
                0x00010e44                BUFC_GetBytesAvailable
 .text.BUFC_TxAckBufferSet
                0x00010e58       0x38 C:\Users\Salva\SimplicityStudio\v4_workspace\ble_v0\platform\radio\rail_lib\autogen\librail_release\librail_efr32xg1_gcc_release.a(bufc.o)
                0x00010e58                BUFC_TxAckBufferSet
 .text.BUFC_TxAckBufferReset
                0x00010e90        0x8 C:\Users\Salva\SimplicityStudio\v4_workspace\ble_v0\platform\radio\rail_lib\autogen\librail_release\librail_efr32xg1_gcc_release.a(bufc.o)
                0x00010e90                BUFC_TxAckBufferReset
 .text.BUFC_RxBufferReset
                0x00010e98       0x5c C:\Users\Salva\SimplicityStudio\v4_workspace\ble_v0\platform\radio\rail_lib\autogen\librail_release\librail_efr32xg1_gcc_release.a(bufc.o)
                0x00010e98                BUFC_RxBufferReset
 .text.BUFC_Init
                0x00010ef4       0x98 C:\Users\Salva\SimplicityStudio\v4_workspace\ble_v0\platform\radio\rail_lib\autogen\librail_release\librail_efr32xg1_gcc_release.a(bufc.o)
                0x00010ef4                BUFC_Init
 .text.BUFC_RxBufferBytesAvailable
                0x00010f8c       0x10 C:\Users\Salva\SimplicityStudio\v4_workspace\ble_v0\platform\radio\rail_lib\autogen\librail_release\librail_efr32xg1_gcc_release.a(bufc.o)
                0x00010f8c                BUFC_RxBufferBytesAvailable
 .text.BUFC_ReleaseRxPacket
                0x00010f9c      0x10c C:\Users\Salva\SimplicityStudio\v4_workspace\ble_v0\platform\radio\rail_lib\autogen\librail_release\librail_efr32xg1_gcc_release.a(bufc.o)
                0x00010f9c                BUFC_ReleaseRxPacket
 .text.BUFC_StartRxLenThrEvent
                0x000110a8       0x8c C:\Users\Salva\SimplicityStudio\v4_workspace\ble_v0\platform\radio\rail_lib\autogen\librail_release\librail_efr32xg1_gcc_release.a(bufc.o)
                0x000110a8                BUFC_StartRxLenThrEvent
 .text.BUFC_EndRxLenThrEvent
                0x00011134       0x1c C:\Users\Salva\SimplicityStudio\v4_workspace\ble_v0\platform\radio\rail_lib\autogen\librail_release\librail_efr32xg1_gcc_release.a(bufc.o)
                0x00011134                BUFC_EndRxLenThrEvent
 .text.BUFC_HandleRxLenOvfEvent
                0x00011150       0x28 C:\Users\Salva\SimplicityStudio\v4_workspace\ble_v0\platform\radio\rail_lib\autogen\librail_release\librail_efr32xg1_gcc_release.a(bufc.o)
                0x00011150                BUFC_HandleRxLenOvfEvent
 .text.BUFC_GetRxPacketInfo
                0x00011178      0x138 C:\Users\Salva\SimplicityStudio\v4_workspace\ble_v0\platform\radio\rail_lib\autogen\librail_release\librail_efr32xg1_gcc_release.a(bufc.o)
                0x00011178                BUFC_GetRxPacketInfo
 .text.IRCAL_Set
                0x000112b0       0x1c C:\Users\Salva\SimplicityStudio\v4_workspace\ble_v0\platform\radio\rail_lib\autogen\librail_release\librail_efr32xg1_gcc_release.a(ir_cal.o)
                0x000112b0                IRCAL_Set
 .text.IRCAL_Init
                0x000112cc       0xa8 C:\Users\Salva\SimplicityStudio\v4_workspace\ble_v0\platform\radio\rail_lib\autogen\librail_release\librail_efr32xg1_gcc_release.a(ir_cal.o)
                0x000112cc                IRCAL_Init
 .text.PA_ProtectPa
                0x00011374       0xbc C:\Users\Salva\SimplicityStudio\v4_workspace\ble_v0\platform\radio\rail_lib\autogen\librail_release\librail_efr32xg1_gcc_release.a(pa.o)
 .text.getRampTimeFromLevelAndRate
                0x00011430       0x20 C:\Users\Salva\SimplicityStudio\v4_workspace\ble_v0\platform\radio\rail_lib\autogen\librail_release\librail_efr32xg1_gcc_release.a(pa.o)
 .text.PA_GetTxPowerConfig
                0x00011450       0x14 C:\Users\Salva\SimplicityStudio\v4_workspace\ble_v0\platform\radio\rail_lib\autogen\librail_release\librail_efr32xg1_gcc_release.a(pa.o)
                0x00011450                PA_GetTxPowerConfig
 .text.PA_GetPowerLevel
                0x00011464        0xc C:\Users\Salva\SimplicityStudio\v4_workspace\ble_v0\platform\radio\rail_lib\autogen\librail_release\librail_efr32xg1_gcc_release.a(pa.o)
                0x00011464                PA_GetPowerLevel
 .text.PA_SetPowerLevel
                0x00011470      0x194 C:\Users\Salva\SimplicityStudio\v4_workspace\ble_v0\platform\radio\rail_lib\autogen\librail_release\librail_efr32xg1_gcc_release.a(pa.o)
                0x00011470                PA_SetPowerLevel
 .text.PA_RunPeakDetectorHigh
                0x00011604       0x4c C:\Users\Salva\SimplicityStudio\v4_workspace\ble_v0\platform\radio\rail_lib\autogen\librail_release\librail_efr32xg1_gcc_release.a(pa.o)
                0x00011604                PA_RunPeakDetectorHigh
 .text.PA_RunPeakDetectorLow
                0x00011650        0x2 C:\Users\Salva\SimplicityStudio\v4_workspace\ble_v0\platform\radio\rail_lib\autogen\librail_release\librail_efr32xg1_gcc_release.a(pa.o)
                0x00011650                PA_RunPeakDetectorLow
 *fill*         0x00011652        0x2 
 .text.PA_RunBatHigh
                0x00011654       0x2c C:\Users\Salva\SimplicityStudio\v4_workspace\ble_v0\platform\radio\rail_lib\autogen\librail_release\librail_efr32xg1_gcc_release.a(pa.o)
                0x00011654                PA_RunBatHigh
 .text.PA_GetRampTime
                0x00011680        0xc C:\Users\Salva\SimplicityStudio\v4_workspace\ble_v0\platform\radio\rail_lib\autogen\librail_release\librail_efr32xg1_gcc_release.a(pa.o)
                0x00011680                PA_GetRampTime
 .text.PA_ConfigRamp
                0x0001168c       0x20 C:\Users\Salva\SimplicityStudio\v4_workspace\ble_v0\platform\radio\rail_lib\autogen\librail_release\librail_efr32xg1_gcc_release.a(pa.o)
                0x0001168c                PA_ConfigRamp
 .text.PA_CalcRampTime
                0x000116ac       0x44 C:\Users\Salva\SimplicityStudio\v4_workspace\ble_v0\platform\radio\rail_lib\autogen\librail_release\librail_efr32xg1_gcc_release.a(pa.o)
                0x000116ac                PA_CalcRampTime
 .text.PA_SetRampTime
                0x000116f0       0xac C:\Users\Salva\SimplicityStudio\v4_workspace\ble_v0\platform\radio\rail_lib\autogen\librail_release\librail_efr32xg1_gcc_release.a(pa.o)
                0x000116f0                PA_SetRampTime
 .text.PA_SelectBand
                0x0001179c       0x50 C:\Users\Salva\SimplicityStudio\v4_workspace\ble_v0\platform\radio\rail_lib\autogen\librail_release\librail_efr32xg1_gcc_release.a(pa.o)
                0x0001179c                PA_SelectBand
 .text.PA_Config
                0x000117ec      0x15c C:\Users\Salva\SimplicityStudio\v4_workspace\ble_v0\platform\radio\rail_lib\autogen\librail_release\librail_efr32xg1_gcc_release.a(pa.o)
                0x000117ec                PA_Config
 .text.PA_UpdateConfig
                0x00011948       0x38 C:\Users\Salva\SimplicityStudio\v4_workspace\ble_v0\platform\radio\rail_lib\autogen\librail_release\librail_efr32xg1_gcc_release.a(pa.o)
                0x00011948                PA_UpdateConfig
 .text.PROTIMER_Init
                0x00011980      0x108 C:\Users\Salva\SimplicityStudio\v4_workspace\ble_v0\platform\radio\rail_lib\autogen\librail_release\librail_efr32xg1_gcc_release.a(protimer.o)
                0x00011980                PROTIMER_Init
 .text.PROTIMER_Start
                0x00011a88       0x1c C:\Users\Salva\SimplicityStudio\v4_workspace\ble_v0\platform\radio\rail_lib\autogen\librail_release\librail_efr32xg1_gcc_release.a(protimer.o)
                0x00011a88                PROTIMER_Start
 .text.PROTIMER_IsRunning
                0x00011aa4       0x10 C:\Users\Salva\SimplicityStudio\v4_workspace\ble_v0\platform\radio\rail_lib\autogen\librail_release\librail_efr32xg1_gcc_release.a(protimer.o)
                0x00011aa4                PROTIMER_IsRunning
 .text.PROTIMER_ElapsedTime
                0x00011ab4       0x18 C:\Users\Salva\SimplicityStudio\v4_workspace\ble_v0\platform\radio\rail_lib\autogen\librail_release\librail_efr32xg1_gcc_release.a(protimer.o)
                0x00011ab4                PROTIMER_ElapsedTime
 .text.PROTIMER_CCTimerStop
                0x00011acc       0x20 C:\Users\Salva\SimplicityStudio\v4_workspace\ble_v0\platform\radio\rail_lib\autogen\librail_release\librail_efr32xg1_gcc_release.a(protimer.o)
                0x00011acc                PROTIMER_CCTimerStop
 .text.PROTIMER_CCTimerStart
                0x00011aec      0x164 C:\Users\Salva\SimplicityStudio\v4_workspace\ble_v0\platform\radio\rail_lib\autogen\librail_release\librail_efr32xg1_gcc_release.a(protimer.o)
                0x00011aec                PROTIMER_CCTimerStart
 .text.PROTIMER_WrapMultiple
                0x00011c50       0x12 C:\Users\Salva\SimplicityStudio\v4_workspace\ble_v0\platform\radio\rail_lib\autogen\librail_release\librail_efr32xg1_gcc_release.a(protimer.o)
                0x00011c50                PROTIMER_WrapMultiple
 *fill*         0x00011c62        0x2 
 .text.PROTIMER_CCTimerIsEnabled
                0x00011c64       0x10 C:\Users\Salva\SimplicityStudio\v4_workspace\ble_v0\platform\radio\rail_lib\autogen\librail_release\librail_efr32xg1_gcc_release.a(protimer.o)
                0x00011c64                PROTIMER_CCTimerIsEnabled
 .text.PROTIMER_CCTimerCapture
                0x00011c74       0x14 C:\Users\Salva\SimplicityStudio\v4_workspace\ble_v0\platform\radio\rail_lib\autogen\librail_release\librail_efr32xg1_gcc_release.a(protimer.o)
                0x00011c74                PROTIMER_CCTimerCapture
 .text.PROTIMER_ScheduleTxEnable
                0x00011c88       0x2c C:\Users\Salva\SimplicityStudio\v4_workspace\ble_v0\platform\radio\rail_lib\autogen\librail_release\librail_efr32xg1_gcc_release.a(protimer.o)
                0x00011c88                PROTIMER_ScheduleTxEnable
 .text.PROTIMER_ClearTxEnable
                0x00011cb4        0xc C:\Users\Salva\SimplicityStudio\v4_workspace\ble_v0\platform\radio\rail_lib\autogen\librail_release\librail_efr32xg1_gcc_release.a(protimer.o)
                0x00011cb4                PROTIMER_ClearTxEnable
 .text.PROTIMER_ScheduleRxEnable
                0x00011cc0       0x2c C:\Users\Salva\SimplicityStudio\v4_workspace\ble_v0\platform\radio\rail_lib\autogen\librail_release\librail_efr32xg1_gcc_release.a(protimer.o)
                0x00011cc0                PROTIMER_ScheduleRxEnable
 .text.PROTIMER_ScheduleRxDisable
                0x00011cec       0x38 C:\Users\Salva\SimplicityStudio\v4_workspace\ble_v0\platform\radio\rail_lib\autogen\librail_release\librail_efr32xg1_gcc_release.a(protimer.o)
                0x00011cec                PROTIMER_ScheduleRxDisable
 .text.PROTIMER_ClearRxEnable
                0x00011d24       0x10 C:\Users\Salva\SimplicityStudio\v4_workspace\ble_v0\platform\radio\rail_lib\autogen\librail_release\librail_efr32xg1_gcc_release.a(protimer.o)
                0x00011d24                PROTIMER_ClearRxEnable
 .text.PROTIMER_GetTime
                0x00011d34        0xc C:\Users\Salva\SimplicityStudio\v4_workspace\ble_v0\platform\radio\rail_lib\autogen\librail_release\librail_efr32xg1_gcc_release.a(protimer.o)
                0x00011d34                PROTIMER_GetTime
 .text.PROTIMER_GetCCTime
                0x00011d40        0xc C:\Users\Salva\SimplicityStudio\v4_workspace\ble_v0\platform\radio\rail_lib\autogen\librail_release\librail_efr32xg1_gcc_release.a(protimer.o)
                0x00011d40                PROTIMER_GetCCTime
 .text.PROTIMER_LBTStop
                0x00011d4c       0x18 C:\Users\Salva\SimplicityStudio\v4_workspace\ble_v0\platform\radio\rail_lib\autogen\librail_release\librail_efr32xg1_gcc_release.a(protimer.o)
                0x00011d4c                PROTIMER_LBTStop
 .text.PROTIMER_PrecntOverflowToUs
                0x00011d64       0x38 C:\Users\Salva\SimplicityStudio\v4_workspace\ble_v0\platform\radio\rail_lib\autogen\librail_release\librail_efr32xg1_gcc_release.a(protimer.o)
                0x00011d64                PROTIMER_PrecntOverflowToUs
 .text.PROTIMER_UsToPrecntOverflow
                0x00011d9c       0x2c C:\Users\Salva\SimplicityStudio\v4_workspace\ble_v0\platform\radio\rail_lib\autogen\librail_release\librail_efr32xg1_gcc_release.a(protimer.o)
                0x00011d9c                PROTIMER_UsToPrecntOverflow
 .text.PROTIMER_DelayUs
                0x00011dc8       0x44 C:\Users\Salva\SimplicityStudio\v4_workspace\ble_v0\platform\radio\rail_lib\autogen\librail_release\librail_efr32xg1_gcc_release.a(protimer.o)
                0x00011dc8                PROTIMER_DelayUs
 .text.PROTIMER_CheckCcaReallyFailed
                0x00011e0c       0xbc C:\Users\Salva\SimplicityStudio\v4_workspace\ble_v0\platform\radio\rail_lib\autogen\librail_release\librail_efr32xg1_gcc_release.a(protimer.o)
                0x00011e0c                PROTIMER_CheckCcaReallyFailed
 .text.PTI_Config
                0x00011ec8       0xc8 C:\Users\Salva\SimplicityStudio\v4_workspace\ble_v0\platform\radio\rail_lib\autogen\librail_release\librail_efr32xg1_gcc_release.a(pti.o)
                0x00011ec8                PTI_Config
 .text.PTI_EnableAppendedInfo
                0x00011f90       0x18 C:\Users\Salva\SimplicityStudio\v4_workspace\ble_v0\platform\radio\rail_lib\autogen\librail_release\librail_efr32xg1_gcc_release.a(pti.o)
                0x00011f90                PTI_EnableAppendedInfo
 .text.PTI_Enable
                0x00011fa8       0x58 C:\Users\Salva\SimplicityStudio\v4_workspace\ble_v0\platform\radio\rail_lib\autogen\librail_release\librail_efr32xg1_gcc_release.a(pti.o)
                0x00011fa8                PTI_Enable
 .text.PTI_AuxdataOutput
                0x00012000       0x1c C:\Users\Salva\SimplicityStudio\v4_workspace\ble_v0\platform\radio\rail_lib\autogen\librail_release\librail_efr32xg1_gcc_release.a(pti.o)
                0x00012000                PTI_AuxdataOutput
 .text.PTI_EnableSyncword
                0x0001201c       0x18 C:\Users\Salva\SimplicityStudio\v4_workspace\ble_v0\platform\radio\rail_lib\autogen\librail_release\librail_efr32xg1_gcc_release.a(pti.o)
                0x0001201c                PTI_EnableSyncword
 .text.RADIO_SetAndForgetWrite
                0x00012034       0x8c C:\Users\Salva\SimplicityStudio\v4_workspace\ble_v0\platform\radio\rail_lib\autogen\librail_release\librail_efr32xg1_gcc_release.a(radio.o)
                0x00012034                RADIO_SetAndForgetWrite
 .text.RADIO_SeqInit
                0x000120c0       0x68 C:\Users\Salva\SimplicityStudio\v4_workspace\ble_v0\platform\radio\rail_lib\autogen\librail_release\librail_efr32xg1_gcc_release.a(radio.o)
                0x000120c0                RADIO_SeqInit
 .text.RADIO_CLKEnable
                0x00012128       0x68 C:\Users\Salva\SimplicityStudio\v4_workspace\ble_v0\platform\radio\rail_lib\autogen\librail_release\librail_efr32xg1_gcc_release.a(radio.o)
                0x00012128                RADIO_CLKEnable
 .text.RADIO_Init
                0x00012190       0x40 C:\Users\Salva\SimplicityStudio\v4_workspace\ble_v0\platform\radio\rail_lib\autogen\librail_release\librail_efr32xg1_gcc_release.a(radio.o)
                0x00012190                RADIO_Init
 .text.RADIO_Config
                0x000121d0       0xa8 C:\Users\Salva\SimplicityStudio\v4_workspace\ble_v0\platform\radio\rail_lib\autogen\librail_release\librail_efr32xg1_gcc_release.a(radio.o)
                0x000121d0                RADIO_Config
 .text.RADIO_IsRxOnForRssi
                0x00012278       0x18 C:\Users\Salva\SimplicityStudio\v4_workspace\ble_v0\platform\radio\rail_lib\autogen\librail_release\librail_efr32xg1_gcc_release.a(radio.o)
                0x00012278                RADIO_IsRxOnForRssi
 .text.RADIO_RxTrailDataLength
                0x00012290       0x3c C:\Users\Salva\SimplicityStudio\v4_workspace\ble_v0\platform\radio\rail_lib\autogen\librail_release\librail_efr32xg1_gcc_release.a(radio.o)
                0x00012290                RADIO_RxTrailDataLength
 .text.RADIO_FrameControlDescrBufferIdSet
                0x000122cc       0x20 C:\Users\Salva\SimplicityStudio\v4_workspace\ble_v0\platform\radio\rail_lib\autogen\librail_release\librail_efr32xg1_gcc_release.a(radio.o)
                0x000122cc                RADIO_FrameControlDescrBufferIdSet
 .text.RADIO_ComputeTxBaudrate
                0x000122ec       0x28 C:\Users\Salva\SimplicityStudio\v4_workspace\ble_v0\platform\radio\rail_lib\autogen\librail_release\librail_efr32xg1_gcc_release.a(radio.o)
                0x000122ec                RADIO_ComputeTxBaudrate
 .text.RADIO_ComputeTxSymbolRate
                0x00012314       0x2c C:\Users\Salva\SimplicityStudio\v4_workspace\ble_v0\platform\radio\rail_lib\autogen\librail_release\librail_efr32xg1_gcc_release.a(radio.o)
                0x00012314                RADIO_ComputeTxSymbolRate
 .text.RADIO_ComputeTxBitRate
                0x00012340       0x50 C:\Users\Salva\SimplicityStudio\v4_workspace\ble_v0\platform\radio\rail_lib\autogen\librail_release\librail_efr32xg1_gcc_release.a(radio.o)
                0x00012340                RADIO_ComputeTxBitRate
 .text.RADIO_GetRssi
                0x00012390       0x54 C:\Users\Salva\SimplicityStudio\v4_workspace\ble_v0\platform\radio\rail_lib\autogen\librail_release\librail_efr32xg1_gcc_release.a(radio.o)
                0x00012390                RADIO_GetRssi
 .text.RADIO_SetCRCInitVal
                0x000123e4       0x10 C:\Users\Salva\SimplicityStudio\v4_workspace\ble_v0\platform\radio\rail_lib\autogen\librail_release\librail_efr32xg1_gcc_release.a(radio.o)
                0x000123e4                RADIO_SetCRCInitVal
 .text.RADIO_RACClearRxOverflow
                0x000123f4       0x20 C:\Users\Salva\SimplicityStudio\v4_workspace\ble_v0\platform\radio\rail_lib\autogen\librail_release\librail_efr32xg1_gcc_release.a(radio.o)
                0x000123f4                RADIO_RACClearRxOverflow
 .text.RFSENSE_Disable
                0x00012414       0x44 C:\Users\Salva\SimplicityStudio\v4_workspace\ble_v0\platform\radio\rail_lib\autogen\librail_release\librail_efr32xg1_gcc_release.a(rfsense.o)
 .text.RFSENSE_Sensed
                0x00012458       0x50 C:\Users\Salva\SimplicityStudio\v4_workspace\ble_v0\platform\radio\rail_lib\autogen\librail_release\librail_efr32xg1_gcc_release.a(rfsense.o)
                0x00012458                RFSENSE_Sensed
 .text.RFSENSE_IRQHandler
                0x000124a8        0x4 C:\Users\Salva\SimplicityStudio\v4_workspace\ble_v0\platform\radio\rail_lib\autogen\librail_release\librail_efr32xg1_gcc_release.a(rfsense.o)
                0x000124a8                RFSENSE_IRQHandler
 .text.RTCCSYNC_RTCCClockFreqGet
                0x000124ac       0x30 C:\Users\Salva\SimplicityStudio\v4_workspace\ble_v0\platform\radio\rail_lib\autogen\librail_release\librail_efr32xg1_gcc_release.a(rtccsync.o)
 .text.RTCCSYNC_Init
                0x000124dc       0x10 C:\Users\Salva\SimplicityStudio\v4_workspace\ble_v0\platform\radio\rail_lib\autogen\librail_release\librail_efr32xg1_gcc_release.a(rtccsync.o)
                0x000124dc                RTCCSYNC_Init
 .text.RTCCSYNC_PreSleep
                0x000124ec      0x260 C:\Users\Salva\SimplicityStudio\v4_workspace\ble_v0\platform\radio\rail_lib\autogen\librail_release\librail_efr32xg1_gcc_release.a(rtccsync.o)
                0x000124ec                RTCCSYNC_PreSleep
 .text.RTCCSYNC_PostWakeUp
                0x0001274c      0x1c4 C:\Users\Salva\SimplicityStudio\v4_workspace\ble_v0\platform\radio\rail_lib\autogen\librail_release\librail_efr32xg1_gcc_release.a(rtccsync.o)
                0x0001274c                RTCCSYNC_PostWakeUp
 .text.SYNTH_RfFreqGet
                0x00012910        0xc C:\Users\Salva\SimplicityStudio\v4_workspace\ble_v0\platform\radio\rail_lib\autogen\librail_release\librail_efr32xg1_gcc_release.a(synth.o)
                0x00012910                SYNTH_RfFreqGet
 .text.SYNTH_ChSpacingGet
                0x0001291c        0xc C:\Users\Salva\SimplicityStudio\v4_workspace\ble_v0\platform\radio\rail_lib\autogen\librail_release\librail_efr32xg1_gcc_release.a(synth.o)
                0x0001291c                SYNTH_ChSpacingGet
 .text.SYNTH_LoDivGet
                0x00012928       0x20 C:\Users\Salva\SimplicityStudio\v4_workspace\ble_v0\platform\radio\rail_lib\autogen\librail_release\librail_efr32xg1_gcc_release.a(synth.o)
                0x00012928                SYNTH_LoDivGet
 .text.SYNTH_Is2p4GHz
                0x00012948       0x14 C:\Users\Salva\SimplicityStudio\v4_workspace\ble_v0\platform\radio\rail_lib\autogen\librail_release\librail_efr32xg1_gcc_release.a(synth.o)
                0x00012948                SYNTH_Is2p4GHz
 .text.SYNTH_VcoRangeIsValid
                0x0001295c       0x30 C:\Users\Salva\SimplicityStudio\v4_workspace\ble_v0\platform\radio\rail_lib\autogen\librail_release\librail_efr32xg1_gcc_release.a(synth.o)
                0x0001295c                SYNTH_VcoRangeIsValid
 .text.SYNTH_RetimeLimitsConfig
                0x0001298c       0x64 C:\Users\Salva\SimplicityStudio\v4_workspace\ble_v0\platform\radio\rail_lib\autogen\librail_release\librail_efr32xg1_gcc_release.a(synth.o)
                0x0001298c                SYNTH_RetimeLimitsConfig
 .text.SYNTH_RetimeClkConfig
                0x000129f0       0xb4 C:\Users\Salva\SimplicityStudio\v4_workspace\ble_v0\platform\radio\rail_lib\autogen\librail_release\librail_efr32xg1_gcc_release.a(synth.o)
                0x000129f0                SYNTH_RetimeClkConfig
 .text.SYNTH_Config
                0x00012aa4      0x108 C:\Users\Salva\SimplicityStudio\v4_workspace\ble_v0\platform\radio\rail_lib\autogen\librail_release\librail_efr32xg1_gcc_release.a(synth.o)
                0x00012aa4                SYNTH_Config
 .text.SYNTH_ChannelSet
                0x00012bac       0x40 C:\Users\Salva\SimplicityStudio\v4_workspace\ble_v0\platform\radio\rail_lib\autogen\librail_release\librail_efr32xg1_gcc_release.a(synth.o)
                0x00012bac                SYNTH_ChannelSet
 .text.SYNTH_DCDCRetimeClkSet
                0x00012bec       0x6c C:\Users\Salva\SimplicityStudio\v4_workspace\ble_v0\platform\radio\rail_lib\autogen\librail_release\librail_efr32xg1_gcc_release.a(synth.o)
                0x00012bec                SYNTH_DCDCRetimeClkSet
 .text.SYNTH_DCDCRetimeEnable
                0x00012c58       0x18 C:\Users\Salva\SimplicityStudio\v4_workspace\ble_v0\platform\radio\rail_lib\autogen\librail_release\librail_efr32xg1_gcc_release.a(synth.o)
                0x00012c58                SYNTH_DCDCRetimeEnable
 .text.SYNTH_DCDCRetimeDisable
                0x00012c70       0x18 C:\Users\Salva\SimplicityStudio\v4_workspace\ble_v0\platform\radio\rail_lib\autogen\librail_release\librail_efr32xg1_gcc_release.a(synth.o)
                0x00012c70                SYNTH_DCDCRetimeDisable
 .text.SYNTH_KvnFreqCompensationEnable
                0x00012c88        0xc C:\Users\Salva\SimplicityStudio\v4_workspace\ble_v0\platform\radio\rail_lib\autogen\librail_release\librail_efr32xg1_gcc_release.a(synth.o)
                0x00012c88                SYNTH_KvnFreqCompensationEnable
 .text.RADIOCMU_ClockEnable
                0x00012c94       0x40 C:\Users\Salva\SimplicityStudio\v4_workspace\ble_v0\platform\radio\rail_lib\autogen\librail_release\librail_efr32xg1_gcc_release.a(radio_cmu.o)
                0x00012c94                RADIOCMU_ClockEnable
 .text.RADIOCMU_ClockFreqGet
                0x00012cd4       0x88 C:\Users\Salva\SimplicityStudio\v4_workspace\ble_v0\platform\radio\rail_lib\autogen\librail_release\librail_efr32xg1_gcc_release.a(radio_cmu.o)
                0x00012cd4                RADIOCMU_ClockFreqGet
 .text.RADIOCMU_ClockPrescGet
                0x00012d5c       0x1c C:\Users\Salva\SimplicityStudio\v4_workspace\ble_v0\platform\radio\rail_lib\autogen\librail_release\librail_efr32xg1_gcc_release.a(radio_cmu.o)
                0x00012d5c                RADIOCMU_ClockPrescGet
 .text.TEMPCAL_Init
                0x00012d78       0x40 C:\Users\Salva\SimplicityStudio\v4_workspace\ble_v0\platform\radio\rail_lib\autogen\librail_release\librail_efr32xg1_gcc_release.a(tempcal.o)
                0x00012d78                TEMPCAL_Init
 .text.TIMING_PreambleSyncBits
                0x00012db8       0x2c C:\Users\Salva\SimplicityStudio\v4_workspace\ble_v0\platform\radio\rail_lib\autogen\librail_release\librail_efr32xg1_gcc_release.a(timings.o)
 .text.TIMING_CalcAdjustUs
                0x00012de4       0x28 C:\Users\Salva\SimplicityStudio\v4_workspace\ble_v0\platform\radio\rail_lib\autogen\librail_release\librail_efr32xg1_gcc_release.a(timings.o)
 .text.TIMING_SeqTimingInit
                0x00012e0c        0x2 C:\Users\Salva\SimplicityStudio\v4_workspace\ble_v0\platform\radio\rail_lib\autogen\librail_release\librail_efr32xg1_gcc_release.a(timings.o)
                0x00012e0c                TIMING_SeqTimingInit
 *fill*         0x00012e0e        0x2 
 .text.TIMING_NsToStimerTickCalcSigned
                0x00012e10       0x28 C:\Users\Salva\SimplicityStudio\v4_workspace\ble_v0\platform\radio\rail_lib\autogen\librail_release\librail_efr32xg1_gcc_release.a(timings.o)
                0x00012e10                TIMING_NsToStimerTickCalcSigned
 .text.TIMING_NsToStimerTickCalc
                0x00012e38        0xc C:\Users\Salva\SimplicityStudio\v4_workspace\ble_v0\platform\radio\rail_lib\autogen\librail_release\librail_efr32xg1_gcc_release.a(timings.o)
                0x00012e38                TIMING_NsToStimerTickCalc
 .text.TIMING_InitStimer
                0x00012e44       0x58 C:\Users\Salva\SimplicityStudio\v4_workspace\ble_v0\platform\radio\rail_lib\autogen\librail_release\librail_efr32xg1_gcc_release.a(timings.o)
                0x00012e44                TIMING_InitStimer
 .text.TIMING_TxWarmTimeRecalculate
                0x00012e9c       0x34 C:\Users\Salva\SimplicityStudio\v4_workspace\ble_v0\platform\radio\rail_lib\autogen\librail_release\librail_efr32xg1_gcc_release.a(timings.o)
                0x00012e9c                TIMING_TxWarmTimeRecalculate
 .text.TIMING_TxWarmTimeSet
                0x00012ed0       0x18 C:\Users\Salva\SimplicityStudio\v4_workspace\ble_v0\platform\radio\rail_lib\autogen\librail_release\librail_efr32xg1_gcc_release.a(timings.o)
                0x00012ed0                TIMING_TxWarmTimeSet
 .text.TIMING_RxToTxTimeRecalculate
                0x00012ee8       0x34 C:\Users\Salva\SimplicityStudio\v4_workspace\ble_v0\platform\radio\rail_lib\autogen\librail_release\librail_efr32xg1_gcc_release.a(timings.o)
                0x00012ee8                TIMING_RxToTxTimeRecalculate
 .text.TIMING_RxFrameToTxTimeRecalculate
                0x00012f1c       0x38 C:\Users\Salva\SimplicityStudio\v4_workspace\ble_v0\platform\radio\rail_lib\autogen\librail_release\librail_efr32xg1_gcc_release.a(timings.o)
                0x00012f1c                TIMING_RxFrameToTxTimeRecalculate
 .text.TIMING_RxFrameToTxTimeSet
                0x00012f54       0x18 C:\Users\Salva\SimplicityStudio\v4_workspace\ble_v0\platform\radio\rail_lib\autogen\librail_release\librail_efr32xg1_gcc_release.a(timings.o)
                0x00012f54                TIMING_RxFrameToTxTimeSet
 .text.TIMING_TxToTxTimeRecalculate
                0x00012f6c       0x24 C:\Users\Salva\SimplicityStudio\v4_workspace\ble_v0\platform\radio\rail_lib\autogen\librail_release\librail_efr32xg1_gcc_release.a(timings.o)
                0x00012f6c                TIMING_TxToTxTimeRecalculate
 .text.TIMING_TxToRxTimeRecalculate
                0x00012f90       0x24 C:\Users\Salva\SimplicityStudio\v4_workspace\ble_v0\platform\radio\rail_lib\autogen\librail_release\librail_efr32xg1_gcc_release.a(timings.o)
                0x00012f90                TIMING_TxToRxTimeRecalculate
 .text.TIMING_TxToRxTimeSet
                0x00012fb4       0x18 C:\Users\Salva\SimplicityStudio\v4_workspace\ble_v0\platform\radio\rail_lib\autogen\librail_release\librail_efr32xg1_gcc_release.a(timings.o)
                0x00012fb4                TIMING_TxToRxTimeSet
 .text.TIMING_RxWarmTimeRecalculate
                0x00012fcc       0x20 C:\Users\Salva\SimplicityStudio\v4_workspace\ble_v0\platform\radio\rail_lib\autogen\librail_release\librail_efr32xg1_gcc_release.a(timings.o)
                0x00012fcc                TIMING_RxWarmTimeRecalculate
 .text.TIMING_RxWarmTimeSet
                0x00012fec       0x18 C:\Users\Salva\SimplicityStudio\v4_workspace\ble_v0\platform\radio\rail_lib\autogen\librail_release\librail_efr32xg1_gcc_release.a(timings.o)
                0x00012fec                TIMING_RxWarmTimeSet
 .text.TIMING_RxSearchTimeRecalculate
                0x00013004       0x28 C:\Users\Salva\SimplicityStudio\v4_workspace\ble_v0\platform\radio\rail_lib\autogen\librail_release\librail_efr32xg1_gcc_release.a(timings.o)
                0x00013004                TIMING_RxSearchTimeRecalculate
 .text.TIMING_RxSearchTimeSet
                0x0001302c       0x10 C:\Users\Salva\SimplicityStudio\v4_workspace\ble_v0\platform\radio\rail_lib\autogen\librail_release\librail_efr32xg1_gcc_release.a(timings.o)
                0x0001302c                TIMING_RxSearchTimeSet
 .text.TIMING_TxToRxSearchTimeRecalculate
                0x0001303c       0x28 C:\Users\Salva\SimplicityStudio\v4_workspace\ble_v0\platform\radio\rail_lib\autogen\librail_release\librail_efr32xg1_gcc_release.a(timings.o)
                0x0001303c                TIMING_TxToRxSearchTimeRecalculate
 .text.TIMING_TxToRxSearchTimeSet
                0x00013064       0x10 C:\Users\Salva\SimplicityStudio\v4_workspace\ble_v0\platform\radio\rail_lib\autogen\librail_release\librail_efr32xg1_gcc_release.a(timings.o)
                0x00013064                TIMING_TxToRxSearchTimeSet
 .text.TIMING_RecalculateAll
                0x00013074       0x3a C:\Users\Salva\SimplicityStudio\v4_workspace\ble_v0\platform\radio\rail_lib\autogen\librail_release\librail_efr32xg1_gcc_release.a(timings.o)
                0x00013074                TIMING_RecalculateAll
 .text.TIMING_RecalculatePaRampChanged
                0x000130ae       0x22 C:\Users\Salva\SimplicityStudio\v4_workspace\ble_v0\platform\radio\rail_lib\autogen\librail_release\librail_efr32xg1_gcc_release.a(timings.o)
                0x000130ae                TIMING_RecalculatePaRampChanged
 .text.TIMING_SetChainDelays
                0x000130d0        0x8 C:\Users\Salva\SimplicityStudio\v4_workspace\ble_v0\platform\radio\rail_lib\autogen\librail_release\librail_efr32xg1_gcc_release.a(timings.o)
                0x000130d0                TIMING_SetChainDelays
 .text.TIMING_SetRxDoneDelay
                0x000130d8        0x6 C:\Users\Salva\SimplicityStudio\v4_workspace\ble_v0\platform\radio\rail_lib\autogen\librail_release\librail_efr32xg1_gcc_release.a(timings.o)
                0x000130d8                TIMING_SetRxDoneDelay
 .text.TIMING_CalcRxTimeStampUs
                0x000130de       0x7a C:\Users\Salva\SimplicityStudio\v4_workspace\ble_v0\platform\radio\rail_lib\autogen\librail_release\librail_efr32xg1_gcc_release.a(timings.o)
                0x000130de                TIMING_CalcRxTimeStampUs
 .text.RFRAND_GetRadioEntropy
                0x00013158       0xf0 C:\Users\Salva\SimplicityStudio\v4_workspace\ble_v0\platform\radio\rail_lib\autogen\librail_release\librail_efr32xg1_gcc_release.a(rf_rand.o)
                0x00013158                RFRAND_GetRadioEntropy
 .text.RFRAND_SeedProtimerRandom
                0x00013248       0x3c C:\Users\Salva\SimplicityStudio\v4_workspace\ble_v0\platform\radio\rail_lib\autogen\librail_release\librail_efr32xg1_gcc_release.a(rf_rand.o)
                0x00013248                RFRAND_SeedProtimerRandom
 .text.RAIL_GetTxPowerCurve
                0x00013284       0x14 C:\Users\Salva\SimplicityStudio\v4_workspace\ble_v0\platform\radio\rail_lib\autogen\librail_release\librail_efr32xg1_gcc_release.a(pa_conversions_efr32.o)
                0x00013284                RAIL_GetTxPowerCurve
 .text.RAIL_InitTxPowerCurves
                0x00013298       0x2c C:\Users\Salva\SimplicityStudio\v4_workspace\ble_v0\platform\radio\rail_lib\autogen\librail_release\librail_efr32xg1_gcc_release.a(pa_conversions_efr32.o)
                0x00013298                RAIL_InitTxPowerCurves
 .text.RAIL_ConvertDbmToRaw
                0x000132c4       0xe4 C:\Users\Salva\SimplicityStudio\v4_workspace\ble_v0\platform\radio\rail_lib\autogen\librail_release\librail_efr32xg1_gcc_release.a(pa_conversions_efr32.o)
                0x000132c4                RAIL_ConvertDbmToRaw
 .text.RAIL_ConvertRawToDbm
                0x000133a8       0xb4 C:\Users\Salva\SimplicityStudio\v4_workspace\ble_v0\platform\radio\rail_lib\autogen\librail_release\librail_efr32xg1_gcc_release.a(pa_conversions_efr32.o)
                0x000133a8                RAIL_ConvertRawToDbm
 .text.GENERIC_PHY_ConfigureRollbackReporting
                0x0001345c       0x64 C:\Users\Salva\SimplicityStudio\v4_workspace\ble_v0\platform\radio\rail_lib\autogen\librail_release\librail_efr32xg1_gcc_release.a(generic_phy.o)
 .text.GENERIC_PHY_ClearPendedRxWindowEnd
                0x000134c0       0x1c C:\Users\Salva\SimplicityStudio\v4_workspace\ble_v0\platform\radio\rail_lib\autogen\librail_release\librail_efr32xg1_gcc_release.a(generic_phy.o)
 .text.RADIO_RACRxAbort
                0x000134dc       0x3c C:\Users\Salva\SimplicityStudio\v4_workspace\ble_v0\platform\radio\rail_lib\autogen\librail_release\librail_efr32xg1_gcc_release.a(generic_phy.o)
 .text.GENERIC_PHY_RxOverflowHook
                0x00013518       0x34 C:\Users\Salva\SimplicityStudio\v4_workspace\ble_v0\platform\radio\rail_lib\autogen\librail_release\librail_efr32xg1_gcc_release.a(generic_phy.o)
 .text.GENERIC_PHY_DisableRadioIrqs
                0x0001354c       0x50 C:\Users\Salva\SimplicityStudio\v4_workspace\ble_v0\platform\radio\rail_lib\autogen\librail_release\librail_efr32xg1_gcc_release.a(generic_phy.o)
 .text.GENERIC_PHY_CheckPendedRxWindowEnd
                0x0001359c       0x3c C:\Users\Salva\SimplicityStudio\v4_workspace\ble_v0\platform\radio\rail_lib\autogen\librail_release\librail_efr32xg1_gcc_release.a(generic_phy.o)
 .text.GENERIC_PHY_ConfigureEvents
                0x000135d8      0x35c C:\Users\Salva\SimplicityStudio\v4_workspace\ble_v0\platform\radio\rail_lib\autogen\librail_release\librail_efr32xg1_gcc_release.a(generic_phy.o)
                0x000135d8                GENERIC_PHY_ConfigureEvents
 .text.GENERIC_PHY_PacketTxCommon
                0x00013934       0x3c C:\Users\Salva\SimplicityStudio\v4_workspace\ble_v0\platform\radio\rail_lib\autogen\librail_release\librail_efr32xg1_gcc_release.a(generic_phy.o)
                0x00013934                GENERIC_PHY_PacketTxCommon
 .text.GENERIC_PHY_PacketTx
                0x00013970       0x40 C:\Users\Salva\SimplicityStudio\v4_workspace\ble_v0\platform\radio\rail_lib\autogen\librail_release\librail_efr32xg1_gcc_release.a(generic_phy.o)
                0x00013970                GENERIC_PHY_PacketTx
 .text.GENERIC_PHY_SchedulePacketRx
                0x000139b0      0x10c C:\Users\Salva\SimplicityStudio\v4_workspace\ble_v0\platform\radio\rail_lib\autogen\librail_release\librail_efr32xg1_gcc_release.a(generic_phy.o)
                0x000139b0                GENERIC_PHY_SchedulePacketRx
 .text.GENERIC_PHY_SchedulePacketTx
                0x00013abc       0x7c C:\Users\Salva\SimplicityStudio\v4_workspace\ble_v0\platform\radio\rail_lib\autogen\librail_release\librail_efr32xg1_gcc_release.a(generic_phy.o)
                0x00013abc                GENERIC_PHY_SchedulePacketTx
 .text.GENERIC_PHY_ChannelSet
                0x00013b38        0x6 C:\Users\Salva\SimplicityStudio\v4_workspace\ble_v0\platform\radio\rail_lib\autogen\librail_release\librail_efr32xg1_gcc_release.a(generic_phy.o)
                0x00013b38                GENERIC_PHY_ChannelSet
 *fill*         0x00013b3e        0x2 
 .text.GENERIC_PHY_SeqAtomicLock
                0x00013b40       0x34 C:\Users\Salva\SimplicityStudio\v4_workspace\ble_v0\platform\radio\rail_lib\autogen\librail_release\librail_efr32xg1_gcc_release.a(generic_phy.o)
                0x00013b40                GENERIC_PHY_SeqAtomicLock
 .text.GENERIC_PHY_PreviousTxTime
                0x00013b74        0xc C:\Users\Salva\SimplicityStudio\v4_workspace\ble_v0\platform\radio\rail_lib\autogen\librail_release\librail_efr32xg1_gcc_release.a(generic_phy.o)
                0x00013b74                GENERIC_PHY_PreviousTxTime
 .text.GENERIC_PHY_RACConfig
                0x00013b80       0x40 C:\Users\Salva\SimplicityStudio\v4_workspace\ble_v0\platform\radio\rail_lib\autogen\librail_release\librail_efr32xg1_gcc_release.a(generic_phy.o)
                0x00013b80                GENERIC_PHY_RACConfig
 .text.GENERIC_PHY_ResetRxFifo
                0x00013bc0       0x30 C:\Users\Salva\SimplicityStudio\v4_workspace\ble_v0\platform\radio\rail_lib\autogen\librail_release\librail_efr32xg1_gcc_release.a(generic_phy.o)
                0x00013bc0                GENERIC_PHY_ResetRxFifo
 .text.GENERIC_PHY_RadioIdle
                0x00013bf0      0x138 C:\Users\Salva\SimplicityStudio\v4_workspace\ble_v0\platform\radio\rail_lib\autogen\librail_release\librail_efr32xg1_gcc_release.a(generic_phy.o)
                0x00013bf0                GENERIC_PHY_RadioIdle
 .text.FRC_IRQHandler
                0x00013d28      0x448 C:\Users\Salva\SimplicityStudio\v4_workspace\ble_v0\platform\radio\rail_lib\autogen\librail_release\librail_efr32xg1_gcc_release.a(generic_phy.o)
                0x00013d28                FRC_IRQHandler
 .text.FRC_PRI_IRQHandler
                0x00014170        0x4 C:\Users\Salva\SimplicityStudio\v4_workspace\ble_v0\platform\radio\rail_lib\autogen\librail_release\librail_efr32xg1_gcc_release.a(generic_phy.o)
                0x00014170                FRC_PRI_IRQHandler
 .text.BUFC_IRQHandler
                0x00014174        0x4 C:\Users\Salva\SimplicityStudio\v4_workspace\ble_v0\platform\radio\rail_lib\autogen\librail_release\librail_efr32xg1_gcc_release.a(generic_phy.o)
                0x00014174                BUFC_IRQHandler
 .text.PROTIMER_IRQHandler
                0x00014178        0x4 C:\Users\Salva\SimplicityStudio\v4_workspace\ble_v0\platform\radio\rail_lib\autogen\librail_release\librail_efr32xg1_gcc_release.a(generic_phy.o)
                0x00014178                PROTIMER_IRQHandler
 .text.RAC_SEQ_IRQHandler
                0x0001417c        0x4 C:\Users\Salva\SimplicityStudio\v4_workspace\ble_v0\platform\radio\rail_lib\autogen\librail_release\librail_efr32xg1_gcc_release.a(generic_phy.o)
                0x0001417c                RAC_SEQ_IRQHandler
 .text.RAILCb_RadioStateChanged
                0x00014180       0x14 C:\Users\Salva\SimplicityStudio\v4_workspace\ble_v0\platform\radio\rail_lib\autogen\librail_release\librail_efr32xg1_gcc_release.a(generic_phy.o)
                0x00014180                RAILCb_RadioStateChanged
 .text.RAC_RSM_IRQHandler
                0x00014194       0x48 C:\Users\Salva\SimplicityStudio\v4_workspace\ble_v0\platform\radio\rail_lib\autogen\librail_release\librail_efr32xg1_gcc_release.a(generic_phy.o)
                0x00014194                RAC_RSM_IRQHandler
 .text.MODEM_IRQHandler
                0x000141dc        0x4 C:\Users\Salva\SimplicityStudio\v4_workspace\ble_v0\platform\radio\rail_lib\autogen\librail_release\librail_efr32xg1_gcc_release.a(generic_phy.o)
                0x000141dc                MODEM_IRQHandler
 .text.AGC_IRQHandler
                0x000141e0       0x40 C:\Users\Salva\SimplicityStudio\v4_workspace\ble_v0\platform\radio\rail_lib\autogen\librail_release\librail_efr32xg1_gcc_release.a(generic_phy.o)
                0x000141e0                AGC_IRQHandler
 .text.SYNTH_IRQHandler
                0x00014220       0x10 C:\Users\Salva\SimplicityStudio\v4_workspace\ble_v0\platform\radio\rail_lib\autogen\librail_release\librail_efr32xg1_gcc_release.a(generic_phy.o)
                0x00014220                SYNTH_IRQHandler
 .text.GENERIC_PHY_SetFeatures
                0x00014230       0x28 C:\Users\Salva\SimplicityStudio\v4_workspace\ble_v0\platform\radio\rail_lib\autogen\librail_release\librail_efr32xg1_gcc_release.a(generic_phy.o)
                0x00014230                GENERIC_PHY_SetFeatures
 .text.GENERIC_PHY_IsFeatureEnabled
                0x00014258       0x14 C:\Users\Salva\SimplicityStudio\v4_workspace\ble_v0\platform\radio\rail_lib\autogen\librail_release\librail_efr32xg1_gcc_release.a(generic_phy.o)
                0x00014258                GENERIC_PHY_IsFeatureEnabled
 .text.GENERIC_PHY_ConfigureFrameType
                0x0001426c       0x70 C:\Users\Salva\SimplicityStudio\v4_workspace\ble_v0\platform\radio\rail_lib\autogen\librail_release\librail_efr32xg1_gcc_release.a(generic_phy.o)
                0x0001426c                GENERIC_PHY_ConfigureFrameType
 .text.GENERIC_PHY_ResetAddressFiltering
                0x000142dc       0x10 C:\Users\Salva\SimplicityStudio\v4_workspace\ble_v0\platform\radio\rail_lib\autogen\librail_release\librail_efr32xg1_gcc_release.a(generic_phy.o)
                0x000142dc                GENERIC_PHY_ResetAddressFiltering
 .text.GENERIC_PHY_Init
                0x000142ec       0x74 C:\Users\Salva\SimplicityStudio\v4_workspace\ble_v0\platform\radio\rail_lib\autogen\librail_release\librail_efr32xg1_gcc_release.a(generic_phy.o)
                0x000142ec                GENERIC_PHY_Init
 .text.GENERIC_PHY_IsEnabledIEEE802154
                0x00014360       0x10 C:\Users\Salva\SimplicityStudio\v4_workspace\ble_v0\platform\radio\rail_lib\autogen\librail_release\librail_efr32xg1_gcc_release.a(generic_phy.o)
                0x00014360                GENERIC_PHY_IsEnabledIEEE802154
 .text.GENERIC_PHY_TimerStart
                0x00014370        0xc C:\Users\Salva\SimplicityStudio\v4_workspace\ble_v0\platform\radio\rail_lib\autogen\librail_release\librail_efr32xg1_gcc_release.a(generic_phy.o)
                0x00014370                GENERIC_PHY_TimerStart
 .text.GENERIC_PHY_TimerStop
                0x0001437c        0x6 C:\Users\Salva\SimplicityStudio\v4_workspace\ble_v0\platform\radio\rail_lib\autogen\librail_release\librail_efr32xg1_gcc_release.a(generic_phy.o)
                0x0001437c                GENERIC_PHY_TimerStop
 .text.CORTEX_UTILS_BitsetLowestSetBit
                0x00014382       0x26 C:\Users\Salva\SimplicityStudio\v4_workspace\ble_v0\platform\radio\rail_lib\autogen\librail_release\librail_efr32xg1_gcc_release.a(cortex_utils.o)
                0x00014382                CORTEX_UTILS_BitsetLowestSetBit
 .text.register_message_handler
                0x000143a8        0xc C:\Users\Salva\SimplicityStudio\v4_workspace\ble_v0\protocol\bluetooth_2.7\lib\EFR32BG1B\GCC\libbluetooth.a(bgapi.c.obj)
                0x000143a8                register_message_handler
 .text.bgapi_gap_get_legacy_mode
                0x000143b4       0x10 C:\Users\Salva\SimplicityStudio\v4_workspace\ble_v0\protocol\bluetooth_2.7\lib\EFR32BG1B\GCC\libbluetooth.a(bgapi.c.obj)
                0x000143b4                bgapi_gap_get_legacy_mode
 .text.bgapi_gap_set_legacy_mode
                0x000143c4       0x1c C:\Users\Salva\SimplicityStudio\v4_workspace\ble_v0\protocol\bluetooth_2.7\lib\EFR32BG1B\GCC\libbluetooth.a(bgapi.c.obj)
                0x000143c4                bgapi_gap_set_legacy_mode
 .text.bgapi_ubt_listener
                0x000143e0      0x3e8 C:\Users\Salva\SimplicityStudio\v4_workspace\ble_v0\protocol\bluetooth_2.7\lib\EFR32BG1B\GCC\libbluetooth.a(bgapi.c.obj)
                0x000143e0                bgapi_ubt_listener
 .text.bgapi_init
                0x000147c8       0x10 C:\Users\Salva\SimplicityStudio\v4_workspace\ble_v0\protocol\bluetooth_2.7\lib\EFR32BG1B\GCC\libbluetooth.a(bgapi.c.obj)
                0x000147c8                bgapi_init
 .text.bgapi_buffer_init
                0x000147d8       0x30 C:\Users\Salva\SimplicityStudio\v4_workspace\ble_v0\protocol\bluetooth_2.7\lib\EFR32BG1B\GCC\libbluetooth.a(bgapi.c.obj)
                0x000147d8                bgapi_buffer_init
 .text.lib_endpoint_handler_init
                0x00014808        0x2 C:\Users\Salva\SimplicityStudio\v4_workspace\ble_v0\protocol\bluetooth_2.7\lib\EFR32BG1B\GCC\libbluetooth.a(bgapi_endpoint.c.obj)
                0x00014808                lib_endpoint_handler_init
 *fill*         0x0001480a        0x2 
 .text.sli_bt_cmd_endpoint_close
                0x0001480c       0x3c C:\Users\Salva\SimplicityStudio\v4_workspace\ble_v0\protocol\bluetooth_2.7\lib\EFR32BG1B\GCC\libbluetooth.a(bgapi_endpoint.c.obj)